▶ Playwright 크롤러 시작 · limit=1000 concurrency=3 dryRun=false
✓ 로그인
✓ 대상 706 건
✓ Chromium 실행
  [1/706] KBeautyStore Romania → office@kbeautystore.ro   3.0s/lead · found=1
  [2/706] Glow Secret → (none)   5.1s/lead · found=1
  [3/706] Kbeauty Maroc (kbeauty-maroc.com) → contact@kbeauty-maroc.com   4.0s/lead · found=2
  [4/706] KbeautyCafe Philippines (kbeautycafe.com → business@kbeautycafe.com.ph   3.2s/lead · found=3
  [5/706] Kawaii Beauty World → (none)   3.7s/lead · found=3
  [6/706] Kabuki Store (kabuki.pe) → contacto@kabuki.pe   4.1s/lead · found=4
  [7/706] Kara Store Cosmetics → info@karastorecosmetics.com   3.8s/lead · found=5
  [8/706] KBC (shopkbc.com) → (none)   4.7s/lead · found=5
  [9/706] K-Skin (k-skinhn.com) → (none)   4.7s/lead · found=5
  [10/706] k-beauty.lv → info@k-beauty.lv   4.2s/lead · found=6
  [11/706] K-lon skin bar → hola@kalonskinbar.com   4.0s/lead · found=7
  [12/706] KbeautySN → kbeauty.sn@gmail.com   3.8s/lead · found=8
  [13/706] K-Beauty Skin → sales@k-beautyskin.com   3.7s/lead · found=9
  [14/706] K-beauty.hr → (none)   3.5s/lead · found=9
  [15/706] K-Beauty South Africa (kbeauty.co.za) → hello@kbeauty.co.za   3.4s/lead · found=10
  [16/706] K-beauty Panama → corinaliz30@hotmail.com   3.2s/lead · found=11
  [17/706] K-Beauty Kenya → hello@kbeautykenya.com   3.4s/lead · found=12
  [18/706] K-Beauty MX (kbeautymx.com) → (none)   3.3s/lead · found=12
  [19/706] K-Beauty Brazil (kbeautybrazil.com) → atendimento@kbeautybrazil.com   3.2s/lead · found=13
  [20/706] K-Beauty Kuwait (k-beautykuwait.com) → (none)   3.2s/lead · found=13
  [21/706] K-Beauty House (k-beautyhouse.co.za) → info@k-beautyhouse.co.za   3.1s/lead · found=14
  [22/706] K-Beauty Arabia → hello@kbeautyarabia.com   3.0s/lead · found=15
  [23/706] K Beauty Supply Ghana → (none)   2.9s/lead · found=15
  [24/706] K-Beauty Africa → infos@kbeautyafrica.ci   2.8s/lead · found=16
  [25/706] K Beauty Corner → info@stagheaddesigns.com   2.8s/lead · found=17
  [26/706] K-Beauty Kingdom → (none)   2.7s/lead · found=17
  [27/706] JoahBox Maroc → bonjour@joahbox.com   2.7s/lead · found=18
  [28/706] Hortensia Uruguay → contacto@hortensia.com.uy   2.7s/lead · found=19
  [29/706] Jameela Mall → (none)   2.7s/lead · found=19
  [30/706] HERB.MD → info@herb.md   2.7s/lead · found=20
  [31/706] Guardian Health & Beauty Vietnam → (none)   2.6s/lead · found=20
  [32/706] GOODY-SHOP → info@goodyshop.online   2.6s/lead · found=21
  [33/706] Havona Beauty → havona.lk@gmail.com   2.6s/lead · found=22
  [34/706] Haru Skin → (none)   2.7s/lead · found=22
  [35/706] Grape Beauty Ecuador (thegrapebeauty.com → (none)   2.8s/lead · found=22
  [36/706] Glowsome Beauty → (none)   2.8s/lead · found=22
  [37/706] Figta Beauty → inquiry@figtabeauty.com   2.7s/lead · found=23
  [38/706] Faces (Faces.sa) → support@faces.com   2.7s/lead · found=24
  [39/706] Feel22 → (none)   3.0s/lead · found=24
  [40/706] Gangnamisle → support@gangnamisle.com   3.3s/lead · found=25
  ↺ 브라우저 재시작 (누적 40건 · 발견 25건)
  [41/706] epeul → info@epeul.com   3.2s/lead · found=26
  [42/706] Faceshine → info@faceshine.me   3.2s/lead · found=27
  [43/706] Dodoboutique → (none)   3.1s/lead · found=27
  [44/706] Elegant Store → info@elegantstoreeg.com   3.1s/lead · found=28
  [45/706] Dermalux CR → admin@dermaluxcr.com   3.0s/lead · found=29
  [46/706] Dream Skin Nepal → dreamskinnepal@gmail.com   3.0s/lead · found=30
  [47/706] elbeauty.gr → (none)   3.0s/lead · found=30
  [49/706] Dlux Professional → (none)   2.9s/lead · found=31
  [49/706] Deoset → deosetskincare@gmail.com   2.9s/lead · found=31
  [50/706] CosmoBest → mail@cosmobest.by   3.0s/lead · found=32
  [51/706] Care to Beauty Serbia → help@caretobeauty.com   3.1s/lead · found=33
  [52/706] CosmoStore Cambodia → advert@cosmostore.org   3.2s/lead · found=34
  [53/706] COCO KOREAN BEAUTY → (none)   3.2s/lead · found=34
  [54/706] Care to Beauty Azerbaijan → help@caretobeauty.com   3.3s/lead · found=35
  [55/706] Calyxta → info@calyxta.com   3.5s/lead · found=36
  [56/706] Better Skin Shop → info@betterskin.ge   3.5s/lead · found=37
  [57/706] Burmunk Perfumery Chain → info@vgngroup.am   3.6s/lead · found=38
  [58/706] BeautyOnTApp → (none)   3.7s/lead · found=38
  [59/706] Beautyholics → info@stagheaddesigns.com   3.7s/lead · found=39
  [60/706] Best (best.com.bo) → (none)   3.6s/lead · found=39
  [61/706] BeautyMNL → wecare@beautymnl.com   3.6s/lead · found=40
  [62/706] Beauty24 → info@beauty24.com.ar   3.6s/lead · found=41
  [63/706] Bloom Beauty Shop → (none)   3.5s/lead · found=41
  [64/706] Beauty Nepal (beautynpl.com) → youremail@mail.com   3.5s/lead · found=42
  [65/706] Beauty Care (beauty-care.ma) → contact@beauty-care.ma   3.5s/lead · found=43
  [66/706] Beauty Kart → (none)   3.5s/lead · found=43
  [67/706] Beauty Bar (Philippines) → custserv@beautybar.com.ph   3.5s/lead · found=44
  [68/706] Beauty Booth Qatar → (none)   3.5s/lead · found=44
  [69/706] Beauty Market Supply → info.mail@mail.com   3.5s/lead · found=45
  [71/706] Beauty Addicts Peru → info@stagheaddesigns.com   3.4s/lead · found=47
  [71/706] Beauty Bar Georgia → info@beautybar.ge   3.4s/lead · found=47
  [72/706] BAREDEW STUDIO → baredewstudio@gmail.com   3.4s/lead · found=48
  [73/706] Banglashoppers → (none)   3.3s/lead · found=48
  [74/706] Baki Beauty → (none)   3.3s/lead · found=48
  [75/706] Beauty & Me Myanmar → info@beautyandmemyanmar.com   3.2s/lead · found=49
  [76/706] Asian Shop → (none)   3.2s/lead · found=49
  [77/706] B Queen Shop → contact@bqueenshop.com   3.2s/lead · found=50
  [78/706] Baneskincare → contact@baneskincareshop.com   3.2s/lead · found=51
  [79/706] Allure Beauty Store → (none)   3.2s/lead · found=51
  [80/706] Areum CR → (none)   3.2s/lead · found=51
  ↺ 브라우저 재시작 (누적 80건 · 발견 51건)
  [81/706] AlMaqsad (Beit AlMaqsad) → info@beitalmaqsad.com   3.2s/lead · found=52
  [82/706] The Gioi Skin Food (Thế Giới Skinfood) → sales@thegioiskinfood.com   3.2s/lead · found=53
  [83/706] All About Skin Doha → (none)   3.2s/lead · found=53
  [84/706] BeautyGlance.pk → (none)   3.2s/lead · found=53
  [85/706] Soko Store → (none)   3.2s/lead · found=53
  [86/706] Somi Skincare → (none)   3.2s/lead · found=53
  [87/706] SY Enterprises Nepal → (none)   3.3s/lead · found=53
  [88/706] ZayaBilgee (Missha / CLIO Mongolia) → dev7561@gmail.com   3.2s/lead · found=54
  [89/706] SOKO INC. → info@sokoinc.com.uy   3.2s/lead · found=55
  [90/706] Soko Beauty House → tienda@sokobeautyhouse.com   3.2s/lead · found=56
  [91/706] RK Cosmetics → kzarselecthotel@gmail.com   3.2s/lead · found=57
  [92/706] Skintalk → (none)   3.2s/lead · found=57
  [93/706] Skin Bae → support@skinbae.in   3.2s/lead · found=58
  [94/706] Sammi Shop → cskh@sammishop.com   3.2s/lead · found=59
  [95/706] Skin Care BD → helloskincarebd@gmail.com   3.2s/lead · found=60
  [96/706] Official KBeauty / OKB (officialkbeauty. → wholesale@officialkbeauty.com   3.2s/lead · found=61
  [97/706] pH Cosmetic (ENKARU, phcosmetic.ge) → (none)   3.3s/lead · found=61
  [99/706] Naay → (none)   3.2s/lead · found=61
  [99/706] Sparcos → (none)   3.2s/lead · found=61
  [100/706] MySkin.md → info@myskin.md   3.2s/lead · found=62
  [101/706] MS Wholesale → sales@myskin.dk   3.3s/lead · found=63
  [102/706] SKIN TREATS → (none)   3.2s/lead · found=63
  [103/706] Mikrokosmos d.o.o. → info@mikrokosmos.hr   3.2s/lead · found=64
  [104/706] Miloon → (none)   3.2s/lead · found=64
  [105/706] My K Romania (my-k.ro) → contact@my-k.ro   3.2s/lead · found=65
  [106/706] LOVU Beauty Code → info.lovu@gmail.com   3.2s/lead · found=66
  [107/706] Medi Myanmar Group → contact@medimyanmar.com   3.2s/lead · found=67
  [108/706] Luxury Distribution (luxurydistribution. → (none)   3.2s/lead · found=67
  [109/706] Lila Beauty → hello@lilabeauty.com.au   3.2s/lead · found=68
  [110/706] Lady Bonita → info@ladybonita.co.nz   3.2s/lead · found=69
  [111/706] KPG Beauty → sales@kpgbeauty.com   3.2s/lead · found=70
  [112/706] LACOSME GROUP → (none)   3.1s/lead · found=70
  [113/706] MIIN Trade (miintrade.com) → sales@miin-cosmetics.com   3.1s/lead · found=71
  [114/706] koreancosmetics.eu → info@koreancosmetics.eu   3.1s/lead · found=72
  [115/706] Korean Skincare Pakistan (korean-skincar → support@koreanskincarepakistan.com   3.1s/lead · found=73
  [117/706] Koreana International → (none)   3.0s/lead · found=74
  [117/706] Korean Skincare Supply → info@koreanskincaresupply.com   3.0s/lead · found=74
  [118/706] Korean Skincare Arabia → support@koreanskincarearabia.com   3.0s/lead · found=75
  [120/706] Korean Cosmetics Bazar (KCB) → kcb.com.bd@gmail.com   3.0s/lead · found=77
  [120/706] Korean Cosmetics Wholesale (Canary Islan → hello@koreancosmeticwholesale.com   3.0s/lead · found=77
  ↺ 브라우저 재시작 (누적 120건 · 발견 77건)
  [121/706] Korean Glow Trading → glowhubtrading@gmail.com   3.0s/lead · found=78
  [122/706] Korea Cosmetics BN → koreacosmeticsbn@gmail.com   3.0s/lead · found=79
  [123/706] Korean Beauty (k-beauty.ro) → comenzi@k-beauty.ro   2.9s/lead · found=80
  [124/706] KOCO82 (Korean Code 82) → info@genhackmagazine.com   2.9s/lead · found=81
  [125/706] KoCos Bulgaria → sales@kocos.bg   2.9s/lead · found=82
  [126/706] KIS Beauty Store (Central Retail) → contact@central.co.th   2.9s/lead · found=83
  [127/706] KCWW (Korean Cosmetics Worldwide) → info@koreancosmeticsinlebanon.com   2.9s/lead · found=84
  [128/706] KC Bazar (Kcbazar Ltd.) → sayed7398@gmail.com   2.9s/lead · found=85
  [129/706] K-Young Thailand → kyoungthailand@gmail.com   2.9s/lead · found=86
  [130/706] KbeautyEC (kbeautyec.com) → hola@kbeautyec.com   2.9s/lead · found=87
  [131/706] Kahng (Aurore Bouteille - people-lead) → jubao@lingying.com   3.0s/lead · found=88
  [132/706] K-Beauty Mart (kbeauty-mart.com) → (none)   3.0s/lead · found=88
  [133/706] K-BeautyCI → support@k-beautyci.com   3.0s/lead · found=89
  [134/706] KGLOW (kglowpk.com) → (none)   3.0s/lead · found=89
  [135/706] Korean Care BD (kCareBD / kcarebd.com) → (none)   3.0s/lead · found=89
  [137/706] K-Beauty Latam → (none)   3.0s/lead · found=90
  [137/706] Home of Korean Beauty (HOK) → homeofkoreanbeautyng@gmail.com   3.0s/lead · found=90
  [138/706] iBeauty.md → info@ibeauty.md   3.0s/lead · found=91
  [139/706] HECA Corp (Herba Color) → info@herbacolor.com   3.0s/lead · found=92
  [140/706] JeeShop → (none)   3.0s/lead · found=92
  [141/706] Gangnam Beaute → contact@gangnambeaute.com   2.9s/lead · found=93
  [142/706] Glowy Skin Albania → (none)   3.0s/lead · found=93
  [143/706] Gather Group HK Ltd (CK Yip - people-lea → jubao@lingying.com   3.0s/lead · found=94
  [144/706] Festinus Beauty (Lily.hr) → info@festinus.hr   3.0s/lead · found=95
  [145/706] Fast Beauty Indonesia (Fast K. Beauty) → cs@fastkbeauty.com   3.0s/lead · found=96
  [146/706] ESLAB Global (eslabglobal.com) → eslabelsalvador@gmail.com   2.9s/lead · found=97
  [148/706] Ethel Distribution → sales@paulaschoice.kz   2.9s/lead · found=99
  [148/706] Ethel Distribution → sales@paulaschoice.kz   2.9s/lead · found=99
  [149/706] Emprende Coquetta → (none)   2.9s/lead · found=99
  [150/706] Eurokos Cosmetics → (none)   2.9s/lead · found=99
  [151/706] Dalink Vietnam → admin@dalinkvietnam.com   2.9s/lead · found=100
  [152/706] Divinas K-Beauty → ventas@divinaskb.com   2.9s/lead · found=101
  [153/706] Cosmetics From Korea Jumla → cosmeticsjumla@gmail.com   2.9s/lead · found=102
  [154/706] Cozmetica → (none)   2.9s/lead · found=102
  [155/706] Commalax PH (I-Jin International Inc.) → commalaxph@gmail.com   2.9s/lead · found=103
  [156/706] Fabella (Fabella Shop) → service-client@fabellashop.com   2.9s/lead · found=104
  [157/706] Cosmeticca → (none)   2.9s/lead · found=104
  [158/706] Cosibella Wholesale → contact@cosibella-wholesale.com   2.9s/lead · found=105
  [159/706] Celesta Korea → info@celestakorea.com   2.9s/lead · found=106
  [160/706] Brandworks Baltics OÜ → (none)   2.9s/lead · found=106
  ↺ 브라우저 재시작 (누적 160건 · 발견 106건)
  [161/706] Best Buy World Philippines → hello@bestbuyworld.ph   2.9s/lead · found=107
  [162/706] BuyBetter Nigeria → (none)   2.9s/lead · found=107
  [163/706] Beauty World Cambodia → support@beautyworld.com   2.9s/lead · found=108
  [164/706] Beautyko Import → hello@smuutiskin.com   2.9s/lead · found=109
  [165/706] Beauty Garden → info@beauty-garden.hr   2.9s/lead · found=110
  [166/706] Be Beauty Laos → vv_nono@yahoo.com   2.9s/lead · found=111
  [167/706] Baku Skin & Hair → info@almedbeauty.com   2.9s/lead · found=112
  [168/706] Beauty Station (beautystation.ma) → (none)   2.9s/lead · found=112
  [169/706] Ambiance Elements → sales@ambianceelements.com   2.9s/lead · found=113
  [170/706] Bellcos → bellcos@bellcos.com.bo   2.9s/lead · found=114
  [171/706] Adilsons Beauty → info@adilsons.org   2.9s/lead · found=115
  [172/706] 4 Seasons Beauty → contact@4seasonsbeauty.pl   2.9s/lead · found=116
  [174/706] ADHARA → (none)   2.9s/lead · found=117
  [174/706] 4her.lk → info@4her.lk   2.9s/lead · found=117
  [175/706] Beauty Bridge, Inc. → customercare@beautybridge.com   2.9s/lead · found=118
  [176/706] KÜTY → (none)   2.9s/lead · found=118
  [178/706] Aurora Estore → (none)   2.9s/lead · found=118
  [178/706] Vitapharm Beauty → (none)   2.9s/lead · found=118
  [179/706] YoungMi Store → ventas@youngmi.store   2.9s/lead · found=119
  [180/706] Univers Cosmetix (universcosmetix.com) → contact@universcosmetix.com   2.9s/lead · found=120
  [181/706] Sunshine → (none)   2.9s/lead · found=120
  [182/706] SoKoSkins → (none)   2.9s/lead · found=120
  [183/706] Simpli Cosmetics Kenya → hello@simplicosmetics.co.ke   2.9s/lead · found=121
  [184/706] Skinterest Store → infos@skintereststore.ma   2.9s/lead · found=122
  [185/706] SKINAVA → info@skinava.am   2.9s/lead · found=123
  [186/706] TSM (tsmpk.com) → info@tsmpk.com   2.9s/lead · found=124
  [187/706] Skinimo (skinimo.ge) → (none)   2.9s/lead · found=124
  [188/706] Pixie La Bella BD (pixielabellabanglades → customersupport@pixielabellabangladesh.com   2.9s/lead · found=125
  [189/706] Pleea Cosmetics → hola@pleeacosmetics.com   2.9s/lead · found=126
  [190/706] Seven Blossoms (sevenblossoms.co.za) → (none)   2.9s/lead · found=126
  [191/706] Oceanbuy Beauty → cs@oceanbuy.ca   2.9s/lead · found=127
  [192/706] Yeppeuda (yeppeuda.mk) → info@yeppeuda.mk   2.9s/lead · found=128
  [193/706] OOTD Beauty (LOOKS by Tops) → (none)   2.9s/lead · found=128
  [194/706] Sansa Cosmetics (sansacosmetics.com) → su-email@ejemplo.com   2.9s/lead · found=129
  [195/706] Noar (noar.rs) → info@noar.rs   2.9s/lead · found=130
  [196/706] O-Kare Shop (okareshop.com) → (none)   2.9s/lead · found=130
  [197/706] Oriental Beauty (orientalbeautyxo.com) → orientalbeautyxo@gmail.com   3.0s/lead · found=131
  [198/706] Nubian Beauty (nubianbeautyshop.com) → info@nubianbeautyshop.com   3.0s/lead · found=132
  [199/706] Nahdi Medical (Nahdi Online) → (none)   3.0s/lead · found=132
  [200/706] Numi (numi.rs) → support@numi.rs   3.0s/lead · found=133
  ↺ 브라우저 재시작 (누적 200건 · 발견 133건)
  [202/706] MyLabAfrica → customersupport@mylabafrica.com   3.0s/lead · found=135
  [202/706] MilyCR (milycr.com) → info@milycr.com   3.0s/lead · found=135
  [203/706] Mizuki (mizukimv.com) → (none)   3.0s/lead · found=135
  [204/706] Me Cosmetics Bahrain (mebeautycosmetics. → (none)   3.0s/lead · found=135
  [205/706] MadeInKorea.kz → (none)   3.0s/lead · found=135
  [206/706] Maissi Beauty Shop (maissibeautyshop.com → administracion@maissibeauty.shop   3.0s/lead · found=136
  [207/706] MakeUpHye → (none)   3.0s/lead · found=136
  [208/706] LabKo (labko.com.br) → atendimento@labko.com.br   3.0s/lead · found=137
  [209/706] Landing International → (none)   3.0s/lead · found=137
  [210/706] Koreshop (koreshop.com.tr) → (none)   3.0s/lead · found=137
  [211/706] koreancosmetic.gr → (none)   3.0s/lead · found=137
  [212/706] Korean Skincare in Muscat (@k_beauty_in_ → (none)   3.0s/lead · found=137
  [213/706] Korean Shop Bangladesh → koreanshopbangladesh@gmail.com   3.0s/lead · found=138
  [214/706] KoreanBeauty.ma → (none)   3.1s/lead · found=138
  [215/706] Korean World MN → dev7561@gmail.com   3.1s/lead · found=139
  [216/706] Korean Beauty Qatar (kbeauty.qa) → support@kbeauty.qa   3.1s/lead · found=140
  [217/706] LECO (leco.rs) → (none)   3.1s/lead · found=140
  [218/706] Korean Cosmetics PY (KOCO) → koreancosmeticspy@gmail.com   3.1s/lead · found=141
  [219/706] Korean Good (koreangood.tn) → contact@koreangood.tn   3.1s/lead · found=142
  [220/706] Korean Beauty on Indonesia → (none)   3.1s/lead · found=142
  [221/706] Korea.lt → (none)   3.1s/lead · found=142
  [222/706] Korean Cosmetics In Lebanon → (none)   3.1s/lead · found=142
  [223/706] Korean & Top Brands (korean-topbrands.co → (none)   3.1s/lead · found=142
  [224/706] Koreamour (koreamour.com) → info@koreamour.com   3.1s/lead · found=143
  [225/706] Koko Sarang (kokosarang.com) → contact@kokosarang.com   3.1s/lead · found=144
  [226/706] KNatural → (none)   3.1s/lead · found=144
  [227/706] Korean Beauty Jordan → dev7561@gmail.com   3.1s/lead · found=145
  [228/706] KODERMA (koderma.sk) → (none)   3.1s/lead · found=145
  [229/706] KOCOMETIC PK → (none)   3.1s/lead · found=145
  [230/706] KoCos Korean Cosmetics (kocos.ge) → (none)   3.2s/lead · found=145
  [231/706] Korean Beauty House Egypt → (none)   3.1s/lead · found=145
  [232/706] KbeautyCafe Philippines → business@kbeautycafe.com.ph   3.2s/lead · found=146
  [233/706] Kara Store Cosmetics (karastorecosmetics → info@karastorecosmetics.com   3.2s/lead · found=147
  [234/706] KOCO Korean Cosmetic → dev7561@gmail.com   3.2s/lead · found=148
  [235/706] KBEAUTY.LT → (none)   3.2s/lead · found=148
  [236/706] Kbeauty Kuwait (kbeautykw.com) → (none)   3.2s/lead · found=148
  [237/706] KbeautyCafe (kbeautycafe.com.ph) → business@kbeautycafe.com.ph   3.1s/lead · found=149
  [238/706] KIS Beauty Store (Central Group) → contact@central.co.th   3.1s/lead · found=150
  [239/706] K-magic (kmagic.sk) → info@kmagic.sk   3.1s/lead · found=151
  [240/706] Kiyomi (kiyomihomeperu.com) → (none)   3.2s/lead · found=151
  ↺ 브라우저 재시작 (누적 240건 · 발견 151건)
  [241/706] K-Beauty.rs (kbeauty.rs) → office@kbeauty.rs   3.2s/lead · found=152
  [242/706] Kanvas Beauty → hello@kanvasbeauty.com.au   3.2s/lead · found=153
  [243/706] K-lon Skin Bar → (none)   3.2s/lead · found=153
  [244/706] K Beauty SA (kbeauty.co.za) → hello@kbeauty.co.za   3.2s/lead · found=154
  [245/706] K Beauty Stop (kbeautystop.com) → bellezacoreanasrl@gmail.com   3.2s/lead · found=155
  [246/706] K-beauty Bahrain (@kbeauty.bh) → (none)   3.3s/lead · found=155
  [247/706] K Beauty Kenya (kbeautykenya.com) → hello@kbeautykenya.com   3.3s/lead · found=156
  [248/706] K-LAND (kland.com.tr) → (none)   3.3s/lead · found=156
  [249/706] K-Beauty Bar (k-beautybar.com.co) → (none)   3.3s/lead · found=156
  [250/706] Havenly Cosmetics (havenlycosmetics.com) → support@havenlycosmetics.com   3.3s/lead · found=157
  [251/706] Harumi Belleza Coreana → nada@harumiglobal.com   3.3s/lead · found=158
  [252/706] Home of Korean Beauty / HOK (homeofkorea → homeofkoreanbeautyng@gmail.com   3.3s/lead · found=159
  [253/706] Haru Skin (haruskincr.com) → (none)   3.3s/lead · found=159
  [254/706] K Beauty Ghana (@kbeautyghana) → (none)   3.3s/lead · found=159
  [255/706] Grande Korean Beauty (grandekoreanbeauty → info@mysite.com   3.3s/lead · found=160
  [256/706] Glowin (glowinbh.com) → glowin.bahrain@gmail.com   3.3s/lead · found=161
  [257/706] Freya Tunisie (freya.tn) → (none)   3.3s/lead · found=161
  [258/706] Harumi (harumiglobal.com) → nada@harumiglobal.com   3.2s/lead · found=162
  [259/706] Gabaón Cosméticos → comercial@gabaoncosmeticos.com   3.2s/lead · found=163
  [260/706] Centrepoint (Landmark Group) → (none)   3.2s/lead · found=163
  [261/706] Colorshow.pk → support@colorshow.pk   3.2s/lead · found=164
  [262/706] BQueenShop (bqueenshop.com) → contact@bqueenshop.com   3.2s/lead · found=165
  [263/706] BoShop → (none)   3.2s/lead · found=165
  [264/706] Binta Beauty → contact@bintabeauty.com   3.2s/lead · found=166
  [265/706] Beautizshop (beautizshop.com) → (none)   3.3s/lead · found=166
  [266/706] Beutista (beutista.com) → info@beutista.com   3.3s/lead · found=167
  [267/706] Fabella Shop (fabellashop.com) → service-client@fabellashop.com   3.3s/lead · found=168
  [268/706] Beauty Bar Philippines (beautybar.com.ph → custserv@beautybar.com.ph   3.3s/lead · found=169
  [269/706] Beauty Bar Philippines → custserv@beautybar.com.ph   3.3s/lead · found=170
  [270/706] Elinda Cosméticos (elindacosmeticos.com. → (none)   3.3s/lead · found=170
  [271/706] Be Beauty Costa Rica → info@bebeautycostarica.com   3.3s/lead · found=171
  [272/706] Bandari Beauty (bandaribeauty.com) → orders@bandaribeauty.com   3.3s/lead · found=172
  [273/706] Althea Philippines (ph.althea.kr) → help@althea.kr   3.3s/lead · found=173
  [274/706] Beautify Shop (beautifydz.com) → (none)   3.3s/lead · found=173
  [275/706] AsianBlossom (asianblossom.lt) → info@asianblossom.lt   3.3s/lead · found=174
  [276/706] All About Skin Doha (allaboutskindoha.co → (none)   3.3s/lead · found=174
  [277/706] Bella Corea (bellacorea.com.co) → (none)   3.3s/lead · found=174
  [278/706] 4her (4her.lk) → info@4her.lk   3.3s/lead · found=175
  [279/706] ALMAYE Beauty Parapharmacie → (none)   3.3s/lead · found=175
  [280/706] Al Mouyasser (almouyasser.com) → info@almouyasser.com   3.4s/lead · found=176
  ↺ 브라우저 재시작 (누적 280건 · 발견 176건)
  [281/706] YoungMi (youngmi.store) → ventas@youngmi.store   3.4s/lead · found=177
  [282/706] StyleKorean Arabia → info@stylekoreanarabia.com   3.4s/lead · found=178
  [283/706] Shop Korea Kenya → hello@shopkorea.co.ke   3.4s/lead · found=179
  [284/706] All About Skin Mauritius (@allaboutskin. → (none)   3.4s/lead · found=179
  [285/706] Run Rabbit (runrabbit.lk) → hello@runrabbit.lk   3.4s/lead · found=180
  [286/706] Secret Skin → info@secretskin.co.za   3.4s/lead · found=181
  [287/706] Qudo Beauty → info@qudo.ro   3.4s/lead · found=182
  [288/706] Pure Raum → hello@pureraum.com   3.4s/lead · found=183
  [289/706] Qudo Beauty (Qudo Korean Beauty Care SRL → info@qudo.ro   3.4s/lead · found=184
  [290/706] The Face Shop Oman → info@thefaceshop.om   3.4s/lead · found=185
  [291/706] ORION XO / Orion Inmotion Holding → contact@orionxoxo.lk   3.4s/lead · found=186
  [292/706] Peach'ly → peachlyonline@gmail.com   3.4s/lead · found=187
  [293/706] Pleea Cosmetics (pleeacosmetics.com) → hola@pleeacosmetics.com   3.4s/lead · found=188
  [294/706] My K Romania → contact@my-k.ro   3.4s/lead · found=189
  [295/706] Orion XO (Orion Inmotion Holding) → contact@orionbeauty.lk   3.4s/lead · found=190
  [296/706] Lenzer Trade OÜ (koreancosmetics.eu) → info@koreancosmetics.eu   3.4s/lead · found=191
  [297/706] My Asia A&K Beauty → wholesale@holika.pl   3.4s/lead · found=192
  [298/706] Makeup2Beauty → (none)   3.4s/lead · found=192
  [299/706] Lavuu Cosmetics (lavuucosmetics.com) → ventas@lavuucosmetics.com   3.4s/lead · found=193
  [300/706] Lakinza → hello@lakinza.ca   3.4s/lead · found=194
  [301/706] Pretty Me Philippines → (none)   3.4s/lead · found=194
  [302/706] Lam Thảo Cosmetics → cskh@lamthaocosmetic.vn   3.4s/lead · found=195
  [303/706] Korean Skincare Pakistan → support@koreanskincarepakistan.com   3.4s/lead · found=196
  [304/706] Korean Beauty Nigeria (KBN) → hello@kbeautynigeria.com   3.4s/lead · found=197
  [305/706] Korean Glam By Ameni → contact@korean-glam.tn   3.4s/lead · found=198
  [306/706] Korean Beauty Nigeria (KBN) → hello@kbeautynigeria.com   3.3s/lead · found=199
  [307/706] Kosmos Beauty Lab → (none)   3.3s/lead · found=199
  [308/706] Korean Beauty Emirates → (none)   3.3s/lead · found=199
  [309/706] KONA Biosciences (kona.ng) → info@kona.ng   3.3s/lead · found=200
  [310/706] Korean Cosmetics Georgia / KoCos (kocos_ → (none)   3.3s/lead · found=200
  [311/706] Korean Beauty Clinic and Care Pvt. Ltd. → rashmi10gurung@gmail.com   3.3s/lead · found=201
  [312/706] Korean Beauty House Erbil (kbeautyhouse. → (none)   3.3s/lead · found=201
  [313/706] Kallos Vietnam → kim@kallos.vn   3.3s/lead · found=202
  [314/706] K-Skin Honduras → (none)   3.4s/lead · found=202
  [315/706] K-Beauty Maroc → contact@kbeauty-maroc.com   3.3s/lead · found=203
  [316/706] KBeauty Wholesalers (East Africa) → (none)   3.3s/lead · found=203
  [318/706] K-Beauty House → info@k-beautyhouse.co.za   3.3s/lead · found=205
  [318/706] Justin Beauty (justinbeauty.com) → contact@justinbeauty.com   3.3s/lead · found=205
  [319/706] Koba International → support@kobainternational.com   3.3s/lead · found=206
  [320/706] ISEI (isei.pl) → sales@isei.pl   3.3s/lead · found=207
  ↺ 브라우저 재시작 (누적 320건 · 발견 207건)
update lead-1781224047184-112-cv0b4 failed: 500
  [323/706] GlowSecret → (none)   3.4s/lead · found=207
  [323/706] GlowSecret (glowsecret.co.ke) → (none)   3.4s/lead · found=207
  [323/706] GlowSecret → (none)   3.4s/lead · found=207
  [324/706] Dalink Vietnam (dalinkvietnam.com) → admin@dalinkvietnam.com   3.4s/lead · found=208
  [325/706] Fitlife Traders Pvt. Ltd. → info@fitlifetraders.com   3.4s/lead · found=209
  [326/706] COSE beauty retail (cose.mn) → info@cose.mn   3.4s/lead · found=210
  [327/706] Commalax (I-Jin International Inc.) → commalaxph@gmail.com   3.4s/lead · found=211
  [328/706] Divinas K-Beauty (Divinas Guatemala S.A. → ventas@divinaskb.com   3.4s/lead · found=212
  [329/706] Dalora (dalora.sk) → info@dalora.sk   3.4s/lead · found=213
  [330/706] 4 Seasons Beauty (4seasonsbeauty.pl) → contact@4seasonsbeauty.pl   3.4s/lead · found=214
  [331/706] Cosibella Wholesale → contact@cosibella-wholesale.com   3.4s/lead · found=215
  [332/706] Asian Beauty Trade → info@asianbeautytrade.com   3.4s/lead · found=216
  [333/706] Beauty Glance → (none)   3.4s/lead · found=216
  [334/706] Veli Store (veli.store) → info@veli.store   3.4s/lead · found=217
  [335/706] Skinum (skinum.ge) → info@skinum.ge   3.4s/lead · found=218
  [336/706] SUAMI Korean Beauty Shop → (none)   3.4s/lead · found=218
  [337/706] Essential E.Shop (essential_e.shop) → (none)   3.4s/lead · found=218
  [338/706] The Cosmetic Store NZ (thecosmeticstore. → info@thecosmeticstore.co.nz   3.4s/lead · found=219
  [339/706] Sumin K-Beauty Panama → (none)   3.4s/lead · found=219
  [340/706] BD Online Korean Cosmetic Shop → dev7561@gmail.com   3.4s/lead · found=220
  [341/706] Walmart de México y Centroamérica → (none)   3.4s/lead · found=220
  [342/706] Soko Beauty House (sokobeautyhouse.com) → tienda@sokobeautyhouse.com   3.4s/lead · found=221
  [343/706] WowSkin Romania → info@wowskin.ro   3.4s/lead · found=222
  [344/706] SoKoSkins (sokoskins.shop) → (none)   3.4s/lead · found=222
  [345/706] Zimolange (zimolange.com) → (none)   3.4s/lead · found=222
  [346/706] Soko Store (sokostore.com) → (none)   3.3s/lead · found=222
  [347/706] Skincare Zone Malta → support@webador.com   3.3s/lead · found=223
  [348/706] Simpli Cosmetics Kenya (simplicosmetics. → hello@simplicosmetics.co.ke   3.3s/lead · found=224
  [349/706] Skinelixir LB (skinelixirlb.com) → sales@skinelixirlb.com   3.3s/lead · found=225
  [350/706] Seoulmate Korean Beauty Store (Budapest) → support@wolt.com   3.3s/lead · found=226
  [351/706] Skin K Nepal (skinknepal.com) → mail@skinknepal.com   3.3s/lead · found=227
  [352/706] SkinLovers (skinlovers.sk) → info@skinlovers.sk   3.3s/lead · found=228
  [353/706] Skinum → info@skinum.ge   3.3s/lead · found=229
  [354/706] Sephora Romania (LVMH) → (none)   3.3s/lead · found=229
  [356/706] Sephora Poland (LVMH) → (none)   3.3s/lead · found=229
  [356/706] Sephora Mexico — K-beauty (skincare core → (none)   3.3s/lead · found=229
  [357/706] ONLY K Greece (onlykgreece.com) → onlyk.greece@gmail.com   3.3s/lead · found=230
  [358/706] Saks Fifth Avenue → (none)   3.3s/lead · found=230
  [359/706] Skincare.ge → (none)   3.3s/lead · found=230
  [360/706] OVS S.p.A. (OVS Beauty) → (none)   3.3s/lead · found=230
  ↺ 브라우저 재시작 (누적 360건 · 발견 230건)
  [361/706] Quadis (quadis.mu) → info@stagheaddesigns.com   3.3s/lead · found=231
  [362/706] Peacock.lk → info@peacock.lk   3.3s/lead · found=232
  [363/706] Olpeo (olpeo.mk) → info@olpeo.mk   3.3s/lead · found=233
  [364/706] Paradiso Cosmetics (inspiredbyparadiso.c → info@inspiredbyparadiso.com   3.3s/lead · found=234
  [365/706] Montesense (montesense.me) → shop@montesense.me   3.3s/lead · found=235
  [366/706] OOTD Beauty (Tops LOOKS Bangkok) → (none)   3.3s/lead · found=235
  [367/706] Moonglow (moonglow.md) → pr@moonglow.md   3.3s/lead · found=236
  [368/706] MySkinBar (myskinbar.cy) → sales@myskinbar.cy   3.3s/lead · found=237
  [369/706] Nice One Beauty (Nice One KSA) → info@niceonesa.com   3.3s/lead · found=238
  [370/706] Nayda KBeauty → (none)   3.3s/lead · found=238
  [371/706] Nordstrom — Korean Beauty → (none)   3.3s/lead · found=238
  [372/706] Meliora Beauty Shop (meliorabeautyshop.e → (none)   3.3s/lead · found=238
  [373/706] Miu K Beauty (miu.pe) → contacto@miu.pe   3.3s/lead · found=239
  [374/706] Mimimi.KG → (none)   3.3s/lead · found=239
  [375/706] London Drugs (Western Canada) → (none)   3.3s/lead · found=239
  [376/706] Macy's — K-Beauty category → (none)   3.3s/lead · found=239
  [377/706] LUNO (luno.ao) → apoio@luno.ao   3.3s/lead · found=240
  [378/706] LUNA Beauty (lunabeauty.am) → helloluna.am@gmail.com   3.3s/lead · found=241
  [379/706] LUNA Beauty → helloluna.am@gmail.com   3.3s/lead · found=242
  [380/706] Luxury Beauty ZM → hello@luxurybeautyzm.com   3.3s/lead · found=243
  [381/706] LOVU Beauty Code (lovu.md) → info.lovu@gmail.com   3.3s/lead · found=244
  [382/706] Kutie Beauty Mexico (kbeautymexico.com) → (none)   3.3s/lead · found=244
  [383/706] Ksisters Hungary (ksisters.hu) → (none)   3.3s/lead · found=244
  [384/706] Korean Shop Monte (en.koreanshopmonte.co → (none)   3.3s/lead · found=244
  [385/706] Mimi K-Beauty (IMI Beauty) — Mall of San → (none)   3.3s/lead · found=244
  [386/706] Korean Megastore Belle (kmbelle.com) → (none)   3.3s/lead · found=244
  [387/706] Ksisters (ksisters.lv) → (none)   3.3s/lead · found=244
  [388/706] Kskin Cosmeceuticals (kskin.ie) → nina@kskin.ie   3.3s/lead · found=245
  [389/706] Kosmetics CR (kosmeticscr.com) → (none)   3.3s/lead · found=245
  [390/706] Korean Colors México → (none)   3.3s/lead · found=245
  [392/706] Korean Cosmetics Belarus (@korean.cosmet → (none)   3.3s/lead · found=246
  [392/706] Korean Beauty Shop in Baku → koreanbeautyinbaku@gmail.com   3.3s/lead · found=246
  [393/706] Korean Beauty Concept (koreanbeautyconce → conceptkoreanbeauty@gmail.com   3.3s/lead · found=247
  [394/706] Korean Beauty Algeria (koreanbeautydz.co → (none)   3.3s/lead · found=247
  [395/706] KCO House → love@kcohouse.com   3.3s/lead · found=248
  [396/706] Korean Beauty Store ZW (@kbeauty.zw) → (none)   3.3s/lead · found=248
  [397/706] Klassy (klassy.com.bd) → hello@klassy.com.bd   3.3s/lead · found=249
  [398/706] Koko Sarang → contact@kokosarang.com   3.3s/lead · found=250
  [399/706] Korean Beauty House Erbil (@kbeautyhouse → (none)   3.3s/lead · found=250
  [400/706] KbeautySN (kbeauty-sn.com) → kbeauty.sn@gmail.com   3.3s/lead · found=251
  ↺ 브라우저 재시작 (누적 400건 · 발견 251건)
  [401/706] Kore Beauty Shop (korebeauty.shop) → (none)   3.3s/lead · found=251
  [402/706] KKShop (kkshop.cc) → help@kkshop.cc   3.3s/lead · found=252
  [403/706] Kool Seoul (koolseoul.com) → (none)   3.3s/lead · found=252
  [404/706] K Market TZ (kmarkettz.com) → info@solunala.com   3.3s/lead · found=253
  [405/706] Korean Beauty House Erbil (@kbeautyhouse → (none)   3.3s/lead · found=253
  [406/706] KBeauty Guatemala (kbeautyGT) → info.kbeautygt@gmail.com   3.3s/lead · found=254
  [407/706] K-Beauty SV (k-beauty-sv.com) → (none)   3.3s/lead · found=254
  [408/706] Kawaii Beauty World (kawaiibeautyworld.c → (none)   3.3s/lead · found=254
  [409/706] K-Beauty Kenya (kbeautykenya.com) → hello@kbeautykenya.com   3.3s/lead · found=255
  [410/706] Kawaii Beauty World (kawaiibeautyworld.c → (none)   3.3s/lead · found=255
  [411/706] K-BEAUTY AFRICA → infos@kbeautyafrica.ci   3.3s/lead · found=256
  [412/706] K-Beauty Iraq Baghdad → dev7561@gmail.com   3.3s/lead · found=257
  [413/706] Holt Renfrew — K-Beauty → (none)   3.3s/lead · found=257
  [414/706] House of Korean Skincare SU → houseofkoreanskincare.su@gmail.com   3.3s/lead · found=258
  [415/706] K Beauty Supply Ghana (kbeautysupplygh.c → (none)   3.3s/lead · found=258
  [416/706] K-Farma (kfarma.al) → (none)   3.3s/lead · found=258
  [417/706] Jameela Mall (Korean Beauty Exclusively) → (none)   3.3s/lead · found=258
  [418/706] K Beauty Nepal (kbeautynp.com) → (none)   3.3s/lead · found=258
  [419/706] JAVIN Cambodia (@javincambodia) → (none)   3.3s/lead · found=258
  [420/706] ISKorea (iskorea Reykjavik) → (none)   3.3s/lead · found=258
  [421/706] ePharmacy Nepal (epharmacy.com.np) → (none)   3.3s/lead · found=258
  [422/706] Ipsy (BFA Industries) → (none)   3.3s/lead · found=258
  [423/706] Glo Arabia (Qatar) → easytoshope1@gmail.com   3.3s/lead · found=259
  [424/706] HIKOCO (hikoco.co.nz) → info@hikoco.co.nz   3.3s/lead · found=260
  [425/706] Farmacias del Ahorro → (none)   3.3s/lead · found=260
  [426/706] Honeysu (honeysu.be) → (none)   3.3s/lead · found=260
  [427/706] Faceshine (faceshine.me) → info@faceshine.me   3.3s/lead · found=261
  [428/706] H Mart (Hanahreum Group) → (none)   3.3s/lead · found=261
  [429/706] Havona Beauty (havona.lk) → havona.lk@gmail.com   3.4s/lead · found=262
  [430/706] Gangnamisle (gangnamisle.com) → support@gangnamisle.com   3.4s/lead · found=263
  [431/706] Glow Time (glowtime.mu) → hello@glowtime.mu   3.4s/lead · found=264
  [432/706] CosmoStore Mongolia (mn.cosmostore.org) → advert@cosmostore.org   3.4s/lead · found=265
  [433/706] Costco Wholesale Mexico — K-Beauty → (none)   3.4s/lead · found=265
  [434/706] Credo Beauty → (none)   3.4s/lead · found=265
  [435/706] Dermstore (now incorporates SkinStore) → (none)   3.5s/lead · found=265
  [436/706] Cosmobest (cosmobest.by) → mail@cosmobest.by   3.5s/lead · found=266
  [437/706] EOS K Beauty Shop (eosmm.com) → (none)   3.4s/lead · found=266
  [438/706] Epeul (Korean Cosmetics by epeul) → info@epeul.com   3.4s/lead · found=267
  [439/706] CosmoStore Iran (ir.cosmostore.org) → advert@cosmostore.org   3.5s/lead · found=268
  [440/706] CosmoStore Tajikistan (tj.cosmostore.org → advert@cosmostore.org   3.5s/lead · found=269
  ↺ 브라우저 재시작 (누적 440건 · 발견 269건)
  [441/706] Dream Skin Nepal (dreamskinnepal.com) → dreamskinnepal@gmail.com   3.5s/lead · found=270
  [442/706] Care to Beauty Kazakhstan → (none)   3.5s/lead · found=270
  [443/706] CosmoStore Mongolia → advert@cosmostore.org   3.5s/lead · found=271
  [444/706] Dhifaf Baghdad Cosmetics Center → (none)   3.5s/lead · found=271
  [445/706] Blush Me → (none)   3.5s/lead · found=271
  [446/706] Bluemercury (Macy's, Inc.) → (none)   3.5s/lead · found=271
  [447/706] Boots Ireland (Walgreens Boots Alliance) → (none)   3.5s/lead · found=271
  [448/706] Bebyhada (bebyhada.co.nz) → contact@bebyhada.co.nz   3.5s/lead · found=272
  [449/706] COSE Beauty Retail (Ulaanbaatar) → info@cose.mn   3.5s/lead · found=273
  [450/706] Cosmetics.lk → sales@cosmetics.lk   3.5s/lead · found=274
  [451/706] Bloom Beauty Shop (bloombeauty.uz) → (none)   3.5s/lead · found=274
  [452/706] Bloomingdale's (Macy's, Inc.) → (none)   3.5s/lead · found=274
  [453/706] Chok Chok Beauty → (none)   3.5s/lead · found=274
  [454/706] Better Skin Shop (betterskin.ge) → info@betterskin.ge   3.5s/lead · found=275
  [455/706] BeautyOn82 (beautyon82.com) → contact@beautyon82.com   3.5s/lead · found=276
  [456/706] BeautyMarked Ghana → (none)   3.5s/lead · found=276
  [457/706] Bici Cosmetic → dev7561@gmail.com   3.5s/lead · found=277
  [458/706] Asia's Lovers (asialovershn.com) → back-in-stock@notifyboost.net   3.5s/lead · found=278
  [459/706] ARC Store (arcstore.co.za) → (none)   3.5s/lead · found=278
  [460/706] Beauty Kart (beautykarttt.myshopify.com) → (none)   3.5s/lead · found=278
  [461/706] Beauty Bar (beautybar.ge) → info@beautybar.ge   3.5s/lead · found=279
  [462/706] Bandari Beauty → orders@bandaribeauty.com   3.5s/lead · found=280
  [463/706] Beauty Elixir (beautyelixir.shop) → (none)   3.5s/lead · found=280
  [464/706] Audere Beauté (auderebeaute.com) → info@auderebeaute.com   3.5s/lead · found=281
  [465/706] Baki Beauty (baki.co.ke) → (none)   3.5s/lead · found=281
  [466/706] TheSkinFit (theskinfit.com) → (none)   3.5s/lead · found=281
  [467/706] Beauté Magasin → (none)   3.5s/lead · found=281
  [468/706] 7SKIN (7skin.lv) → info@7skin.lv   3.5s/lead · found=282
  [469/706] Adilsons Beauty (adilsons.mu) → (none)   3.5s/lead · found=282
  [470/706] 28GLOW (28glow.is) → info@28glow.is   3.5s/lead · found=283
  [471/706] AlMaqsad (beitalmaqsad.com) → info@beitalmaqsad.com   3.5s/lead · found=284
  [472/706] HSC Co., Ltd (TheFaceShop Cambodia exclu → (none)   3.5s/lead · found=284
  [473/706] AnkoreanStore (ankoreanstore.com) → (none)   3.5s/lead · found=284
  [474/706] Q-Depot → (none)   3.5s/lead · found=284
  [475/706] YesStyle (Anua / Beauty of Joseon author → privacy@yesstyle.com   3.5s/lead · found=285
  [476/706] Skinaholics.mk → (none)   3.6s/lead · found=285
  [477/706] Al Mouyasser (Fattal Group) → info@almouyasser.com   3.6s/lead · found=286
  [478/706] Al Mouyasser → info@almouyasser.com   3.6s/lead · found=287
  [479/706] Skinaholics.mk → (none)   3.6s/lead · found=287
  [480/706] Skin Treats (skintreatsmv.com) → (none)   3.6s/lead · found=287
  ↺ 브라우저 재시작 (누적 480건 · 발견 287건)
  [481/706] SY Enterprises (syenterprisesnepal.com) → (none)   3.6s/lead · found=287
  [482/706] Sabex d.o.o. → (none)   3.6s/lead · found=287
  [483/706] Skin Bae (skinbae.in) → support@skinbae.in   3.6s/lead · found=288
  [484/706] Shwe Pyi Nann Group → spmh08@gmail.com   3.6s/lead · found=289
  [485/706] SIMKA GROUP (simkagroup.lt) → simas@simkagroup.lt   3.6s/lead · found=290
  [486/706] Seoul of Tokyo (seouloftokyo.co.za) → seouloftokyosa@gmail.com   3.6s/lead · found=291
  [487/706] STYLEVANA (Anua authorized retailer) → marketing@stylevana.com   3.6s/lead · found=292
  [488/706] RunRabbit → hello@runrabbit.lk   3.6s/lead · found=293
  [489/706] Skin Care BD (Skincarebd.com) → helloskincarebd@gmail.com   3.6s/lead · found=294
  [490/706] Princess Cosmetics Qatar (formerly Dobee → princesscosmeticsqatar@gmail.com   3.6s/lead · found=295
  [491/706] Pharmacoo Wholesale → info@pharmacoo.com.au   3.6s/lead · found=296
  [492/706] Peach'ly (peachlyonline.com) → peachlyonline@gmail.com   3.6s/lead · found=297
  [493/706] Qudo Beauty (qudobeauty.com) → info@qudo.ro   3.6s/lead · found=298
  [494/706] RK Cosmetics (rkcosmetic.in) → kzarselecthotel@gmail.com   3.6s/lead · found=299
  [496/706] ORION XO Exclusive (Orion Inmotion Holdi → contact@orionxoxo.lk   3.6s/lead · found=301
  [496/706] Pibukor → info@pibukor.com   3.6s/lead · found=301
  [497/706] Orion Beauty (orionbeauty.lk) → contact@orionbeauty.lk   3.6s/lead · found=302
  [498/706] NIASHA (niasha.ch) → info@niasha.ch   3.6s/lead · found=303
  [499/706] Nuty Cosmetics → nutycosmetics@gmail.com   3.6s/lead · found=304
  [500/706] Luxe KBeauty International (lkbeautyintl → (none)   3.6s/lead · found=304
  [501/706] MY Lab Africa (mylabafrica.com) → customersupport@mylabafrica.com   3.6s/lead · found=305
  [502/706] NaayIraq → (none)   3.6s/lead · found=305
  [503/706] Naay (naayiq.com / Blacktech LLC) → (none)   3.6s/lead · found=305
  [504/706] ORION XO (Orion Inmotion Holding) → contact@orionxoxo.lk   3.6s/lead · found=306
  [505/706] MY-KARE (my-kare.com) → sales@my-kare.com   3.5s/lead · found=307
  [506/706] MY Lab Africa (mylabafrica.com) → customersupport@mylabafrica.com   3.5s/lead · found=308
  [507/706] MY Lab Africa → customersupport@mylabafrica.com   3.5s/lead · found=309
  [508/706] Myriad Beauty Qatar → (none)   3.5s/lead · found=309
  [509/706] KoreaShop.sk → b2b@koreashop.hu   3.5s/lead · found=310
  [510/706] KPG Beauty (kpgbeauty.com) → sales@kpgbeauty.com   3.5s/lead · found=311
  [511/706] Kosmos Beauty Lab → hello@kosmosbeauty.com   3.5s/lead · found=312
  [513/706] Korean Skin Bahrain → koreanskin.bh@yahoo.com   3.5s/lead · found=313
  [513/706] KUTY México (Belleza Coreana) → (none)   3.5s/lead · found=313
  [514/706] Laura Rosse (Korea.com.bo) → cosmetin_park@hotmail.com   3.5s/lead · found=314
  [515/706] Koreana International (koreanainternatio → (none)   3.5s/lead · found=314
  [516/706] Korean Beauty Point (koreanbeautypoint.c → sales@koreanbeautypoint.com   3.5s/lead · found=315
  [517/706] Kukalemon → (none)   3.5s/lead · found=315
  [518/706] Korean Beauty Albania (KBA) → email@juaj.al   3.5s/lead · found=316
  [519/706] Korean Shop Serbia (koreanshopserbia.com → (none)   3.5s/lead · found=316
  [520/706] Korea Cosmetics BN (koreacosmeticsbn.com → (none)   3.5s/lead · found=316
  ↺ 브라우저 재시작 (누적 520건 · 발견 316건)
  [522/706] Kool Seoul → (none)   3.5s/lead · found=316
  [522/706] Kool Seoul (koolseoul.com) → (none)   3.5s/lead · found=316
  [523/706] KONA Biosciences → info@kona.ng   3.5s/lead · found=317
  [524/706] KoCos Bulgaria Ltd. (kocos.bg) → sales@kocos.bg   3.5s/lead · found=318
  [525/706] KONA Bioscience (kona.ng) → info@kona.ng   3.5s/lead · found=319
  [526/706] KBeauty MX (kbeautymx.com) → (none)   3.5s/lead · found=319
  [527/706] KOCOS Bulgaria → sales@kocos.bg   3.5s/lead · found=320
  [528/706] Just Cosmetics Cyprus (justcosmetics.cy) → justcosmeticscy@gmail.com   3.5s/lead · found=321
  [529/706] Korean Cosmetics Corner → (none)   3.5s/lead · found=321
  [530/706] K-Beauty Norge AS → jubao@lingying.com   3.5s/lead · found=322
  [531/706] K-Beauty Bangladesh (kbeautybangladesh.c → k-beautybangladesh@gmail.com   3.5s/lead · found=323
  [532/706] KC Bazar (Korean Cosmetics Bazar) → sayed7398@gmail.com   3.5s/lead · found=324
  [533/706] GRLFRND Shop (grlfrndshop.com) → officialgrlfrnd@hotmail.com   3.5s/lead · found=325
  [534/706] HeavenPrime (Anua authorized US wholesal → contact@heavenprime.com   3.5s/lead · found=326
  [535/706] Glowy Skin Kosova → (none)   3.5s/lead · found=326
  [536/706] Glowy Skin Albania (glowyskinshop.com) → (none)   3.5s/lead · found=326
  [537/706] Glow Theory (glowtheory.com) → hello@glowtheory.co.za   3.5s/lead · found=327
  [538/706] JeeShop (jeeshop.eu) → (none)   3.5s/lead · found=327
  [539/706] JeeShop (jeeshop.eu) → (none)   3.5s/lead · found=327
  [540/706] Hbytala → (none)   3.5s/lead · found=327
  [541/706] Hbytala (hbytala.com) → (none)   3.5s/lead · found=327
  [542/706] DillyDilly International (dillydilly.ae  → (none)   3.5s/lead · found=327
  [543/706] Cremile B2B (b2b.cremile.com) → sales@cremile.com   3.5s/lead · found=328
  [544/706] Eurocosmetics (eurocosmetics-ks.com) → info@eurocosmetics.biz   3.5s/lead · found=329
  [545/706] Feel22 Egypt → (none)   3.5s/lead · found=329
  [546/706] Costco Wholesale Canada → (none)   3.5s/lead · found=329
  [547/706] Faire (US/EU B2B marketplace) → info@epiqueshoppes.com   3.5s/lead · found=330
  [548/706] COREE Korean Cosmetics (coree.ch) → hello@coree.ch   3.5s/lead · found=331
  [549/706] BiY Asia (biy.asia) → hello.biyasia@gmail.com   3.5s/lead · found=332
  [550/706] COFACA → info@cofaca.com.do   3.5s/lead · found=333
  [551/706] CosmoStore Turkmenistan (tm.cosmostore.o → (none)   3.5s/lead · found=333
  [552/706] Beautyko Import Ltd → hello@smuutiskin.com   3.5s/lead · found=334
  [553/706] ES Beauty Closet → (none)   3.5s/lead · found=334
  [554/706] Burkina Korean Cosmetics → dev7561@gmail.com   3.5s/lead · found=335
  [555/706] Beauty & Me Myanmar Company Limited → info@beautyandmemyanmar.com   3.5s/lead · found=336
  [556/706] Beauty Garden (beauty-garden.hr) → info@beauty-garden.hr   3.5s/lead · found=337
  [557/706] Beauty Supply Honduras → (none)   3.5s/lead · found=337
  [558/706] Beauty Station (Beautystation.ma) → (none)   3.5s/lead · found=337
  [559/706] Beauty Mall Norway (@beautymall.no) → (none)   3.5s/lead · found=337
  [560/706] BeautyGlance → (none)   3.5s/lead · found=337
  ↺ 브라우저 재시작 (누적 560건 · 발견 337건)
  [561/706] Be Beauty Shop Laos → vv_nono@yahoo.com   3.5s/lead · found=338
  [562/706] AMALFIS (amalfis.eu) → info@amalfis.eu   3.5s/lead · found=339
  [563/706] Source Beauty (sourcebeauty.com) → customerservice@sourcebeauty.com   3.5s/lead · found=340
  [564/706] LUNAbeauty (lunabeauty.am) → helloluna.am@gmail.com   3.5s/lead · found=341
  [565/706] Sapphire Beauty Booth → (none)   3.5s/lead · found=341
  [566/706] Daegu Haany University K-beauty Flagship → english@sedaily.com   3.5s/lead · found=342
  [567/706] Weee! (Sayweee) → support@sayweee.com   3.5s/lead · found=343
  [568/706] Watsons Singapore → (none)   3.5s/lead · found=343
  [569/706] Welcia Holdings (Aeon Group) → (none)   3.5s/lead · found=343
  [570/706] Korean Cosmetic Cyprus → dev7561@gmail.com   3.5s/lead · found=344
  [571/706] Tira (Reliance Retail) → (none)   3.5s/lead · found=344
  [572/706] Tsuruha Holdings → (none)   3.5s/lead · found=344
  [573/706] Walmart — K-beauty buying → (none)   3.5s/lead · found=344
  [574/706] The Cosmetic Store NZ → info@thecosmeticstore.co.nz   3.5s/lead · found=345
  [575/706] Sukoshi.com → mo@sukoshimart.com   3.5s/lead · found=346
  [576/706] Target — K-beauty category → (none)   3.5s/lead · found=346
  [577/706] THEKSHOP (thekshop.ca) → (none)   3.5s/lead · found=346
  [578/706] Sokobox (Sokobox.cl) → hola@sokobox.cl   3.5s/lead · found=347
  [579/706] Soko Glam (Charlotte & David Cho) → hello@sokoglam.com   3.5s/lead · found=348
  [580/706] Sephora Singapore → (none)   3.5s/lead · found=348
  [581/706] Sephora France (LVMH) → (none)   3.5s/lead · found=348
  [582/706] PinkSeoul (K-beauty subscription box) → love@pinkseoul.com   3.5s/lead · found=349
  [583/706] Peach & Lily (Alicia Yoon) → hello@peachandlily.com   3.5s/lead · found=350
  [584/706] Myntra Beauty (Flipkart Group / Walmart) → (none)   3.5s/lead · found=350
  [585/706] Nykaa (FSN E-Commerce Ventures) → (none)   3.5s/lead · found=350
  [586/706] Miu K Beauty → contacto@miu.pe   3.5s/lead · found=351
  [587/706] Skinko → (none)   3.5s/lead · found=351
  [588/706] MYKOCO → charmzoneafrica@gmail.com   3.5s/lead · found=352
  [589/706] Luxodia → tiendanube@luxodia.com   3.4s/lead · found=353
  [590/706] Matsukiyo Cocokara & Co. (Matsumoto Kiyo → (none)   3.4s/lead · found=353
  [591/706] Loft (Seibu HD / Loft Co.) → (none)   3.5s/lead · found=353
  [592/706] LOOKFANTASTIC (THG) → (none)   3.5s/lead · found=353
  [593/706] KUMI Korean Shop → contacto@kumikoreanshop.com   3.5s/lead · found=354
  [594/706] Ksisters → (none)   3.5s/lead · found=354
  [595/706] Mannings (DFI Retail Group) → cs@mannings.com.hk   3.5s/lead · found=355
  [596/706] Korean Shop BD → koreanshopbangladesh@gmail.com   3.5s/lead · found=356
  [597/706] Kronans Apotek → (none)   3.5s/lead · found=356
  [598/706] KokoSarang (Casablanca K-beauty) → contact@kokosarang.com   3.5s/lead · found=357
  [599/706] Korean Megastore Belle (KM Belle) → (none)   3.5s/lead · found=357
  [600/706] Lazada Group (Alibaba) → lazada-tech-infra@lazada.com   3.5s/lead · found=358
  ↺ 브라우저 재시작 (누적 600건 · 발견 358건)
  [601/706] KICKS (KICKS Beauty Group / Axfood) → (none)   3.5s/lead · found=358
  [602/706] K-Beauty Brazil → atendimento@kbeautybrazil.com   3.5s/lead · found=359
  [603/706] KICKS Norge → (none)   3.5s/lead · found=359
  [604/706] K-Beauty Arabia → hello@kbeautyarabia.com   3.5s/lead · found=360
  [605/706] K-Beauty Argentina (kbeautyargentina.emp → (none)   3.5s/lead · found=360
  [606/706] Jumia (pan-African e-commerce) → (none)   3.5s/lead · found=360
  [607/706] K Beauty Kenya → hello@kbeautykenya.com   3.5s/lead · found=361
  [608/706] istyle Inc. / @cosme TOKYO → (none)   3.5s/lead · found=361
  [609/706] HIKOCO → info@hikoco.co.nz   3.5s/lead · found=362
  [610/706] Falabella Peru — Skincare Coreano → (none)   3.4s/lead · found=362
  [611/706] K-beauty Chile (Korean Skincare) → (none)   3.4s/lead · found=362
  [612/706] EVA (Linii magazinov EVA) → (none)   3.4s/lead · found=362
  [613/706] epeul (Korean Cosmetics Morocco) → info@epeul.com   3.4s/lead · found=363
  [614/706] Flipkart Beauty (Walmart Group) → (none)   3.4s/lead · found=363
  [615/706] Falabella Chile — Belleza Coreana → (none)   3.4s/lead · found=363
  [616/706] Coreia Beauty → (none)   3.4s/lead · found=363
  [617/706] Cult Beauty (THG) → (none)   3.5s/lead · found=363
  [618/706] Bomibox (K-beauty subscription box) → hi@bomibox.com   3.4s/lead · found=364
  [619/706] Blibli → customer.care@blibli.com   3.4s/lead · found=365
  [620/706] Boots UK (Walgreens Boots Alliance) → (none)   3.4s/lead · found=365
  [621/706] dm-drogerie markt → (none)   3.4s/lead · found=365
  [622/706] Asian Shop Peru → (none)   3.4s/lead · found=365
  [623/706] AS Watson Group — Susanna Yuen (VP Merch → (none)   3.4s/lead · found=365
  [624/706] BeautyOnTApp (BOT) → (none)   3.4s/lead · found=365
  [625/706] Beauty Bay → (none)   3.4s/lead · found=365
  [626/706] Luxury Distribution (CEE5) → (none)   3.5s/lead · found=365
  [627/706] Apotek Hjärtat (ICA Group) → (none)   3.4s/lead · found=365
  [628/706] DOUGLAS Group → info@douglas.de   3.4s/lead · found=366
  [629/706] UTN Wholesale (COSRX authorized US whole → info@stagheaddesigns.com   3.4s/lead · found=367
  [630/706] STYLEMITE SHOP (COSRX authorized UK/USA/ → stylemite@stylemite.com   3.4s/lead · found=368
  [631/706] Amazon India — K-beauty → saheli-karigar@amazon.com   3.4s/lead · found=369
  [632/706] Soko Store (GCC K-beauty) → (none)   3.4s/lead · found=369
  [633/706] Skin Cupid (UK K-beauty retailer + flags → hello@skincupid.co.uk   3.4s/lead · found=370
  [634/706] Skin Store Pakistan → (none)   3.5s/lead · found=370
  [635/706] REGY BEAUTY → (none)   3.5s/lead · found=370
  [636/706] STYLEVANA (cross-border DTC) → marketing@stylevana.com   3.5s/lead · found=371
  [637/706] Rossmann (Dirk Rossmann GmbH) — K-beauty → (none)   3.4s/lead · found=371
  [638/706] Nrsen Trading — Faisal Alsahli (Founder) → info@nrsen.sa   3.4s/lead · found=372
  [639/706] Myskin (MS Wholesale) → sales@myskin.dk   3.4s/lead · found=373
  [640/706] MiiN Italy (within MiiN Cosmetics networ → sales@miin-cosmetics.com   3.5s/lead · found=374
  ↺ 브라우저 재시작 (누적 640건 · 발견 374건)
  [641/706] Lady Bonita NZ (authorized distributor) → info@ladybonita.co.nz   3.5s/lead · found=375
  [642/706] Korean-Skincare.pk → support@koreanskincarepakistan.com   3.5s/lead · found=376
  [643/706] Korean Skincare Supply (KSS) → info@koreanskincaresupply.com   3.5s/lead · found=377
  [644/706] Korean Cosmetics Worldwide (KCWW) → info@koreancosmeticsinlebanon.com   3.4s/lead · found=378
  [646/706] Kbeauty Nigeria (KBN) → hello@kbeautynigeria.com   3.4s/lead · found=379
  [646/706] Kosmos Beauty Lab → (none)   3.4s/lead · found=379
  [647/706] K-Beauty Colombia → info@kbeautycolombia.com   3.4s/lead · found=380
  [648/706] Golden Corner Sdn Bhd → info@goldencorner.com.my   3.4s/lead · found=381
  [649/706] Commalax PH (I-Jin International Inc.) → commalaxph@gmail.com   3.4s/lead · found=382
  [650/706] Hbytala — Korean cosmetics Lebanon → (none)   3.4s/lead · found=382
  [651/706] Lyko → (none)   3.5s/lead · found=382
  [652/706] Arumi Korean Cosmetics → (none)   3.5s/lead · found=382
  [653/706] Chalhoub Group (luxury distribution ME) → (none)   3.5s/lead · found=382
  [654/706] CEPA India → info@cepaindia.com   3.5s/lead · found=383
  [655/706] Guardian Vietnam (DKSH) → (none)   3.5s/lead · found=383
  [656/706] Beauty Box Vietnam → hadong.cs@aeonmall-vn.com   3.5s/lead · found=384
  [657/706] Beauty2B → (none)   3.5s/lead · found=384
  [658/706] Sa Sa International Holdings → (none)   3.5s/lead · found=384
  [659/706] Sociolla (Social Bella) → (none)   3.5s/lead · found=384
  [660/706] EVEANDBOY → info@eveandboy.com   3.5s/lead · found=385
  [661/706] SkinCare.pl → info@skincare.pl   3.5s/lead · found=386
  [662/706] JSW Asset Co., Ltd. → info@jswasset.com   3.5s/lead · found=387
  [663/706] Guardian Indonesia (Hero Group) → (none)   3.5s/lead · found=387
  [664/706] Lotana → (none)   3.5s/lead · found=387
  [665/706] Kollab (kollab.com.br) → (none)   3.5s/lead · found=387
  [666/706] QudoBeauty → info@qudo.ro   3.5s/lead · found=388
  [668/706] MiiN Cosmetics / MiiN Trade → sales@miin-cosmetics.com   3.5s/lead · found=389
  [668/706] April → (none)   3.5s/lead · found=389
  [669/706] OG Global → contact@ogglobalimport.com   3.5s/lead · found=390
  [670/706] Super-Pharm Israel → (none)   3.5s/lead · found=390
  [671/706] Fine Rituals → (none)   3.5s/lead · found=390
  [672/706] BicTrading Co., Ltd. → (none)   3.5s/lead · found=390
  [673/706] BNC JAPAN / Beauty & Natural Cosmetics → info@bncjapan.co.jp   3.5s/lead · found=391
  [674/706] Gekkasei Trading Co., Ltd. → info@gekkasei.co.jp   3.5s/lead · found=392
  [675/706] MAMOSO K-beauty → (none)   3.6s/lead · found=392
  [676/706] Seoulogy → (none)   3.6s/lead · found=392
  [677/706] Official KBeauty (OKB) → wholesale@officialkbeauty.com   3.6s/lead · found=393
  [678/706] AS Watson Group — Watsons K-beauty buyin → (none)   3.6s/lead · found=393
  [679/706] PURESEOUL → (none)   3.6s/lead · found=393
  [680/706] Moida K-Beauty → (none)   3.6s/lead · found=393
  ↺ 브라우저 재시작 (누적 680건 · 발견 393건)
  [681/706] Victoria International (Victoriaglo) → guswhd0103@naver.com   3.6s/lead · found=394
  [682/706] Sephora USA — K-beauty category → (none)   3.6s/lead · found=394
  [683/706] K Beauty Outlet USA (KBOU) → (none)   3.6s/lead · found=394
  [684/706] Ulta Beauty — K-beauty category → (none)   3.6s/lead · found=394
  [685/706] USA Cosmetics → admin@usacosmetics.com   3.6s/lead · found=395
  [686/706] Q-Depot (Japan-serving wholesale) → wholesale@q-depot.com   3.6s/lead · found=396
  [687/706] Dubai Wholesale Store → dubaiwholesale88@gmail.com   3.6s/lead · found=397
  [688/706] Korendy Türkiye → destek@korendy.com.tr   3.6s/lead · found=398
  [689/706] FineLook → ecommerce@finelook.com   3.6s/lead · found=399
  [690/706] Nrsen Trading → info@nrsen.sa   3.6s/lead · found=400
  [691/706] Korean Beauty Products (Amman) → (none)   3.6s/lead · found=400
  [692/706] Shoppers Choice LLC → sales@shopperschoice.ae   3.5s/lead · found=401
  [693/706] Ksisters Germany (ksisters.de) → (none)   3.5s/lead · found=401
  [694/706] K Beauty World (kbeautyworld.com) → su@email.es   3.5s/lead · found=402
  [695/706] Korean Market In Egypt → dev7561@gmail.com   3.5s/lead · found=403
  [696/706] Juui (Juui Cosmetics) → (none)   3.5s/lead · found=403
  [697/706] Senses K-Beauty → info@senses-kbeauty.de   3.5s/lead · found=404
  [698/706] KENCANA GmbH → mario.bareither@kencana.de   3.5s/lead · found=405
  [699/706] LH Brands GmbH (LHBG / K-Beauty House) → (none)   3.5s/lead · found=405
  [700/706] K-Beauty Kuwait → (none)   3.5s/lead · found=405
  [701/706] Pan Beauty Arabia → (none)   3.5s/lead · found=405
  [702/706] ABK Cosmetics and Perfumes LLC → info@abkcompanies.com   3.5s/lead · found=406
  [703/706] blueShepherd GmbH (Happy & Pretty) → hello@happyandpretty.de   3.5s/lead · found=407
  [704/706] Merchantry Global Pte Ltd → enquiry@merchantryglobal.com   3.5s/lead · found=408
  [705/706] Notino → (none)   3.5s/lead · found=408
  [706/706] Q-Depot → (none)   3.5s/lead · found=408
▪ 완료 · 시간 2483.9s · 처리 706 · 발견 408 · 승격 408
