▶ Playwright 크롤러 시작 · limit=1000 concurrency=3 dryRun=false
✓ 로그인
✓ 대상 1000 건
✓ Chromium 실행
  [2/1000] KokoSarang (Casablanca K-beauty) → contact@kokosarang.com   1.4s/lead · found=2
  [3/1000] Koko Sarang (kokosarang.com) → contact@kokosarang.com   0.9s/lead · found=3
  [3/1000] KokoSarang → contact@kokosarang.com   0.9s/lead · found=3
  [4/1000] KOCOMETIC PK → (none)   2.6s/lead · found=3
  [5/1000] Koko Sarang → contact@kokosarang.com   2.4s/lead · found=4
  [6/1000] KODERMA (koderma.sk) → (none)   2.3s/lead · found=4
  [7/1000] KoCo.ee → (none)   2.2s/lead · found=4
  [8/1000] KNatural → (none)   2.1s/lead · found=4
  [9/1000] KoCos Korean Cosmetics (kocos.ge) → (none)   2.3s/lead · found=4
  [10/1000] KKShop → help@kkshop.cc   2.6s/lead · found=5
  [11/1000] KlassyMissy BD → hello@klassy.com.bd   2.6s/lead · found=6
  [12/1000] KKShop (kkshop.cc) → help@kkshop.cc   2.4s/lead · found=7
  [13/1000] KOCO Korean Cosmetic → dev7561@gmail.com   3.0s/lead · found=8
  [14/1000] KKUL → (none)   2.9s/lead · found=8
  [15/1000] Klassy (klassy.com.bd) → hello@klassy.com.bd   2.7s/lead · found=9
  [16/1000] KIS Beauty Store (Central Group) → contact@central.co.th   2.6s/lead · found=10
  [17/1000] Ko-co Beauty (ko-co.beauty) → (none)   2.5s/lead · found=10
  [18/1000] Kiss & Makeup → hello@kissandmakeup.co.nz   2.4s/lead · found=11
  [19/1000] KICKS (KICKS Beauty Group / Axfood) → (none)   2.3s/lead · found=11
  [20/1000] Kiyomi Home → kiyomihomeperu@gmail.com   2.5s/lead · found=12
  [21/1000] KICKS Norge → (none)   2.6s/lead · found=12
  [22/1000] Kikuubo Suppliers UG → (none)   2.8s/lead · found=12
  [23/1000] Kioko.lv → (none)   2.9s/lead · found=12
  [24/1000] KEN Cosmetics → info@kencosmetics.com   2.9s/lead · found=13
  [25/1000] Keangnam Korea Beauty Center → info.keangnamkorea@gmail.com   2.9s/lead · found=14
  [26/1000] Kco House → love@kcohouse.com   2.8s/lead · found=15
  [27/1000] Kiyomi (kiyomihomeperu.com) → kiyomihomeperu@gmail.com   2.8s/lead · found=16
  [28/1000] Kindlife → hello@kindlife.in   2.7s/lead · found=17
  [29/1000] KBeautyStore Romania → office@kbeautystore.ro   2.8s/lead · found=18
  [30/1000] Kemik Guatemala → sac@kemik.gt   2.7s/lead · found=19
  [31/1000] KCO House → love@kcohouse.com   2.6s/lead · found=20
  [32/1000] KbeautyCafe Philippines (kbeautycafe.com → business@kbeautycafe.com.ph   2.8s/lead · found=21
  [33/1000] KbeautyCafe (kbeautycafe.com.ph) → business@kbeautycafe.com.ph   3.0s/lead · found=22
  [34/1000] KbeautyCafe Philippines → business@kbeautycafe.com.ph   3.1s/lead · found=23
  [35/1000] KBEAUTY.LT → (none)   3.2s/lead · found=23
  [36/1000] KBEAUTY.LT → (none)   3.2s/lead · found=23
  [37/1000] KBEAUTY.LT → (none)   3.2s/lead · found=23
  [38/1000] KbeautySN (kbeauty-sn.com) → kbeauty.sn@gmail.com   3.2s/lead · found=24
  [39/1000] KbeautySN → kbeauty.sn@gmail.com   3.2s/lead · found=25
  [40/1000] Kbeauty Stop CR → (none)   3.5s/lead · found=25
  ↺ 브라우저 재시작 (누적 40건 · 발견 25건)
  [41/1000] Kbeauty Maroc (kbeauty-maroc.com) → contact@kbeauty-maroc.com   3.5s/lead · found=26
  [42/1000] Kbeauty Kuwait (kbeautykw.com) → (none)   3.4s/lead · found=26
  [43/1000] KBeauty Iceland (kbeauty.is) → (none)   3.4s/lead · found=26
  [44/1000] KBEAUTY Bulgaria (kbeauty.bg) → info@kbeauty.bg   3.3s/lead · found=27
  [45/1000] KBeauty Guatemala (kbeautyGT) → info.kbeautygt@gmail.com   3.3s/lead · found=28
  [46/1000] Kawaii Beauty World (kawaiibeautyworld.c → (none)   3.3s/lead · found=28
  [47/1000] Kara Store Cosmetics → info@karastorecosmetics.com   3.3s/lead · found=29
  [48/1000] Kawaii Beauty World → (none)   3.3s/lead · found=29
  [49/1000] Kara Store Cosmetics (karastorecosmetics → info@karastorecosmetics.com   3.3s/lead · found=30
  [50/1000] KBC (shopkbc.com) → (none)   3.3s/lead · found=30
  [51/1000] Kanvas Beauty → hello@kanvasbeauty.com.au   3.3s/lead · found=31
  [52/1000] Kawaii Beauty World (kawaiibeautyworld.c → (none)   3.2s/lead · found=31
  [53/1000] KBC (Korea Beauty Cosmetics) — shopkbc.c → (none)   3.2s/lead · found=31
  [54/1000] Kabuki Store (kabuki.pe) → contacto@kabuki.pe   3.3s/lead · found=32
  [55/1000] K-magic (kmagic.sk) → info@kmagic.sk   3.3s/lead · found=33
  [56/1000] K'topia → (none)   3.3s/lead · found=33
  [57/1000] K-lon skin bar → hola@kalonskinbar.com   3.3s/lead · found=34
  [58/1000] K-Market TZ → info@solunala.com   3.3s/lead · found=35
  [59/1000] K's Make Up Addict (ksmakeup-addict.com) → (none)   3.2s/lead · found=35
  [60/1000] K-Skin (k-skinhn.com) → (none)   3.3s/lead · found=35
  [61/1000] K-Mart Rwanda → (none)   3.3s/lead · found=35
  [62/1000] K-Farma (kfarma.al) → (none)   3.3s/lead · found=35
  [63/1000] K-Farma Albania (@kfarma.al) → (none)   3.3s/lead · found=35
  [64/1000] K-Care Eesti (kcareeesti.ee) → (none)   3.3s/lead · found=35
  [65/1000] K-lon Skin Bar → (none)   3.3s/lead · found=35
  [66/1000] K-beauty.hr → (none)   3.3s/lead · found=35
  [67/1000] K-beauty.cz (k-beauty.cz) → info@k-beauty.cz   3.3s/lead · found=36
  [68/1000] K-Beauty.rs (kbeauty.rs) → office@kbeauty.rs   3.3s/lead · found=37
  [69/1000] k-beauty.lv → info@k-beauty.lv   3.3s/lead · found=38
  [70/1000] K-Beauty Store Brasil (kbeautystore.com. → (none)   3.3s/lead · found=38
  [71/1000] K-Beauty ZW (kbeauty.zw) → (none)   3.4s/lead · found=38
  [72/1000] K-LAND (kland.com.tr) → (none)   3.5s/lead · found=38
  [73/1000] K-Beauty Tahiti → dev7561@gmail.com   3.4s/lead · found=39
  [74/1000] K-Beauty South Africa (kbeauty.co.za) → hello@kbeauty.co.za   3.5s/lead · found=40
  [75/1000] K-Beauty SV (k-beauty-sv.com) → (none)   3.4s/lead · found=40
  [76/1000] K-Beauty Skin → sales@k-beautyskin.com   3.4s/lead · found=41
  [77/1000] K-Beauty MX (kbeautymx.com) → (none)   3.4s/lead · found=41
  [78/1000] K-beauty Panama → corinaliz30@hotmail.com   3.4s/lead · found=42
  [79/1000] K-beauty on Mongolia (koreanworld.mn) → dev7561@gmail.com   3.4s/lead · found=43
  [80/1000] K-Beauty Kuwait → (none)   3.5s/lead · found=43
  ↺ 브라우저 재시작 (누적 80건 · 발견 43건)
  [81/1000] K-Beauty Kuwait (k-beautykuwait.com) → (none)   3.5s/lead · found=43
  [82/1000] K-Beauty Kingdom → (none)   3.5s/lead · found=43
  [83/1000] K-Beauty Kenya (kbeautykenya.com) → hello@kbeautykenya.com   3.5s/lead · found=44
  [84/1000] K-Beauty MNL (@kbeautymnl) → (none)   3.5s/lead · found=44
  [85/1000] K-Beauty Kenya → hello@kbeautykenya.com   3.5s/lead · found=45
  [86/1000] K-Beauty Brazil (kbeautybrazil.com) → atendimento@kbeautybrazil.com   3.5s/lead · found=46
  [87/1000] K-Beauty Iraq (Baghdad) → dev7561@gmail.com   3.5s/lead · found=47
  [88/1000] K-Beauty Brazil → atendimento@kbeautybrazil.com   3.5s/lead · found=48
  [89/1000] K-Beauty Iraq Baghdad → dev7561@gmail.com   3.5s/lead · found=49
  [90/1000] K-Beauty House (k-beautyhouse.co.za) → info@k-beautyhouse.co.za   3.6s/lead · found=50
  [91/1000] K-beauty Chile (Korean Skincare) → (none)   3.5s/lead · found=50
  [92/1000] K-Beauty Arabia → hello@kbeautyarabia.com   3.5s/lead · found=51
  [93/1000] K-Beauty Arabia → hello@kbeautyarabia.com   3.5s/lead · found=52
  [94/1000] K-Beauty Ghana → (none)   3.5s/lead · found=52
  [95/1000] K-Beauty Argentina (kbeautyargentina.emp → (none)   3.5s/lead · found=52
  [96/1000] K-Beauty Bangladesh (kbeautybangladesh.c → k-beautybangladesh@gmail.com   3.5s/lead · found=53
  [97/1000] K-Beauty Argentina (empretienda) → (none)   3.5s/lead · found=53
  [98/1000] K-Beauty BH (kbeauty.bh) → (none)   3.5s/lead · found=53
  [99/1000] K-beauty Bahrain (@kbeauty.bh) → (none)   3.5s/lead · found=53
  [100/1000] K Beauty Supply Ghana (kbeautysupplygh.c → (none)   3.4s/lead · found=53
  [101/1000] K-BEAUTY AFRICA → infos@kbeautyafrica.ci   3.4s/lead · found=54
  [103/1000] K Beauty SV → (none)   3.5s/lead · found=54
  [103/1000] K Beauty SV (k-beauty-sv.com) → (none)   3.5s/lead · found=54
  [104/1000] K-Beauty Africa → infos@kbeautyafrica.ci   3.5s/lead · found=55
  [105/1000] K Beauty Stop (kbeautystop.com) → bellezacoreanasrl@gmail.com   3.4s/lead · found=56
  [106/1000] K Beauty SA (kbeauty.co.za) → hello@kbeauty.co.za   3.4s/lead · found=57
  [107/1000] K Beauty Supply Ghana → (none)   3.4s/lead · found=57
  [108/1000] K Beauty Nepal (kbeautynp.com) → (none)   3.4s/lead · found=57
  [109/1000] K Beauty Nepal (kbeautynp.com) → (none)   3.4s/lead · found=57
  [110/1000] K-Beauty Bar (k-beautybar.com.co) → (none)   3.5s/lead · found=57
  [111/1000] K Beauty Corner → info@stagheaddesigns.com   3.5s/lead · found=58
  [112/1000] K Beauty Ghana (@kbeautyghana) → (none)   3.5s/lead · found=58
  [113/1000] K Beauty Cosmetics (kbeauty-cosmetics.co → contact@kbeauty-cosmetics.com   3.4s/lead · found=59
  [114/1000] K Beauty Kenya → hello@kbeautykenya.com   3.4s/lead · found=60
  [115/1000] K Beauty Kenya → hello@kbeautykenya.com   3.4s/lead · found=61
  [116/1000] K Beauty Corner → info@stagheaddesigns.com   3.4s/lead · found=62
  [117/1000] K Beauty Ghana (@kbeautyghana) → (none)   3.4s/lead · found=62
  [118/1000] Just Cosmetics Cyprus (justcosmetics.cy) → (none)   3.3s/lead · found=62
  [119/1000] K Beauty Kenya (kbeautykenya.com) → hello@kbeautykenya.com   3.3s/lead · found=63
  [120/1000] JoahBox Maroc → bonjour@joahbox.com   3.3s/lead · found=64
  ↺ 브라우저 재시작 (누적 120건 · 발견 64건)
  [121/1000] Jumia (pan-African e-commerce) → (none)   3.3s/lead · found=64
  [122/1000] Just Cosmetics (justcosmetics.cy) → (none)   3.3s/lead · found=64
  [123/1000] istyle Inc. / @cosme TOKYO → (none)   3.3s/lead · found=64
  [124/1000] Jameela Mall → (none)   3.3s/lead · found=64
  [125/1000] Jameela Mall → (none)   3.4s/lead · found=64
  [126/1000] JAVIN Cambodia (@javincambodia) → (none)   3.4s/lead · found=64
  [127/1000] ISKorea (iskorea Reykjavik) → (none)   3.3s/lead · found=64
  [128/1000] Jameela Mall (Korean Beauty Exclusively) → (none)   3.4s/lead · found=64
  [129/1000] Home of Korean Beauty / HOK (homeofkorea → homeofkoreanbeautyng@gmail.com   3.4s/lead · found=65
  [130/1000] iPuda (Korean Cosmetics Greece) → dev7561@gmail.com   3.4s/lead · found=66
  [131/1000] Hortensia Uruguay → contacto@hortensia.com.uy   3.4s/lead · found=67
  [133/1000] Ipsy (BFA Industries) → (none)   3.4s/lead · found=68
  [133/1000] House of Korean Skincare SU → houseofkoreanskincare.su@gmail.com   3.4s/lead · found=68
  [134/1000] Honeysu (honeysu.be) → (none)   3.5s/lead · found=68
  [135/1000] Her Cosmetics (hercosmeticsni.com) → (none)   3.4s/lead · found=68
  [136/1000] Holt Renfrew — K-Beauty → (none)   3.4s/lead · found=68
  [137/1000] HIKOCO (hikoco.co.nz) → info@hikoco.co.nz   3.4s/lead · found=69
  [138/1000] HERB.MD → info@herb.md   3.4s/lead · found=70
  [140/1000] HIKOCO → info@hikoco.co.nz   3.4s/lead · found=72
  [140/1000] I AM KOREAN BEAUTY → mkharmaa@gmail.com   3.4s/lead · found=72
  [141/1000] Harumi Belleza Coreana → nada@harumiglobal.com   3.4s/lead · found=73
  [142/1000] Havenly Cosmetics (havenlycosmetics.com) → support@havenlycosmetics.com   3.3s/lead · found=74
  [143/1000] Harumi Belleza Coreana → nada@harumiglobal.com   3.3s/lead · found=75
  [144/1000] Harumi (harumiglobal.com) → nada@harumiglobal.com   3.3s/lead · found=76
  [145/1000] Hbytala → (none)   3.3s/lead · found=76
  [146/1000] Hadi Beauty (Da Nang) → info@beautygarden.vn   3.3s/lead · found=77
  [147/1000] Guardian Vietnam (DKSH) → (none)   3.3s/lead · found=77
  [148/1000] Havona Beauty (havona.lk) → havona.lk@gmail.com   3.4s/lead · found=78
  [149/1000] Havona Beauty → havona.lk@gmail.com   3.4s/lead · found=79
  [150/1000] Hanpeau (Abuja) → (none)   3.4s/lead · found=79
  [151/1000] Haru Skin → (none)   3.4s/lead · found=79
  [152/1000] Haru Skin (haruskincr.com) → (none)   3.4s/lead · found=79
  [153/1000] H Mart (Hanahreum Group) → (none)   3.5s/lead · found=79
  [154/1000] Grape Beauty Ecuador (thegrapebeauty.com → (none)   3.4s/lead · found=79
  [155/1000] Grande Korean Beauty (grandekoreanbeauty → info@mysite.com   3.4s/lead · found=80
  [156/1000] Guardian Health & Beauty Vietnam → (none)   3.4s/lead · found=80
  [157/1000] Gratis → info@gratis.com   3.4s/lead · found=81
  [158/1000] Grape Beauty Ecuador → (none)   3.4s/lead · found=81
  [159/1000] Glowy Skin Kosova → (none)   3.4s/lead · found=81
  [160/1000] Guardian Indonesia (Hero Group) → abc@xyz.com   3.4s/lead · found=82
  ↺ 브라우저 재시작 (누적 160건 · 발견 82건)
  [161/1000] GOODY-SHOP → info@goodyshop.online   3.4s/lead · found=83
  [162/1000] Glowsome Beauty → (none)   3.5s/lead · found=83
  [163/1000] Glowsecret → (none)   3.5s/lead · found=83
  [164/1000] GlowSecret → (none)   3.5s/lead · found=83
  [165/1000] Glow Time (glowtime.mu) → hello@glowtime.mu   3.6s/lead · found=84
  [166/1000] Glowin (glowinbh.com) → glowin.bahrain@gmail.com   3.6s/lead · found=85
  [167/1000] Gabaón Cosméticos → comercial@gabaoncosmeticos.com   3.6s/lead · found=86
  [168/1000] Global Beauty (globalbeauty.am) → info@globalbeauty.am   3.6s/lead · found=87
  [169/1000] Glow Time (glowtime.mu) → hello@glowtime.mu   3.6s/lead · found=88
  [170/1000] Glo Arabia (Qatar) → easytoshope1@gmail.com   3.6s/lead · found=89
  [171/1000] Glow Time (glowtime.mu) → hello@glowtime.mu   3.6s/lead · found=90
  [172/1000] Glow Secret → (none)   3.6s/lead · found=90
  [173/1000] FineLook → ecommerce@finelook.com   3.6s/lead · found=91
  [174/1000] Freya Tunisie (freya.tn) → (none)   3.7s/lead · found=91
  [175/1000] FineLook → ecommerce@finelook.com   3.6s/lead · found=92
  [176/1000] Flipkart Beauty (Walmart Group) → (none)   3.7s/lead · found=92
  [177/1000] Gabaón Cosméticos → comercial@gabaoncosmeticos.com   3.7s/lead · found=93
  [178/1000] Gangnamisle → support@gangnamisle.com   3.7s/lead · found=94
  [179/1000] FINECO (Daniella Jung) → jubao@lingying.com   3.7s/lead · found=95
  [180/1000] Gangnamisle (gangnamisle.com) → support@gangnamisle.com   3.7s/lead · found=96
  [181/1000] Feel22 → (none)   3.7s/lead · found=96
  [182/1000] Farmacias Guadalajara → (none)   3.7s/lead · found=96
  [184/1000] Figta Beauty → inquiry@figtabeauty.com   3.6s/lead · found=97
  [184/1000] Falabella Peru — Skincare Coreano → (none)   3.6s/lead · found=97
  [185/1000] Falabella Chile — Belleza Coreana → (none)   3.6s/lead · found=97
  [187/1000] Faceshine (faceshine.me) → info@faceshine.me   3.6s/lead · found=99
  [187/1000] Faceshine → info@faceshine.me   3.6s/lead · found=99
  [188/1000] Faces Egypt → support@faces.com   3.6s/lead · found=100
  [189/1000] Faces (faces.sa) → support@faces.com   3.6s/lead · found=101
  [190/1000] Faces (Faces.sa) → support@faces.com   3.6s/lead · found=102
  [191/1000] Farmacias del Ahorro → (none)   3.6s/lead · found=102
  [192/1000] ePharmacy Nepal (epharmacy.com.np) → (none)   3.6s/lead · found=102
  [193/1000] EVA (Linii magazinov EVA) → (none)   3.6s/lead · found=102
  [194/1000] EVEANDBOY → info@eveandboy.com   3.6s/lead · found=103
  [195/1000] Fabellashop (fabellashop.ci) → (none)   3.6s/lead · found=103
  [196/1000] Fabella Shop (fabellashop.com) → service-client@fabellashop.com   3.7s/lead · found=104
  [197/1000] ePharmacy Nepal (epharmacy.com.np) → (none)   3.7s/lead · found=104
  [198/1000] epeul → info@epeul.com   3.6s/lead · found=105
  [199/1000] EVEANDBOY → info@eveandboy.com   3.6s/lead · found=106
  [200/1000] ES Beauty Closet → (none)   3.7s/lead · found=106
  ↺ 브라우저 재시작 (누적 200건 · 발견 106건)
  [202/1000] Epeul (Korean Cosmetics by epeul) → info@epeul.com   3.7s/lead · found=108
  [202/1000] epeul (Korean Cosmetics Morocco) → info@epeul.com   3.7s/lead · found=108
  [203/1000] EOS K Beauty Shop (eosmm.com) → (none)   3.7s/lead · found=108
  [204/1000] elbeauty.gr → (none)   3.7s/lead · found=108
  [205/1000] Elegant Store → info@elegantstoreeg.com   3.7s/lead · found=109
  [206/1000] Dream Skin Nepal (dreamskinnepal.com) → dreamskinnepal@gmail.com   3.7s/lead · found=110
  [207/1000] Dreamskin Haven → (none)   3.7s/lead · found=110
  [208/1000] Dream Skin Nepal → dreamskinnepal@gmail.com   3.7s/lead · found=111
  [209/1000] Dodoboutique → (none)   3.7s/lead · found=111
  [210/1000] Elinda Cosméticos (elindacosmeticos.com. → (none)   3.7s/lead · found=111
  [211/1000] elbeauty.gr → (none)   3.7s/lead · found=111
  [212/1000] Dermstore (now incorporates SkinStore) → (none)   3.8s/lead · found=111
  [213/1000] dm-drogerie markt → (none)   3.8s/lead · found=111
  [214/1000] Dlux Professional → (none)   3.8s/lead · found=111
  [215/1000] Deoset → deosetskincare@gmail.com   3.8s/lead · found=112
  [216/1000] Costco Wholesale — K-beauty assortment → (none)   3.8s/lead · found=112
  [217/1000] Dhifaf Baghdad Cosmetics Center → (none)   3.8s/lead · found=112
  [218/1000] Dhifaf Baghdad Cosmetics Center → (none)   3.8s/lead · found=112
  [219/1000] Dermalux CR → admin@dermaluxcr.com   3.8s/lead · found=113
  [220/1000] Costco Wholesale Mexico — K-Beauty → (none)   3.8s/lead · found=113
  [221/1000] Cult Beauty (THG) → (none)   3.8s/lead · found=113
  [222/1000] Dara Beauty Market → dev7561@gmail.com   3.8s/lead · found=114
  [223/1000] Credo Beauty → (none)   3.9s/lead · found=114
  [224/1000] CosmoStore Mongolia (mn.cosmostore.org) → (none)   4.0s/lead · found=114
  [225/1000] CosmoStore Jamaica → advert@cosmostore.org   4.0s/lead · found=115
  [226/1000] CosmoStore Tajikistan (tj.cosmostore.org → advert@cosmostore.org   4.0s/lead · found=116
  [227/1000] CosmoStore Mongolia (mn.cosmostore.org) → advert@cosmostore.org   4.1s/lead · found=117
  [228/1000] CosmoStore Cambodia → advert@cosmostore.org   4.1s/lead · found=118
  [229/1000] CosmoStore Iran (ir.cosmostore.org) → advert@cosmostore.org   4.0s/lead · found=119
  [230/1000] Cosmobest (cosmobest.by) → mail@cosmobest.by   4.0s/lead · found=120
  [232/1000] CosmoBest → mail@cosmobest.by   4.0s/lead · found=122
  [232/1000] Cosmetics.lk → sales@cosmetics.lk   4.0s/lead · found=122
  [233/1000] COSE Beauty Retail (Ulaanbaatar) → info@cose.mn   4.0s/lead · found=123
  [234/1000] Cosmetics.lk → sales@cosmetics.lk   4.0s/lead · found=124
  [235/1000] COSE beauty retail → info@cose.mn   4.0s/lead · found=125
  [236/1000] COSE beauty → info@cose.mn   4.0s/lead · found=126
  [237/1000] Colorshow.pk → support@colorshow.pk   3.9s/lead · found=127
  [238/1000] Coreia Beauty → (none)   3.9s/lead · found=127
  [239/1000] CosmoStore Mongolia → advert@cosmostore.org   4.0s/lead · found=128
  [240/1000] corea.cz (Korean Cosmetics Prague) → (none)   4.0s/lead · found=128
  ↺ 브라우저 재시작 (누적 240건 · 발견 128건)
  [242/1000] CoreiaBeauty (coreiabeauty.com.br) → (none)   4.0s/lead · found=128
  [242/1000] CoreiaBeauty → (none)   4.0s/lead · found=128
  [243/1000] Coco Shop (Vietnam) → starbuzz@tripi.vn   3.9s/lead · found=129
  [244/1000] COCO KOREAN BEAUTY → (none)   3.9s/lead · found=129
  [245/1000] Centrepoint (Landmark Group) → (none)   3.9s/lead · found=129
  [246/1000] Chiki-Piki (chiki-piki.cz) → (none)   3.9s/lead · found=129
  [247/1000] Clicks Group (Clicks Retailers) → (none)   3.9s/lead · found=129
  [248/1000] Chok Chok Beauty → (none)   3.9s/lead · found=129
  [249/1000] Care to Beauty Serbia → help@caretobeauty.com   3.9s/lead · found=130
  [250/1000] Care to Beauty Kazakhstan → (none)   4.0s/lead · found=130
  [251/1000] Care to Beauty Kazakhstan → (none)   4.0s/lead · found=130
  [252/1000] BQueenShop (bqueenshop.com) → contact@bqueenshop.com   4.0s/lead · found=131
  [253/1000] ByKorea Beauty → (none)   4.0s/lead · found=131
  [254/1000] Care to Beauty Azerbaijan → help@caretobeauty.com   4.0s/lead · found=132
  [255/1000] Bukuri Store (bukuristore.com) → (none)   4.0s/lead · found=132
  [256/1000] Boots Ireland (Walgreens Boots Alliance) → (none)   4.0s/lead · found=132
  [257/1000] BoShop → (none)   4.0s/lead · found=132
  [258/1000] Calyxta → info@calyxta.com   4.0s/lead · found=133
  [259/1000] Bomibox (K-beauty subscription box) → hi@bomibox.com   4.0s/lead · found=134
  [260/1000] Burmunk Perfumery Chain → info@vgngroup.am   4.0s/lead · found=135
  [262/1000] Boots UK (Walgreens Boots Alliance) → (none)   4.0s/lead · found=136
  [262/1000] BOM Beauty → amamostupiel@bombeauty.cl   4.0s/lead · found=136
  [263/1000] Bluemercury (Macy's, Inc.) → (none)   4.0s/lead · found=136
  [264/1000] Blush Me → (none)   4.0s/lead · found=136
  [265/1000] Blush Me → (none)   4.0s/lead · found=136
  [266/1000] Bloom Skincare ET (@bloom_skincare.et) → (none)   4.0s/lead · found=136
  [267/1000] Bloomingdale's (Macy's, Inc.) → (none)   4.1s/lead · found=136
  [268/1000] Blibli → customer.care@blibli.com   4.0s/lead · found=137
  [269/1000] Binta Beauty → contact@bintabeauty.com   4.0s/lead · found=138
  [270/1000] Bloom Beauty Shop → (none)   4.0s/lead · found=138
  [271/1000] BFF Store (bffskincarepy) → (none)   4.1s/lead · found=138
  [272/1000] Bici Cosmetic → dev7561@gmail.com   4.1s/lead · found=139
  [273/1000] Beutista (beutista.com) → info@beutista.com   4.1s/lead · found=140
  [274/1000] Bloom Beauty Shop (bloombeauty.uz) → (none)   4.1s/lead · found=140
  [275/1000] Best (best.com.bo) → (none)   4.1s/lead · found=140
  [276/1000] Better Skin Shop (betterskin.ge) → info@betterskin.ge   4.1s/lead · found=141
  [278/1000] Bebyhada (bebyhada.co.nz) → contact@bebyhada.co.nz   4.1s/lead · found=143
  [278/1000] Better Skin Shop → info@betterskin.ge   4.1s/lead · found=143
  [279/1000] BeautyOnTApp → (none)   4.1s/lead · found=143
  [280/1000] Bella Corea (bellacorea.com.co) → (none)   4.1s/lead · found=143
  ↺ 브라우저 재시작 (누적 280건 · 발견 143건)
  [281/1000] BeautyMNL → wecare@beautymnl.com   4.1s/lead · found=144
  [282/1000] Bebyhada → contact@bebyhada.co.nz   4.1s/lead · found=145
  [283/1000] BeautyOn82 (beautyon82.com) → contact@beautyon82.com   4.1s/lead · found=146
  [284/1000] BeautyOn82 (beautyon82.com) → contact@beautyon82.com   4.1s/lead · found=147
  [285/1000] BeautyOn82 → contact@beautyon82.com   4.1s/lead · found=148
  [286/1000] Beauty24 → info@beauty24.com.ar   4.1s/lead · found=149
  [287/1000] BeautyOnTApp (BOT) → (none)   4.1s/lead · found=149
  [288/1000] BeautyMarked Ghana → (none)   4.1s/lead · found=149
  [289/1000] Beautyholics → info@stagheaddesigns.com   4.1s/lead · found=150
  [290/1000] BeautyMarked Ghana → (none)   4.1s/lead · found=150
  [292/1000] Beauty Nepal (beautynpl.com) → youremail@mail.com   4.0s/lead · found=152
  [292/1000] Beauty Maul (maul.com.uy) → clara@kbeautymaul.com   4.0s/lead · found=152
  [293/1000] Beauty Touch Hawaii (beautytouchhawaii.c → (none)   4.0s/lead · found=152
  [294/1000] Beauty Kart → (none)   4.0s/lead · found=152
  [295/1000] Beauty Kart (beautykarttt.myshopify.com) → (none)   4.0s/lead · found=152
  [296/1000] Beauty Lab Abidjan (beautylababj.com) → beautylababj@gmail.com   4.0s/lead · found=153
  [297/1000] Beauty Square Kenya → (none)   4.0s/lead · found=153
  [298/1000] Beauty Market Supply → info.mail@mail.com   4.1s/lead · found=154
  [299/1000] Beauty Elixir (beautyelixir.shop) → (none)   4.0s/lead · found=154
  [300/1000] Beauty Booth Qatar → (none)   4.1s/lead · found=154
  [301/1000] Beauty By Daz → info@beautybydaz.com   4.1s/lead · found=155
  [302/1000] Beauty Elixir (beautyelixir.shop) → (none)   4.1s/lead · found=155
  [303/1000] Beauty Care (beauty-care.ma) → contact@beauty-care.ma   4.0s/lead · found=156
  [304/1000] Beauty By Daz → info@beautybydaz.com   4.0s/lead · found=157
  [305/1000] Beauty Bar Philippines → custserv@beautybar.com.ph   4.0s/lead · found=158
  [306/1000] Beauty Booth Qatar → (none)   4.0s/lead · found=158
  [307/1000] Beauty Bay → (none)   4.0s/lead · found=158
  [308/1000] Beauty Bar Philippines (beautybar.com.ph → custserv@beautybar.com.ph   4.0s/lead · found=159
  [309/1000] Beauty Bar (Philippines) → custserv@beautybar.com.ph   4.0s/lead · found=160
  [310/1000] Beauty K Bar (beautykbarcr.com) → (none)   4.0s/lead · found=160
  [311/1000] Beauty Bar Georgia → info@beautybar.ge   4.0s/lead · found=161
  [313/1000] Beauty Bar (beautybar.ge) → info@beautybar.ge   4.0s/lead · found=163
  [313/1000] Beauty Addicts Peru → info@stagheaddesigns.com   4.0s/lead · found=163
  [314/1000] Beauty & Me Myanmar → info@beautyandmemyanmar.com   4.0s/lead · found=164
  [315/1000] Beauty Bar (beautybar.ge) → (none)   4.0s/lead · found=164
  [316/1000] Beautizshop (beautizshop.com) → (none)   4.0s/lead · found=164
  [317/1000] Beautiz Shop (beautizshop.com) → (none)   4.0s/lead · found=164
  [318/1000] Be Beauty Costa Rica → info@bebeautycostarica.com   4.0s/lead · found=165
  [319/1000] Beautify Shop (beautifydz.com) → (none)   4.0s/lead · found=165
  [320/1000] Beauté Magasin → (none)   4.0s/lead · found=165
  ↺ 브라우저 재시작 (누적 320건 · 발견 165건)
  [321/1000] Be Beauty Costa Rica → info@bebeautycostarica.com   4.0s/lead · found=166
  [322/1000] Banglashoppers → (none)   4.0s/lead · found=166
  [323/1000] Bandari Beauty (bandaribeauty.com) → orders@bandaribeauty.com   4.0s/lead · found=167
  [325/1000] BAREDEW STUDIO → baredewstudio@gmail.com   3.9s/lead · found=169
  [325/1000] Baneskincare → contact@baneskincareshop.com   3.9s/lead · found=169
  [326/1000] Bandari Beauty → orders@bandaribeauty.com   3.9s/lead · found=170
  [327/1000] Bandari Beauty → orders@bandaribeauty.com   3.9s/lead · found=171
  [328/1000] B Queen Shop → contact@bqueenshop.com   3.9s/lead · found=172
  [329/1000] Baki Beauty → (none)   3.9s/lead · found=172
  [330/1000] Baki Beauty (baki.co.ke) → (none)   3.9s/lead · found=172
  [331/1000] Asian Shop → (none)   3.9s/lead · found=172
  [332/1000] AsianBlossom (asianblossom.lt) → info@asianblossom.lt   3.9s/lead · found=173
  [333/1000] Audere Beauté (auderebeaute.com) → info@auderebeaute.com   3.9s/lead · found=174
  [334/1000] Asian Shop Peru → (none)   3.9s/lead · found=174
  [335/1000] AS Watson Group — Susanna Yuen (VP Merch → (none)   3.9s/lead · found=174
  [336/1000] AS Watson Group — Watsons K-beauty buyin → (none)   3.9s/lead · found=174
  [337/1000] Asia's Lovers (asialovershn.com) → back-in-stock@notifyboost.net   3.9s/lead · found=175
  [338/1000] Avenue Seoul (avenueseoul.com) → (none)   3.9s/lead · found=175
  [339/1000] AmintoBeauty (amintobeauty.com) → (none)   3.9s/lead · found=175
  [340/1000] Areum CR → (none)   3.9s/lead · found=175
  [341/1000] ARC Store (arcstore.co.za) → (none)   3.8s/lead · found=175
  [342/1000] AnkoreanStore (ankoreanstore.com) → (none)   3.9s/lead · found=175
  [343/1000] Althea Philippines (ph.althea.kr) → help@althea.kr   3.9s/lead · found=176
  [344/1000] Apotek Hjärtat (ICA Group) → (none)   3.9s/lead · found=176
  [345/1000] ARINSKIN (arinskin.shop) → (none)   3.9s/lead · found=176
  [346/1000] AmintoBeauty → (none)   3.9s/lead · found=176
  [347/1000] Allure Beauty Store → beauty@allure.com.ng   3.9s/lead · found=177
  [348/1000] ALMAYE Beauty Parapharmacie → (none)   3.9s/lead · found=177
  [349/1000] All About Skin Doha → (none)   3.9s/lead · found=177
  [350/1000] Alexandar Cosmetics → info@alexandar-cosmetics.com   3.9s/lead · found=178
  [351/1000] All About Skin Doha (allaboutskindoha.co → (none)   3.9s/lead · found=178
  [352/1000] Amazon India — K-beauty → saheli-karigar@amazon.com   3.9s/lead · found=179
  [353/1000] 4her (4her.lk) → info@4her.lk   3.9s/lead · found=180
  [354/1000] 28glow.is → info@28glow.is   3.9s/lead · found=181
  [355/1000] Adilsons Beauty (adilsons.mu) → (none)   3.9s/lead · found=181
  [356/1000] 28GLOW (28glow.is) → info@28glow.is   3.9s/lead · found=182
  [357/1000] Sabex d.o.o. → (none)   3.9s/lead · found=182
  [358/1000] Q-Depot → (none)   3.9s/lead · found=182
  [359/1000] 7SKIN (7skin.lv) → info@7skin.lv   3.9s/lead · found=183
  [360/1000] TheSkinFit (theskinfit.com) → (none)   3.9s/lead · found=183
  ↺ 브라우저 재시작 (누적 360건 · 발견 183건)
  [361/1000] OG Global → contact@ogglobalimport.com   3.9s/lead · found=184
  [362/1000] LH Brands GmbH (LHBG / K-Beauty House) → (none)   3.9s/lead · found=184
  [363/1000] KENCANA GmbH → mario.bareither@kencana.de   3.9s/lead · found=185
  [364/1000] DOUGLAS Group → info@douglas.de   3.9s/lead · found=186
  [365/1000] SIROWA Group → at.sirowa@sirowa.com   3.9s/lead · found=187
  [366/1000] AlMaqsad (beitalmaqsad.com) → info@beitalmaqsad.com   3.9s/lead · found=188
  [367/1000] HSC Co., Ltd (TheFaceShop Cambodia exclu → (none)   3.9s/lead · found=188
  [368/1000] Luxury Distribution (CEE5) → (none)   3.9s/lead · found=188
  [369/1000] AlMaqsad (Beit AlMaqsad) → info@beitalmaqsad.com   3.8s/lead · found=189
  [370/1000] BeautyGlance.pk → (none)   3.9s/lead · found=189
  [371/1000] Al Mouyasser (Fattal Group) → info@almouyasser.com   3.9s/lead · found=190
  [372/1000] Al Mouyasser (almouyasser.com) → info@almouyasser.com   3.9s/lead · found=191
  [373/1000] Al Mouyasser → info@almouyasser.com   4.0s/lead · found=192
  [374/1000] YesStyle (Anua / Beauty of Joseon author → privacy@yesstyle.com   4.0s/lead · found=193
  [375/1000] YoungMi (youngmi.store) → ventas@youngmi.store   4.0s/lead · found=194
  [377/1000] ZayaBilgee (Missha / CLIO Mongolia) → dev7561@gmail.com   3.9s/lead · found=196
  [377/1000] Wamak Supplies → info@wamaksupplies.com   3.9s/lead · found=196
  [378/1000] Whites (whites.sa) → online@whites.net   3.9s/lead · found=197
  [379/1000] YoungMi Store → ventas@youngmi.store   3.9s/lead · found=198
  [380/1000] Al Mouyasser → (none)   3.9s/lead · found=198
  [381/1000] YiWu Daiwang Cosmetic (Peijia 'Vivian' H → jubao@lingying.com   3.9s/lead · found=199
  [382/1000] Vegas.pk → support@vegas.pk   3.9s/lead · found=200
  [383/1000] Victoria International (Victoriaglo) → guswhd0103@naver.com   3.9s/lead · found=201
  [384/1000] UTN Wholesale (COSRX authorized US whole → info@stagheaddesigns.com   3.9s/lead · found=202
  [385/1000] USA Cosmetics → admin@usacosmetics.com   3.9s/lead · found=203
  [386/1000] VV Kbeauty Shop (Vientiane) → dev7561@gmail.com   3.9s/lead · found=204
  [387/1000] urì Korean Skincare (uriskincare.it) → sales@orumskincare.com   3.9s/lead · found=205
  [388/1000] The Gioi Skin Food (Thế Giới Skinfood) → sales@thegioiskinfood.com   3.9s/lead · found=206
  [389/1000] The K Beauty (thekbeauty.com) → servizioclienti@thekbeauty.com   3.9s/lead · found=207
  [390/1000] SY Enterprises Nepal → (none)   3.9s/lead · found=207
  [391/1000] TheSkinFit (theskinfit.com) → (none)   3.9s/lead · found=207
  [392/1000] SY Enterprises (syenterprisesnepal.com) → (none)   3.9s/lead · found=207
  [393/1000] SUPERCOSMETICS → info@supercosmetics.ru   3.9s/lead · found=208
  [394/1000] The Face Shop Oman → info@thefaceshop.om   3.9s/lead · found=209
  [395/1000] StyleKorean Arabia → info@stylekoreanarabia.com   3.9s/lead · found=210
  [396/1000] STYLEMITE SHOP (COSRX authorized UK/USA/ → stylemite@stylemite.com   3.9s/lead · found=211
  [397/1000] STYLEVANA (cross-border DTC) → marketing@stylevana.com   3.9s/lead · found=212
  [398/1000] Soko Store → (none)   4.0s/lead · found=212
  [399/1000] Sparcos → (none)   4.0s/lead · found=212
  [400/1000] STYLEVANA (Anua authorized retailer) → marketing@stylevana.com   4.0s/lead · found=213
  ↺ 브라우저 재시작 (누적 400건 · 발견 213건)
  [401/1000] SOKO INC. → info@sokoinc.com.uy   4.0s/lead · found=214
  [402/1000] Skinum (skinum.ge) → info@skinum.ge   3.9s/lead · found=215
  [403/1000] Skinum → info@skinum.ge   3.9s/lead · found=216
  [404/1000] Soko Store (GCC K-beauty) → (none)   3.9s/lead · found=216
  [405/1000] Skinum (skinum.ge) → info@skinum.ge   3.9s/lead · found=217
  [406/1000] Somi Skincare → (none)   3.9s/lead · found=217
  [407/1000] Soko Beauty House → tienda@sokobeautyhouse.com   3.9s/lead · found=218
  [408/1000] SkinCare.pl → info@skincare.pl   3.9s/lead · found=219
  [409/1000] Skintalk → (none)   3.9s/lead · found=219
  [410/1000] Skin Store Pakistan → (none)   3.9s/lead · found=219
  [411/1000] SKIN TREATS Maldives (skintreatsmv.com) → (none)   4.0s/lead · found=219
  [412/1000] Skin Cupid (UK K-beauty retailer + flags → hello@skincupid.co.uk   4.0s/lead · found=220
  [413/1000] Skin Care BD (Skincarebd.com) → helloskincarebd@gmail.com   4.0s/lead · found=221
  [414/1000] Skin Care BD → helloskincarebd@gmail.com   4.0s/lead · found=222
  [415/1000] Skin Bae (skinbae.in) → support@skinbae.in   3.9s/lead · found=223
  [416/1000] Skin Bae → support@skinbae.in   3.9s/lead · found=224
  [417/1000] SKEEN → info@qudo.ro   3.9s/lead · found=225
  [418/1000] SIROWA Group → at.sirowa@sirowa.com   3.9s/lead · found=226
  [419/1000] Shopzetu → support@shopzetu.com   3.9s/lead · found=227
  [420/1000] Shwe Pyi Nann Group → spmh08@gmail.com   3.9s/lead · found=228
  [421/1000] Shoppers Choice LLC → sales@shopperschoice.ae   3.9s/lead · found=229
  [424/1000] SIMKA GROUP (simkagroup.lt) → simas@simkagroup.lt   3.9s/lead · found=230
  [424/1000] SKIN TREATS → (none)   3.9s/lead · found=230
  [424/1000] Skin Treats (skintreatsmv.com) → (none)   3.9s/lead · found=230
  [425/1000] Shine Skin Bangladesh → kcosw.bd71@gmail.com   3.9s/lead · found=231
  [426/1000] Shop Korea Kenya → hello@shopkorea.co.ke   3.9s/lead · found=232
  [427/1000] Seoul of Tokyo (seouloftokyo.co.za) → seouloftokyosa@gmail.com   3.9s/lead · found=233
  [428/1000] Sabex d.o.o. → (none)   3.9s/lead · found=233
  [429/1000] Sammi Shop → cskh@sammishop.com   3.9s/lead · found=234
  [430/1000] Secret Skin → info@secretskin.co.za   3.9s/lead · found=235
  [431/1000] RunRabbit → hello@runrabbit.lk   3.9s/lead · found=236
  [432/1000] Run Rabbit (runrabbit.lk) → (none)   3.9s/lead · found=236
  [433/1000] RunRabbit → (none)   3.9s/lead · found=236
  [434/1000] RK Cosmetics (rkcosmetic.in) → kzarselecthotel@gmail.com   3.9s/lead · found=237
  [435/1000] Rossmann (Dirk Rossmann GmbH) — K-beauty → (none)   3.9s/lead · found=237
  [436/1000] QudoBeauty → info@qudo.ro   3.9s/lead · found=238
  [438/1000] Reto Distribution GmbH → kontakt@reto-distribution.de   3.9s/lead · found=239
  [438/1000] Seoulogy → (none)   3.9s/lead · found=239
  [439/1000] REGY BEAUTY → (none)   3.9s/lead · found=239
  [440/1000] Rajshree Empire → (none)   3.9s/lead · found=239
  ↺ 브라우저 재시작 (누적 440건 · 발견 239건)
  [441/1000] RK Cosmetics → kzarselecthotel@gmail.com   3.9s/lead · found=240
  [443/1000] Qudo Beauty → info@qudo.ro   3.9s/lead · found=242
  [443/1000] QudoBeauty → info@qudo.ro   3.9s/lead · found=242
  [444/1000] Qogita → sales@qogita.com   3.9s/lead · found=243
  [446/1000] Qudo Beauty (Qudo Korean Beauty Care SRL → info@qudo.ro   3.9s/lead · found=245
  [446/1000] Qudo Beauty (qudobeauty.com) → info@qudo.ro   3.9s/lead · found=245
  [447/1000] Princess Cosmetics Qatar (formerly Dobee → princesscosmeticsqatar@gmail.com   3.9s/lead · found=246
  [448/1000] Pure Raum → hello@pureraum.com   3.9s/lead · found=247
  [449/1000] PT Korea Beauty Solutions → kbs.digitalmarketing01@gmail.com   3.9s/lead · found=248
  [450/1000] Pleea Cosmetics (pleeacosmetics.com) → hola@pleeacosmetics.com   3.9s/lead · found=249
  [451/1000] Q-Depot → (none)   3.8s/lead · found=249
  [452/1000] Q-Depot (Japan-serving wholesale) → wholesale@q-depot.com   3.9s/lead · found=250
  [453/1000] Pibukor → info@pibukor.com   3.9s/lead · found=251
  [454/1000] Pharmacoo Wholesale → info@pharmacoo.com.au   3.9s/lead · found=252
  [455/1000] Pretty Me Philippines → (none)   3.9s/lead · found=252
  [456/1000] Pretty Me Philippines → (none)   3.9s/lead · found=252
  [457/1000] Peach'ly → peachlyonline@gmail.com   3.9s/lead · found=253
  [458/1000] pH Cosmetic (ENKARU, phcosmetic.ge) → (none)   3.9s/lead · found=253
  [459/1000] Peach'ly (peachlyonline.com) → peachlyonline@gmail.com   3.9s/lead · found=254
  [461/1000] Peach'ly → peachlyonline@gmail.com   3.9s/lead · found=256
  [461/1000] ORION XO Exclusive (Orion Inmotion Holdi → contact@orionxoxo.lk   3.9s/lead · found=256
  [462/1000] ORION XO / Orion Inmotion Holding → contact@orionxoxo.lk   3.9s/lead · found=257
  [463/1000] Pan Beauty Arabia → (none)   3.9s/lead · found=257
  [464/1000] ORION XO (Orion Inmotion Pvt Ltd) → contact@orionxoxo.lk   3.9s/lead · found=258
  [465/1000] ORION XO (Orion Inmotion Holding) → contact@orionxoxo.lk   3.9s/lead · found=259
  [466/1000] ORION XO (Orion Inmotion Holding) → contact@orionxoxo.lk   3.9s/lead · found=260
  [467/1000] Perfume Europe (perfumeeurope.com — K-Be → contact@perfumeeurope.com   3.8s/lead · found=261
  [468/1000] Orion XO (Orion Inmotion Holding) → contact@orionbeauty.lk   3.8s/lead · found=262
  [471/1000] Official KBeauty / OKB (officialkbeauty. → wholesale@officialkbeauty.com   3.8s/lead · found=265
  [471/1000] Official KBeauty (OKB) → wholesale@officialkbeauty.com   3.8s/lead · found=265
  [471/1000] ORION XO (Orion Inmotion Holding) → contact@orionxoxo.lk   3.8s/lead · found=265
  [472/1000] Orion Beauty (orionbeauty.lk) → contact@orionbeauty.lk   3.8s/lead · found=266
  [473/1000] Nordic Beauty Company → info@nordic-beauty.eu   3.8s/lead · found=267
  [474/1000] Nrsen Trading → info@nrsen.sa   3.8s/lead · found=268
  [475/1000] Nrsen Trading — Faisal Alsahli (Founder) → info@nrsen.sa   3.8s/lead · found=269
  [476/1000] Nuty Cosmetics → nutycosmetics@gmail.com   3.8s/lead · found=270
  [477/1000] Nuty Cosmetics → nutycosmetics@gmail.com   3.8s/lead · found=271
  [478/1000] NIASHA (niasha.ch) → info@niasha.ch   3.8s/lead · found=272
  [479/1000] Nastelle (nastelle.ro) → (none)   3.8s/lead · found=272
  [480/1000] Navoiy Beauty Cosmetics → mailing-address_-1177-avenue-of-the-americas-5th-floor-new-york-new-york-10036-telephone_-212-901-0890-email_-admin@timesca.com   3.8s/lead · found=273
  ↺ 브라우저 재시작 (누적 480건 · 발견 273건)
  [481/1000] NaayIraq → (none)   3.8s/lead · found=273
  [482/1000] Naay (naayiq.com / Blacktech LLC) → (none)   3.8s/lead · found=273
  [483/1000] Myskin (MS Wholesale) → sales@myskin.dk   3.8s/lead · found=274
  [484/1000] Naay → (none)   3.8s/lead · found=274
  [485/1000] MY-KARE (my-kare.com) → sales@my-kare.com   3.8s/lead · found=275
  [486/1000] MySkin.md → info@myskin.md   3.8s/lead · found=276
  [487/1000] MY Lab Africa (mylabafrica.com) → customersupport@mylabafrica.com   3.8s/lead · found=277
  [488/1000] MYKOCO → charmzoneafrica@gmail.com   3.8s/lead · found=278
  [489/1000] MY Lab Africa (mylabafrica.com) → customersupport@mylabafrica.com   3.8s/lead · found=279
  [490/1000] MY Lab Africa (mylabafrica.com) → partnerships@mylabafrica.com   3.8s/lead · found=280
  [491/1000] Myriad Beauty Qatar → (none)   3.8s/lead · found=280
  [492/1000] Myriad Beauty → (none)   3.8s/lead · found=280
  [493/1000] MY Lab Africa → customersupport@mylabafrica.com   3.8s/lead · found=281
  [494/1000] MY Lab Africa → customersupport@mylabafrica.com   3.8s/lead · found=282
  [495/1000] My Asia A&K Beauty → wholesale@holika.pl   3.8s/lead · found=283
  [496/1000] My K Romania (my-k.ro) → contact@my-k.ro   3.8s/lead · found=284
  [498/1000] MY Lab Africa → customersupport@mylabafrica.com   3.8s/lead · found=286
  [498/1000] My K Romania → contact@my-k.ro   3.8s/lead · found=286
  [499/1000] MS Wholesale → sales@myskin.dk   3.8s/lead · found=287
  [500/1000] Milmul Distribution → milmuldistribution@gmail.com   3.8s/lead · found=288
  [501/1000] Milmul Distribution → milmuldistribution@gmail.com   3.8s/lead · found=289
  [502/1000] Mikaela Beauty → (none)   3.8s/lead · found=289
  [503/1000] Miiora (miiora.com) → daniele@miiora.com   3.8s/lead · found=290
  [504/1000] Mikrokosmos d.o.o. → info@mikrokosmos.hr   3.8s/lead · found=291
  [505/1000] Miss & Missy (missandmissy.de) → (none)   3.8s/lead · found=291
  [506/1000] Merchantry Global Pte Ltd → enquiry@merchantryglobal.com   3.8s/lead · found=292
  [507/1000] Miloon → (none)   3.7s/lead · found=292
  [508/1000] MIIN Trade (miintrade.com) → sales@miin-cosmetics.com   3.8s/lead · found=293
  [509/1000] MiiN Italy (within MiiN Cosmetics networ → sales@miin-cosmetics.com   3.8s/lead · found=294
  [510/1000] MiiN Cosmetics / MiiN Trade → sales@miin-cosmetics.com   3.8s/lead · found=295
  [511/1000] Medi Myanmar Group → contact@medimyanmar.com   3.8s/lead · found=296
  [512/1000] LW-Wholesale (lw-wholesale.com) → info@lw-wholesale.com   3.8s/lead · found=297
  [513/1000] Makeup2Beauty → (none)   3.8s/lead · found=297
  [514/1000] Luxury Distribution → sylvie@luxurydistribution.cz   3.8s/lead · found=298
  [515/1000] LUNA Beauty → helloluna.am@gmail.com   3.8s/lead · found=299
  [516/1000] Luxe KBeauty International (lkbeautyintl → (none)   3.8s/lead · found=299
  [517/1000] Lyko → (none)   3.8s/lead · found=299
  [518/1000] Lila Beauty → hello@lilabeauty.com.au   3.8s/lead · found=300
  [519/1000] Luxury Distribution (luxurydistribution. → (none)   3.8s/lead · found=300
  [520/1000] MAMOSO K-beauty → (none)   3.8s/lead · found=300
  ↺ 브라우저 재시작 (누적 520건 · 발견 300건)
  [521/1000] LOVU Beauty Code → info.lovu@gmail.com   3.8s/lead · found=301
  [522/1000] Lenzer Trade OÜ (koreancosmetics.eu) → info@koreancosmetics.eu   3.8s/lead · found=302
  [523/1000] Lam Thảo Cosmetics → (none)   3.8s/lead · found=302
  [524/1000] Lavuu Cosmetics (lavuucosmetics.com) → ventas@lavuucosmetics.com   3.8s/lead · found=303
  [525/1000] Laura Rosse (Korea.com.bo) → cosmetin_park@hotmail.com   3.8s/lead · found=304
  [526/1000] Landing International → (none)   3.8s/lead · found=304
  [527/1000] Lam Thảo Cosmetics → cskh@lamthaocosmetic.vn   3.8s/lead · found=305
  [528/1000] Lady Bonita NZ (authorized distributor) → info@ladybonita.co.nz   3.8s/lead · found=306
  [529/1000] LACOSME GROUP → (none)   3.8s/lead · found=306
  [530/1000] Lady Bonita → info@ladybonita.co.nz   3.8s/lead · found=307
  [531/1000] Lakinza → hello@lakinza.ca   3.8s/lead · found=308
  [533/1000] Lotana → (none)   3.8s/lead · found=308
  [533/1000] Lotana → (none)   3.8s/lead · found=308
  [534/1000] KPG Beauty → sales@kpgbeauty.com   3.8s/lead · found=309
  [535/1000] KPG Beauty (kpgbeauty.com) → sales@kpgbeauty.com   3.8s/lead · found=310
  [536/1000] KPG Beauty (kpgbeauty.com) → sales@kpgbeauty.com   3.7s/lead · found=311
  [537/1000] KUTY México (Belleza Coreana) → (none)   3.7s/lead · found=311
  [538/1000] Kosmos Beauty Lab → hello@kosmosbeauty.com   3.7s/lead · found=312
  [539/1000] Kukalemon → (none)   3.7s/lead · found=312
  [540/1000] Kosmos Beauty Lab → (none)   3.8s/lead · found=312
  [541/1000] Kosmos Beauty Lab → (none)   3.7s/lead · found=312
  [542/1000] Kosmos Beauty Lab → (none)   3.8s/lead · found=312
  [543/1000] KoreaShop.sk → b2b@koreashop.hu   3.8s/lead · found=313
  [544/1000] koreancosmetic.gr → (none)   3.8s/lead · found=313
  [545/1000] Korendy Türkiye → destek@korendy.com.tr   3.7s/lead · found=314
  [546/1000] Korean-Skincare.pk → support@koreanskincarepakistan.com   3.7s/lead · found=315
  [547/1000] koreancosmetics.eu → info@koreancosmetics.eu   3.7s/lead · found=316
  [548/1000] Kosmeticos (K-Osmeticos) → (none)   3.7s/lead · found=316
  [549/1000] Korean-Skincare.pk → support@koreanskincarepakistan.com   3.7s/lead · found=317
  [550/1000] Koreana International (koreanainternatio → (none)   3.7s/lead · found=317
  [551/1000] Koreana International → (none)   3.7s/lead · found=317
  [552/1000] Korean Skincare Arabia → support@koreanskincarearabia.com   3.7s/lead · found=318
  [553/1000] Korean Skincare Supply → info@koreanskincaresupply.com   3.7s/lead · found=319
  [555/1000] Korean Skincare Supply (KSS) → info@koreanskincaresupply.com   3.7s/lead · found=321
  [555/1000] Korean Skincare Pakistan (korean-skincar → support@koreanskincarepakistan.com   3.7s/lead · found=321
  [556/1000] Korean Skincare Pakistan → support@koreanskincarepakistan.com   3.7s/lead · found=322
  [557/1000] Korean Glam By Ameni → contact@korean-glam.tn   3.7s/lead · found=323
  [558/1000] Korean Glow Trading → glowhubtrading@gmail.com   3.7s/lead · found=324
  [559/1000] Korean Shop Serbia (koreanshopserbia.com → (none)   3.7s/lead · found=324
  [560/1000] Korean Skincare Zambia (@kbeauty_zambia) → (none)   3.7s/lead · found=324
  ↺ 브라우저 재시작 (누적 560건 · 발견 324건)
  [561/1000] Korean Cosmetics Corner → koreancosmetics360@gmail.com   3.7s/lead · found=325
  [562/1000] Korean Cosmetics Worldwide (KCWW) → info@koreancosmeticsinlebanon.com   3.7s/lead · found=326
  [563/1000] Korean Cosmetics Wholesale (Canary Islan → hello@koreancosmeticwholesale.com   3.7s/lead · found=327
  [564/1000] Korean Beauty Point (koreanbeautypoint.c → sales@koreanbeautypoint.com   3.7s/lead · found=328
  [565/1000] Korean Cosmetics Bazar (KCB) → kcb.com.bd@gmail.com   3.7s/lead · found=329
  [566/1000] Korean Cosmetics Peru → (none)   3.7s/lead · found=329
  [567/1000] Korean Beautys → contact@koreanbeautys.com   3.7s/lead · found=330
  [568/1000] Korean Beauty Nigeria (KBN) → hello@kbeautynigeria.com   3.7s/lead · found=331
  [569/1000] Korean Beauty Nigeria (KBN) → hello@kbeautynigeria.com   3.7s/lead · found=332
  [570/1000] Korean Beauty Skincare → (none)   3.7s/lead · found=332
  [571/1000] Korean Beauty Nigeria (KBN) → hello@kbeautynigeria.com   3.7s/lead · found=333
  [572/1000] Korean Beauty Nigeria (KBN) → hello@kbeautynigeria.com   3.7s/lead · found=334
  [573/1000] Korean Beauty Emirates → (none)   3.7s/lead · found=334
  [574/1000] Korean Beauty (k-beauty.ro) → comenzi@k-beauty.ro   3.7s/lead · found=335
  [575/1000] Korea Cosmetics BN → (none)   3.6s/lead · found=335
  [576/1000] Korean Beauty Albania (KBA) → email@juaj.al   3.6s/lead · found=336
  [577/1000] KONA BIOSCIENCES → info@kona.ng   3.6s/lead · found=337
  [578/1000] Korea Cosmetics BN (koreacosmeticsbn.com → (none)   3.6s/lead · found=337
  [579/1000] Kool Seoul → (none)   3.6s/lead · found=337
  [580/1000] Kool Seoul (koolseoul.com) → (none)   3.6s/lead · found=337
  [581/1000] KONA Biosciences (kona.ng) → info@kona.ng   3.6s/lead · found=338
  [582/1000] KoCos Bulgaria Ltd. (kocos.bg) → sales@kocos.bg   3.6s/lead · found=339
  [583/1000] KOCOS Bulgaria → sales@kocos.bg   3.6s/lead · found=340
  [584/1000] Korean Care BD (kCareBD / kcarebd.com) → (none)   3.6s/lead · found=340
  [585/1000] KONA Biosciences → info@kona.ng   3.6s/lead · found=341
  [586/1000] KoCos Bulgaria → sales@kocos.bg   3.6s/lead · found=342
  [587/1000] KoCo 4 SA → (none)   3.6s/lead · found=342
  [588/1000] KOCO82 (Korean Code 82) → info@genhackmagazine.com   3.6s/lead · found=343
  [589/1000] KONA Bioscience (kona.ng) → info@kona.ng   3.6s/lead · found=344
  [590/1000] KIS Beauty Store (Central Retail) → contact@central.co.th   3.6s/lead · found=345
  [591/1000] KCWW (Korean Cosmetics Worldwide) → info@koreancosmeticsinlebanon.com   3.6s/lead · found=346
  [592/1000] Koba International → support@kobainternational.com   3.6s/lead · found=347
  [593/1000] KC Bazar (Kcbazar Ltd.) → sayed7398@gmail.com   3.6s/lead · found=348
  [594/1000] KC Bazar (Korean Cosmetics Bazar) → sayed7398@gmail.com   3.6s/lead · found=349
  [595/1000] Kbeautynz → (none)   3.6s/lead · found=349
  [597/1000] KbeautyEC (kbeautyec.com) → hola@kbeautyec.com   3.6s/lead · found=351
  [597/1000] KbeautyEC → hola@kbeautyec.com   3.6s/lead · found=351
  [599/1000] Kbeauty Nigeria (KBN) → hello@kbeautynigeria.com   3.6s/lead · found=353
  [599/1000] KBeauty Nigeria → hello@kbeautynigeria.com   3.6s/lead · found=353
  [600/1000] KGLOW (kglowpk.com) → (none)   3.6s/lead · found=353
  ↺ 브라우저 재시작 (누적 600건 · 발견 353건)
  [601/1000] K-Young Thailand → kyoungthailand@gmail.com   3.6s/lead · found=354
  [602/1000] Kallos Vietnam → kim@kallos.vn   3.6s/lead · found=355
  [603/1000] KBeauty MX (kbeautymx.com) → (none)   3.6s/lead · found=355
  [604/1000] K-BeautyCI → support@k-beautyci.com   3.6s/lead · found=356
  [605/1000] K-Skin Honduras → (none)   3.6s/lead · found=356
  [606/1000] Kahng (Aurore Bouteille - people-lead) → jubao@lingying.com   3.6s/lead · found=357
  [607/1000] K-Beauty Mart (kbeauty-mart.com) → (none)   3.6s/lead · found=357
  [608/1000] K-Beauty Maroc → contact@kbeauty-maroc.com   3.6s/lead · found=358
  [609/1000] K-Beauty House → info@k-beautyhouse.co.za   3.6s/lead · found=359
  [610/1000] K-Beauty Colombia → info@kbeautycolombia.com   3.6s/lead · found=360
  [612/1000] K-Beauty Colombia → info@kbeautycolombia.com   3.6s/lead · found=361
  [612/1000] K-Beauty Latam → (none)   3.6s/lead · found=361
  [613/1000] K-Beauty Norge AS → jubao@lingying.com   3.6s/lead · found=362
  [614/1000] K-Beauty Bangladesh (kbeautybangladesh.c → k-beautybangladesh@gmail.com   3.6s/lead · found=363
  [615/1000] K Beauty Kenya (kbeautykenya.com) → hello@kbeautykenya.com   3.6s/lead · found=364
  [616/1000] K Beauty Kenya → hello@kbeautykenya.com   3.6s/lead · found=365
  [617/1000] K Beauty Outlet USA (KBOU) → (none)   3.6s/lead · found=365
  [618/1000] Justin Beauty (justinbeauty.com) → contact@justinbeauty.com   3.5s/lead · found=366
  [619/1000] Just Cosmetics Cyprus (justcosmetics.cy) → (none)   3.5s/lead · found=366
  [620/1000] JeeShop (jeeshop.eu) → (none)   3.6s/lead · found=366
  [621/1000] JeeShop (jeeshop.eu) → (none)   3.6s/lead · found=366
  [622/1000] JSW Asset Co., Ltd. → info@jswasset.com   3.6s/lead · found=367
  [623/1000] ISEI (isei.pl) → sales@isei.pl   3.6s/lead · found=368
  [624/1000] HOLIKA HOLIKA Indonesia → online@holikaholika.co.id   3.6s/lead · found=369
  [625/1000] Hive K-beauty & K-POP NZ → info@k-beauty.co.nz   3.5s/lead · found=370
  [626/1000] iBeauty.md → info@ibeauty.md   3.5s/lead · found=371
  [627/1000] Home of Korean Beauty (HOK) → homeofkoreanbeautyng@gmail.com   3.5s/lead · found=372
  [628/1000] HeavenPrime (Anua authorized US wholesal → contact@heavenprime.com   3.5s/lead · found=373
  [629/1000] HECA Corp (Herba Color) → info@herbacolor.com   3.5s/lead · found=374
  [630/1000] JeeShop → (none)   3.5s/lead · found=374
  [631/1000] Hbytala → (none)   3.5s/lead · found=374
  [632/1000] Hbytala — Korean cosmetics Lebanon → (none)   3.5s/lead · found=374
  [633/1000] Harmoniq AB → kundservice@harmoniq.se   3.5s/lead · found=375
  [634/1000] Hbytala (hbytala.com) → (none)   3.5s/lead · found=375
  [635/1000] Hansung ebusiness → privacy@cision.com   3.5s/lead · found=376
  [636/1000] GRLFRND Shop (grlfrndshop.com) → officialgrlfrnd@hotmail.com   3.5s/lead · found=377
  [637/1000] Golden Corner Sdn Bhd → info@goldencorner.com.my   3.5s/lead · found=378
  [638/1000] Hbytala → (none)   3.5s/lead · found=378
  [639/1000] Glowy Skin Kosova → (none)   3.5s/lead · found=378
  [640/1000] Hana HP Group → contact@beautysummit.ai   3.5s/lead · found=379
  ↺ 브라우저 재시작 (누적 640건 · 발견 379건)
  [641/1000] Glowyskin Albania → (none)   3.6s/lead · found=379
  [642/1000] Glowy Skin Albania (glowyskinshop.com) → (none)   3.5s/lead · found=379
  [643/1000] GlowSecret → (none)   3.5s/lead · found=379
  [644/1000] Glowy Skin Albania → (none)   3.6s/lead · found=379
  [645/1000] GlowSecret (glowsecret.co.ke) → (none)   3.6s/lead · found=379
  [646/1000] GlowSecret → (none)   3.5s/lead · found=379
  [647/1000] Glow Theory → hello@glowtheory.co.za   3.5s/lead · found=380
  [648/1000] Gekkasei Trading Co., Ltd. → info@gekkasei.co.jp   3.5s/lead · found=381
  [649/1000] Glimbora Solutions → (none)   3.5s/lead · found=381
  [650/1000] Glow Theory (glowtheory.com) → hello@glowtheory.co.za   3.5s/lead · found=382
  [651/1000] Gangnam Beaute → contact@gangnambeaute.com   3.5s/lead · found=383
  [652/1000] Fitlife Traders Pvt. Ltd. → info@fitlifetraders.com   3.5s/lead · found=384
  [653/1000] Fitlife Traders Pvt. Ltd. → info@fitlifetraders.com   3.5s/lead · found=385
  [654/1000] Festinus Beauty → info@festinus.hr   3.5s/lead · found=386
  [655/1000] Fine Rituals → (none)   3.5s/lead · found=386
  [656/1000] Gather Group HK Ltd (CK Yip - people-lea → jubao@lingying.com   3.5s/lead · found=387
  [657/1000] Festinus Beauty (Lily.hr) → info@festinus.hr   3.5s/lead · found=388
  [658/1000] Fast Beauty Indonesia (Fast K. Beauty) → cs@fastkbeauty.com   3.5s/lead · found=389
  [659/1000] Faire (US/EU B2B marketplace) → info@epiqueshoppes.com   3.5s/lead · found=390
  [660/1000] EXOD International → info@exodint.com   3.5s/lead · found=391
  [661/1000] Eurokos Cosmetics → (none)   3.5s/lead · found=391
  [662/1000] Feel22 Egypt → (none)   3.5s/lead · found=391
  [663/1000] Ethel Distribution → sales@paulaschoice.kz   3.5s/lead · found=392
  [664/1000] Euro Cosmetics → info@eurocosmetics.biz   3.5s/lead · found=393
  [665/1000] Ethel Distribution → sales@paulaschoice.kz   3.5s/lead · found=394
  [666/1000] ESLAB Global (eslabglobal.com) → eslabelsalvador@gmail.com   3.5s/lead · found=395
  [667/1000] Eurocosmetics (eurocosmetics-ks.com) → info@eurocosmetics.biz   3.5s/lead · found=396
  [668/1000] Fabella (Fabella Shop) → service-client@fabellashop.com   3.5s/lead · found=397
  [669/1000] Emprende Coquetta → (none)   3.5s/lead · found=397
  [670/1000] Dubai Wholesale Store → dubaiwholesale88@gmail.com   3.5s/lead · found=398
  [671/1000] ES Beauty Closet → (none)   3.5s/lead · found=398
  [672/1000] Emprende Coquetta → (none)   3.5s/lead · found=398
  [673/1000] Divinas K-Beauty (Divinas Guatemala S.A. → ventas@divinaskb.com   3.5s/lead · found=399
  [674/1000] ES Beauty Closet → (none)   3.5s/lead · found=399
  [675/1000] Dis-Chem Pharmacies → (none)   3.5s/lead · found=399
  [676/1000] DillyDilly International (dillydilly.ae  → (none)   3.5s/lead · found=399
  [677/1000] Divinas K-Beauty → ventas@divinaskb.com   3.5s/lead · found=400
  [678/1000] Dlux Professional → (none)   3.5s/lead · found=400
  [679/1000] Dalink Vietnam → admin@dalinkvietnam.com   3.5s/lead · found=401
  [680/1000] Dalora (dalora.sk) → info@dalora.sk   3.5s/lead · found=402
  ↺ 브라우저 재시작 (누적 680건 · 발견 402건)
  [681/1000] Dalink Vietnam (dalinkvietnam.com) → admin@dalinkvietnam.com   3.5s/lead · found=403
  [682/1000] Cremile B2B (b2b.cremile.com) → sales@cremile.com   3.5s/lead · found=404
  [683/1000] Cozmetica → (none)   3.5s/lead · found=404
  [684/1000] D'Maure Cosmeticos → (none)   3.5s/lead · found=404
  [685/1000] Costco Wholesale Canada → (none)   3.5s/lead · found=404
  [686/1000] Cosmoprof Asia 2025/2026 — Korean Pavili → info@cosmoprof.it   3.5s/lead · found=405
  [687/1000] Cosmetics From Korea Jumla → cosmeticsjumla@gmail.com   3.5s/lead · found=406
  [688/1000] Cosmetics From Korea Jumla → cosmeticsjumla@gmail.com   3.5s/lead · found=407
  [689/1000] CosmoStore Turkmenistan (tm.cosmostore.o → advert@cosmostore.org   3.5s/lead · found=408
  [690/1000] Cosibella Wholesale → contact@cosibella-wholesale.com   3.5s/lead · found=409
  [691/1000] Cosmeticca → (none)   3.5s/lead · found=409
  [692/1000] Cosibella Wholesale → contact@cosibella-wholesale.com   3.5s/lead · found=410
  [693/1000] COSE beauty retail (cose.mn) → info@cose.mn   3.5s/lead · found=411
  [694/1000] Cosme Hut (cosmehut.com.au) → (none)   3.5s/lead · found=411
  [695/1000] COREE Korean Cosmetics (coree.ch) → hello@coree.ch   3.5s/lead · found=412
  [696/1000] Commalax PH (I-Jin International Inc.) → commalaxph@gmail.com   3.5s/lead · found=413
  [697/1000] COOS Cosmetics → info@coos-cosmetics.com   3.5s/lead · found=414
  [698/1000] Cosmoprof Worldwide Bologna — Korean Pav → (none)   3.5s/lead · found=414
  [699/1000] Commalax (I-Jin International Inc.) → commalaxph@gmail.com   3.5s/lead · found=415
  [700/1000] Commalax PH (I-Jin International Inc.) → commalaxph@gmail.com   3.5s/lead · found=416
  [701/1000] CEPA India → info@cepaindia.com   3.5s/lead · found=417
  [702/1000] Comax (comax.uz) → (none)   3.5s/lead · found=417
  [703/1000] CEPA India → info@cepaindia.com   3.5s/lead · found=418
  [704/1000] COFACA → info@cofaca.com.do   3.5s/lead · found=419
  [705/1000] Celesta Korea → info@celestakorea.com   3.5s/lead · found=420
  [706/1000] CarasaLab → carasa@carasalab.com   3.5s/lead · found=421
  [707/1000] CorSkin (corskin.com.co) → (none)   3.5s/lead · found=421
  [708/1000] BuyBetter Nigeria → (none)   3.5s/lead · found=421
  [709/1000] Brandworks Baltics OÜ → (none)   3.5s/lead · found=421
  [710/1000] BONIIK → wholesale@boniik.com.au   3.5s/lead · found=422
  [711/1000] BNC JAPAN / Beauty & Natural Cosmetics → info@bncjapan.co.jp   3.5s/lead · found=423
  [712/1000] Chalhoub Group (luxury distribution ME) → (none)   3.5s/lead · found=423
  [713/1000] Blush Me → (none)   3.5s/lead · found=423
  [714/1000] Burkina Korean Cosmetics → dev7561@gmail.com   3.5s/lead · found=424
  [715/1000] Bloom & Beauty (bloomandbeauty.lk) → (none)   3.5s/lead · found=424
  [716/1000] Best Buy World Philippines → hello@bestbuyworld.ph   3.5s/lead · found=425
  [717/1000] BiY Asia (biy.asia) → hello.biyasia@gmail.com   3.5s/lead · found=426
  [718/1000] Bismid Cosmetics (Abuja) → info@bismidcosmeticsabuja.com   3.5s/lead · found=427
  [719/1000] BicTrading Co., Ltd. → (none)   3.5s/lead · found=427
  [720/1000] Bellcos → bellcos@bellcos.com.bo   3.5s/lead · found=428
  ↺ 브라우저 재시작 (누적 720건 · 발견 428건)
  [723/1000] Beautyko Import → hello@smuutiskin.com   3.5s/lead · found=431
  [723/1000] Beautyko Import Ltd → hello@smuutiskin.com   3.5s/lead · found=431
  [723/1000] Beautyko Import → hello@smuutiskin.com   3.5s/lead · found=431
  [724/1000] Beauty-Line Orbico LTD → beauty.line.by@orbico.com   3.5s/lead · found=432
  [725/1000] Beauty2B → sales@beauty2be.ru   3.5s/lead · found=433
  [726/1000] Beauty Wholesale Store → beauty.wholesale.dubai@gmail.com   3.5s/lead · found=434
  [727/1000] Beauty-Line Orbico LTD → beauty.line.by@orbico.com   3.5s/lead · found=435
  [728/1000] Beauty World Cambodia → support@beautyworld.com   3.5s/lead · found=436
  [729/1000] BeautyGlance → (none)   3.5s/lead · found=436
  [730/1000] Beauty Supply Honduras → (none)   3.5s/lead · found=436
  [731/1000] Beauty Supply Honduras → (none)   3.5s/lead · found=436
  [732/1000] Beauty Station (Beautystation.ma) → (none)   3.5s/lead · found=436
  [733/1000] Beauty Station (beautystation.ma) → (none)   3.5s/lead · found=436
  [734/1000] Beauty Perfect Croatia → (none)   3.5s/lead · found=436
  [735/1000] Beauty Garden → info@beauty-garden.hr   3.5s/lead · found=437
  [736/1000] Beauty Mall Norway (@beautymall.no) → (none)   3.5s/lead · found=437
  [737/1000] Beauty Garden (beauty-garden.hr) → info@beauty-garden.hr   3.5s/lead · found=438
  [738/1000] Beauty Glance → (none)   3.5s/lead · found=438
  [739/1000] Beauty Box Vietnam → hadong.cs@aeonmall-vn.com   3.5s/lead · found=439
  [740/1000] Be Beauty Shop Laos → vv_nono@yahoo.com   3.5s/lead · found=440
  [741/1000] Beauteers, LLC (Cupidrop) → info@beauteers.com   3.5s/lead · found=441
  [742/1000] Beauty & Me Myanmar Company Limited → info@beautyandmemyanmar.com   3.5s/lead · found=442
  [743/1000] Be Beauty Laos → vv_nono@yahoo.com   3.5s/lead · found=443
  [744/1000] Bandari Beauty → orders@bandaribeauty.com   3.5s/lead · found=444
  [745/1000] Barnfort (Korean Skincare Wholesale Nige → sales@barnfort.com   3.5s/lead · found=445
  [746/1000] Asian Beauty Trade → info@asianbeautytrade.com   3.5s/lead · found=446
  [747/1000] Baku Skin & Hair → info@almedbeauty.com   3.5s/lead · found=447
  [748/1000] Arumi Korean Cosmetics → (none)   3.5s/lead · found=447
  [749/1000] BD Online Korean Cosmetic Shop → dev7561@gmail.com   3.5s/lead · found=448
  [750/1000] Ambiance Elements → sales@ambianceelements.com   3.5s/lead · found=449
  [751/1000] AMALFIS (amalfis.eu) → info@amalfis.eu   3.5s/lead · found=450
  [752/1000] Arumi Korean Cosmetics → (none)   3.5s/lead · found=450
  [753/1000] Adilsons Beauty → info@adilsons.org   3.5s/lead · found=451
  [754/1000] ABK Cosmetics and Perfumes LLC → info@abkcompanies.com   3.5s/lead · found=452
  [755/1000] 4her.lk → info@4her.lk   3.5s/lead · found=453
  [756/1000] 4 Seasons Beauty (4seasonsbeauty.pl) → contact@4seasonsbeauty.pl   3.5s/lead · found=454
  [757/1000] Aurora Estore → (none)   3.5s/lead · found=454
  [758/1000] 4 Seasons Beauty → contact@4seasonsbeauty.pl   3.5s/lead · found=455
  [759/1000] Valkirias K-Beauty → hola@valkiriasec.com   3.5s/lead · found=456
  [760/1000] ADHARA → (none)   3.5s/lead · found=456
  ↺ 브라우저 재시작 (누적 760건 · 발견 456건)
  [761/1000] Source Beauty (sourcebeauty.com) → customerservice@sourcebeauty.com   3.5s/lead · found=457
  [762/1000] LUNAbeauty (lunabeauty.am) → helloluna.am@gmail.com   3.5s/lead · found=458
  [763/1000] Life Pharmacy (Greencross Health) → back-in-stock@notifyboost.net   3.5s/lead · found=459
  [764/1000] Sapphire Beauty Booth → (none)   3.5s/lead · found=459
  [765/1000] Daegu Haany University K-beauty Flagship → english@sedaily.com   3.5s/lead · found=460
  [766/1000] KBeauty.is → (none)   3.5s/lead · found=460
  [767/1000] Browfox Puerto Rico → mariela@browfoxpr.com   3.5s/lead · found=461
  [768/1000] KÜTY → (none)   3.5s/lead · found=461
  [769/1000] Coreana Chile → hola@coreanachile.cl   3.5s/lead · found=462
  [770/1000] Beauty Bridge, Inc. → customercare@beautybridge.com   3.5s/lead · found=463
  [771/1000] April → (none)   3.5s/lead · found=463
  [772/1000] Yoja.lk → sales@yoja.lk   3.5s/lead · found=464
  [773/1000] Cosme Beauty Store (Mongolia) → (none)   3.5s/lead · found=464
  [774/1000] Sa Sa International Holdings → (none)   3.5s/lead · found=464
  [775/1000] MK Beauty Club → mkbeautycluborders@mkbeautyclub.com   3.5s/lead · found=465
  [776/1000] Priceline Pharmacy (Wesfarmers Health) → joinpricelinepharmacy@api.net.au   3.4s/lead · found=466
  [777/1000] Korean Shop (kshopcosmetics.com) → (none)   3.4s/lead · found=466
  [778/1000] Korean Glow → koreanglow.in@gmail.com   3.4s/lead · found=467
  [779/1000] Korean Glam By Ameni → contact@korean-glam.tn   3.4s/lead · found=468
  [780/1000] Korea Town (Boutiqaat) → support@boutiqaat.com   3.4s/lead · found=469
  [781/1000] K-beauty.cz (k-beauty.cz) → info@k-beauty.cz   3.4s/lead · found=470
  [782/1000] K-Beauty Store Brasil (kbeautystore.com. → (none)   3.4s/lead · found=470
  [783/1000] K-Beauty Argentina (empretienda) → (none)   3.4s/lead · found=470
  [784/1000] Gratis → info@gratis.com   3.4s/lead · found=471
  [785/1000] Kindlife → hello@kindlife.in   3.4s/lead · found=472
  [786/1000] Faces Egypt → support@faces.com   3.4s/lead · found=473
  [787/1000] Glowsecret → (none)   3.4s/lead · found=473
  [788/1000] CoreiaBeauty (coreiabeauty.com.br) → (none)   3.4s/lead · found=473
  [789/1000] CoreiaBeauty → (none)   3.4s/lead · found=473
  [790/1000] Vincom Retail (a member of Vingroup) → (none)   3.4s/lead · found=473
  [791/1000] Chiki-Piki (chiki-piki.cz) → (none)   3.4s/lead · found=473
  [792/1000] ByKorea Beauty → (none)   3.4s/lead · found=473
  [793/1000] BOM Beauty → amamostupiel@bombeauty.cl   3.4s/lead · found=474
  [794/1000] corea.cz (Korean Cosmetics Prague) → (none)   3.4s/lead · found=474
  [795/1000] Clicks Group (Clicks Retailers) → (none)   3.4s/lead · found=474
  [796/1000] AmintoBeauty → (none)   3.4s/lead · found=474
  [797/1000] urì Korean Skincare (uriskincare.it) → sales@orumskincare.com   3.4s/lead · found=475
  [798/1000] Wamak Supplies → info@wamaksupplies.com   3.4s/lead · found=476
  [799/1000] The K Beauty (thekbeauty.com) → servizioclienti@thekbeauty.com   3.4s/lead · found=477
  [800/1000] SUPERCOSMETICS → info@supercosmetics.ru   3.4s/lead · found=478
  ↺ 브라우저 재시작 (누적 800건 · 발견 478건)
  [801/1000] ORION XO (Orion Inmotion Pvt Ltd) → contact@orionxoxo.lk   3.4s/lead · found=479
  [802/1000] Qogita → sales@qogita.com   3.4s/lead · found=480
  [803/1000] Reto Distribution GmbH → kontakt@reto-distribution.de   3.4s/lead · found=481
  [804/1000] Nordic Beauty Company → info@nordic-beauty.eu   3.4s/lead · found=482
  [805/1000] Miiora (miiora.com) → daniele@miiora.com   3.4s/lead · found=483
  [806/1000] LW-Wholesale (lw-wholesale.com) → info@lw-wholesale.com   3.4s/lead · found=484
  [807/1000] Luxury Distribution → (none)   3.4s/lead · found=484
  [808/1000] Miss & Missy (missandmissy.de) → (none)   3.4s/lead · found=484
  [809/1000] KBeauty Nigeria → hello@kbeautynigeria.com   3.4s/lead · found=485
  [810/1000] Hansung ebusiness → privacy@cision.com   3.4s/lead · found=486
  [811/1000] Korean Cosmetics Peru → (none)   3.4s/lead · found=486
  [812/1000] Glowyskin Albania → (none)   3.4s/lead · found=486
  [813/1000] Navoiy Beauty Cosmetics → mailing-address_-1177-avenue-of-the-americas-5th-floor-new-york-new-york-10036-telephone_-212-901-0890-email_-admin@timesca.com   3.4s/lead · found=487
  [814/1000] Dis-Chem Pharmacies → (none)   3.4s/lead · found=487
  [815/1000] Hana HP Group → contact@beautysummit.ai   3.4s/lead · found=488
  [816/1000] Cosme Hut (cosmehut.com.au) → (none)   3.4s/lead · found=488
  [817/1000] Beauty Wholesale Store → beauty.wholesale.dubai@gmail.com   3.4s/lead · found=489
  [818/1000] Beauteers, LLC (Cupidrop) → info@beauteers.com   3.4s/lead · found=490
  [819/1000] Browfox Puerto Rico → mariela@browfoxpr.com   3.4s/lead · found=491
  [820/1000] Life Pharmacy (Greencross Health) → back-in-stock@notifyboost.net   3.4s/lead · found=492
  [821/1000] Coreana Chile → hola@coreanachile.cl   3.4s/lead · found=493
  [822/1000] Euro Cosmetics → info@eurocosmetics.biz   3.4s/lead · found=494
  [823/1000] Ultra Panama → info@ultrapanama.com   3.4s/lead · found=495
  [824/1000] Ultra Panama (ultrapanama.com) → info@ultrapanama.com   3.4s/lead · found=496
  [825/1000] Skeenlab → contato@skeenlab.com.br   3.4s/lead · found=497
  [826/1000] Sublime (sublime.md) → info@sublime.md   3.4s/lead · found=498
  [827/1000] SkincareZone Malta → support@webador.com   3.4s/lead · found=499
  [828/1000] SkincareZone Malta → support@webador.com   3.4s/lead · found=500
  [829/1000] Zimolange → (none)   3.4s/lead · found=500
  [830/1000] Selfcare ZW (selfcare-zw.com) → (none)   3.4s/lead · found=500
  [831/1000] Saran Cute (sarancute.com.mx) → (none)   3.4s/lead · found=500
  [832/1000] Sekelem Beaute (sekelem.com) → (none)   3.4s/lead · found=500
  [833/1000] Seoul Cosmetics Bulgaria → (none)   3.4s/lead · found=500
  [834/1000] Pao Pu (paopu.co) → hola@paopu.co   3.4s/lead · found=501
  [835/1000] Sweet Lilac Store → dev7561@gmail.com   3.4s/lead · found=502
  [836/1000] Pretty Potions → prettypotionsbw@gmail.com   3.4s/lead · found=503
  [837/1000] Sailor Moon Cosméticos Coreanos → (none)   3.4s/lead · found=503
  [838/1000] Minna (minna.pe) → minnaperu@gmail.com   3.4s/lead · found=504
  [839/1000] Peachly Store (peachly.store) → (none)   3.4s/lead · found=504
  [840/1000] NoTS Korean Cosmetics (notsalbania) → (none)   3.4s/lead · found=504
  ↺ 브라우저 재시작 (누적 840건 · 발견 504건)
  [841/1000] Nourish Your Skincare (nourishyourskinca → (none)   3.4s/lead · found=504
  [842/1000] Mi Mi Korean Cosmetics → mimiglobal@gmail.com   3.4s/lead · found=505
  [843/1000] NewSeoul (newseoul.com.pe) → atencionalcliente@newseoul.pe   3.4s/lead · found=506
  [844/1000] LabKo → atendimento@labko.com.br   3.4s/lead · found=507
  [845/1000] lecoreane → (none)   3.4s/lead · found=507
  [846/1000] KRKR (krkr.com.ua) → info@krkr.com.ua   3.4s/lead · found=508
  [847/1000] Kristyl Beauty → (none)   3.4s/lead · found=508
  [848/1000] KÜTY (kuty.mx) → (none)   3.4s/lead · found=508
  [850/1000] KYMA Living (Amro Hamed) → jubao@lingying.com   3.4s/lead · found=510
  [850/1000] Kskin Cosmeceuticals → nina@kskin.ie   3.4s/lead · found=510
  [852/1000] Korean Skin Lab (koreanskinlabcy.com) → (none)   3.4s/lead · found=511
  [853/1000] Loverte → info@loverte.com   3.4s/lead · found=512
  [853/1000] Korean Cosmetics Tienda Online (koreanco → koreancosmeticspy@gmail.com   3.4s/lead · found=512
  [854/1000] Korean Beauty Bosnia (koreanbeautybosnia → info@timeweb.ru   3.4s/lead · found=513
  [855/1000] Korean Cosmetics Peru (koreancosmetics.p → (none)   3.4s/lead · found=513
  [856/1000] Korean Beauty Albania (koreanbeautyalban → (none)   3.4s/lead · found=513
  [857/1000] KoCo.ee → (none)   3.4s/lead · found=513
  [858/1000] Koreanbeauty.no → (none)   3.4s/lead · found=513
  [859/1000] Kiss & Makeup → hello@kissandmakeup.co.nz   3.4s/lead · found=514
  [860/1000] Keangnam Korea Beauty Center → info.keangnamkorea@gmail.com   3.4s/lead · found=515
  [861/1000] Kemik Guatemala → sac@kemik.gt   3.4s/lead · found=516
  [862/1000] KBEAUTY Bulgaria (kbeauty.bg) → info@kbeauty.bg   3.4s/lead · found=517
  [863/1000] KBeauty Iceland (kbeauty.is) → (none)   3.4s/lead · found=517
  [864/1000] K-Care Eesti (kcareeesti.ee) → (none)   3.4s/lead · found=517
  [865/1000] K's Make Up Addict (ksmakeup-addict.com) → (none)   3.4s/lead · found=517
  [866/1000] Ko-co Beauty (ko-co.beauty) → (none)   3.4s/lead · found=517
  [867/1000] K-Farma Albania (@kfarma.al) → (none)   3.4s/lead · found=517
  [868/1000] K-Beauty MNL (@kbeautymnl) → (none)   3.4s/lead · found=517
  [869/1000] Just Cosmetics (justcosmetics.cy) → justcosmeticscy@gmail.com   3.4s/lead · found=518
  [870/1000] K Beauty Cosmetics (kbeauty-cosmetics.co → contact@kbeauty-cosmetics.com   3.4s/lead · found=519
  [871/1000] iPuda (Korean Cosmetics Greece) → dev7561@gmail.com   3.4s/lead · found=520
  [872/1000] I AM KOREAN BEAUTY → mkharmaa@gmail.com   3.4s/lead · found=521
  [873/1000] Hadi Beauty (Da Nang) → info@beautygarden.vn   3.4s/lead · found=522
  [874/1000] K Beauty SV → (none)   3.4s/lead · found=522
  [875/1000] Her Cosmetics (hercosmeticsni.com) → (none)   3.4s/lead · found=522
  [876/1000] K Beauty SV (k-beauty-sv.com) → (none)   3.5s/lead · found=522
  [877/1000] Grape Beauty Ecuador → (none)   3.5s/lead · found=522
  [878/1000] Hanpeau (Abuja) → (none)   3.4s/lead · found=522
  [880/1000] Glow Korean GT (@glowkoreangt) → (none)   3.5s/lead · found=522
update lead-1784411989741-982-7dgre failed: 500
  [880/1000] Glow Secret → (none)   3.5s/lead · found=522
  ↺ 브라우저 재시작 (누적 880건 · 발견 522건)
  [881/1000] FINECO (Daniella Jung) → hr@mstbeauty.com   3.5s/lead · found=523
  [882/1000] Faces (faces.sa) → support@faces.com   3.5s/lead · found=524
  [883/1000] Fabellashop (fabellashop.ci) → (none)   3.5s/lead · found=524
  [884/1000] Evolveshop Guyana (@evolveshop_gy) → (none)   3.5s/lead · found=524
  [885/1000] Dara Beauty Market → dev7561@gmail.com   3.5s/lead · found=525
  [886/1000] Coco Shop (Vietnam) → starbuzz@tripi.vn   3.5s/lead · found=526
  [887/1000] Cosme Kitchen (MASH Beauty Lab Co., Ltd. → (none)   3.5s/lead · found=526
  [888/1000] BeautyOn82 → contact@beautyon82.com   3.5s/lead · found=527
  [889/1000] Bebyhada → contact@bebyhada.co.nz   3.5s/lead · found=528
  [890/1000] Beauty Touch Hawaii (beautytouchhawaii.c → (none)   3.5s/lead · found=528
  [891/1000] Bukuri Store (bukuristore.com) → (none)   3.5s/lead · found=528
  [892/1000] Beauty Lab Abidjan (beautylababj.com) → beautylababj@gmail.com   3.5s/lead · found=529
  [893/1000] Beauty Maul (maul.com.uy) → clara@kbeautymaul.com   3.5s/lead · found=530
  [894/1000] Beauty By Daz → info@beautybydaz.com   3.5s/lead · found=531
  [895/1000] CosmoStore Jamaica → advert@cosmostore.org   3.5s/lead · found=532
  [896/1000] Beautiz Shop (beautizshop.com) → (none)   3.5s/lead · found=532
  [897/1000] AmintoBeauty (amintobeauty.com) → (none)   3.5s/lead · found=532
  [898/1000] Avenue Seoul (avenueseoul.com) → (none)   3.5s/lead · found=532
  [899/1000] 28glow.is → info@28glow.is   3.5s/lead · found=533
  [900/1000] PT Korea Beauty Solutions → kbs.digitalmarketing01@gmail.com   3.5s/lead · found=534
  [901/1000] Vegas.pk → support@vegas.pk   3.5s/lead · found=535
  [902/1000] Whites (whites.sa) → online@whites.net   3.5s/lead · found=536
  [903/1000] YiWu Daiwang Cosmetic (Peijia 'Vivian' H → jubao@lingying.com   3.5s/lead · found=537
  [904/1000] Beauty K Bar (beautykbarcr.com) → (none)   3.5s/lead · found=537
  [905/1000] Myriad Beauty → (none)   3.5s/lead · found=537
  [906/1000] SKIN TREATS Maldives (skintreatsmv.com) → (none)   3.5s/lead · found=537
  [907/1000] Kbeautynz → (none)   3.5s/lead · found=537
  [908/1000] KoCo 4 SA → (none)   3.5s/lead · found=537
  [909/1000] Hive K-beauty & K-POP NZ → info@k-beauty.co.nz   3.5s/lead · found=538
  [910/1000] KbeautyEC → hola@kbeautyec.com   3.5s/lead · found=539
  [911/1000] Korean Beauty Skincare → (none)   3.5s/lead · found=539
  [912/1000] Harmoniq AB → kundservice@harmoniq.se   3.5s/lead · found=540
  [913/1000] Perfume Europe (perfumeeurope.com — K-Be → contact@perfumeeurope.com   3.5s/lead · found=541
  [914/1000] Bismid Cosmetics (Abuja) → info@bismidcosmeticsabuja.com   3.5s/lead · found=542
  [915/1000] Festinus Beauty → info@festinus.hr   3.5s/lead · found=543
  [916/1000] Beauty-Line Orbico LTD → beauty.line.by@orbico.com   3.5s/lead · found=544
  [917/1000] Barnfort (Korean Skincare Wholesale Nige → sales@barnfort.com   3.5s/lead · found=545
  [918/1000] KBeauty.is → (none)   3.5s/lead · found=545
  [919/1000] Zwine Store (zwine.ma) → zwinestore@gmail.com   3.5s/lead · found=546
  [920/1000] Beauty Perfect Croatia → (none)   3.5s/lead · found=546
  ↺ 브라우저 재시작 (누적 920건 · 발견 546건)
  [921/1000] Watsans.lk → info@watsans.lk   3.5s/lead · found=547
  [922/1000] Yeppo & Soonsoo → info@yeppo.fi   3.5s/lead · found=548
  [923/1000] ZINDY BEAUTY → (none)   3.5s/lead · found=548
  [924/1000] Tunisia Marka By Ameni → contact@tunisiamarka.com.tn   3.5s/lead · found=549
  [925/1000] Univers Cosmetix → contact@universcosmetix.com   3.5s/lead · found=550
  [926/1000] The SM Store → (none)   3.5s/lead · found=550
  [927/1000] The Skincare Eshop → contact@theskincareeshop.com   3.5s/lead · found=551
  [928/1000] Stv-mart → (none)   3.5s/lead · found=551
  [929/1000] The Lavish Beauty Bay → (none)   3.5s/lead · found=551
  [930/1000] The Beauty Box Mexico (thebeautyboxmexic → (none)   3.5s/lead · found=551
  [931/1000] Sumin K-Beauty → (none)   3.5s/lead · found=551
  [933/1000] TSM Pakistan (tsmpk.com) → info@tsmpk.com   3.5s/lead · found=553
  [933/1000] SKINOREA (skinorea.com) → hello@skinorea.com   3.5s/lead · found=553
  [934/1000] Smets → e-shop@smets.lu   3.5s/lead · found=554
  [935/1000] Skinimo.ge → (none)   3.5s/lead · found=554
  [936/1000] Skinkorean Albania → (none)   3.5s/lead · found=554
  [937/1000] Skinelixir LB → sales@skinelixirlb.com   3.5s/lead · found=555
  [938/1000] Skin Republik (skinrepublik.co.ke) → (none)   3.5s/lead · found=555
  [939/1000] Skin K Nepal → mail@skinknepal.com   3.5s/lead · found=556
  [940/1000] Shop Korea Kenya (shopkorea.co.ke) → hello@shopkorea.co.ke   3.5s/lead · found=557
  [941/1000] Skin Care (skincare.ge) → (none)   3.5s/lead · found=557
  [942/1000] Skincare MM → info@skincare.com.mm   3.5s/lead · found=558
  [943/1000] Rare Skinstore → rareskinstore@gmail.com   3.5s/lead · found=559
  [944/1000] Skin Store Pakistan (skinstorepakistan.c → (none)   3.5s/lead · found=559
  [945/1000] Sansa Cosmetics → su-email@ejemplo.com   3.5s/lead · found=560
  [946/1000] Recap Beauty → (none)   3.5s/lead · found=560
  [947/1000] Sally Mexico (Sally Beauty) → contacto@sallybeauty.com   3.5s/lead · found=561
  [948/1000] Pixie La Bella Bangladesh → customersupport@pixielabellabangladesh.com   3.5s/lead · found=562
  [949/1000] Princess Cosmetics Qatar → princesscosmeticsqatar@gmail.com   3.5s/lead · found=563
  [950/1000] PURESEOUL - Ilham Ali (new contact) → (none)   3.5s/lead · found=563
  [951/1000] Ounass (Al Tayer Group) → customercare@ounass.com   3.5s/lead · found=564
  [952/1000] Portal Pharmacy → (none)   3.5s/lead · found=564
  [953/1000] Peaches&Crème → hello@peachesandcremeshop.com   3.5s/lead · found=565
  [954/1000] Orion Beauty → contact@orionbeauty.lk   3.5s/lead · found=566
  [955/1000] Nice One (niceonesa.com) → info@niceonesa.com   3.4s/lead · found=567
  [956/1000] Pieleza Ecuador → (none)   3.4s/lead · found=567
  [957/1000] Nubian Beauty (Nubian Beauty Shop) → info@nubianbeautyshop.com   3.4s/lead · found=568
  [958/1000] ONLY K Greece → onlyk.greece@gmail.com   3.4s/lead · found=569
  [959/1000] Nectar Beauty Hub → customerservice@nectarbeautyhub.com   3.4s/lead · found=570
  [960/1000] MyLab Africa → customersupport@mylabafrica.com   3.4s/lead · found=571
  ↺ 브라우저 재시작 (누적 960건 · 발견 571건)
  [961/1000] MySkinBar → sales@myskinbar.cy   3.4s/lead · found=572
  [962/1000] Namshi → (none)   3.4s/lead · found=572
  [963/1000] MohammediKurdi → (none)   3.4s/lead · found=572
  [964/1000] Meliora Beauty Shop → (none)   3.4s/lead · found=572
  [965/1000] Miinsecrets → info@stagheaddesigns.com   3.4s/lead · found=573
  [966/1000] LUNAbeauty.am → helloluna.am@gmail.com   3.4s/lead · found=574
  [967/1000] Maissi Beauty Shop → administracion@maissibeauty.shop   3.4s/lead · found=575
  [968/1000] LOOKS Beauty Store (Tops / Central Retai → (none)   3.4s/lead · found=575
  [969/1000] Medicare Vietnam → (none)   3.4s/lead · found=575
  [970/1000] Lucy Makeup Store → info@lucymakeup.com   3.4s/lead · found=576
  [971/1000] Lavuu Korean Skincare → ventas@lavuucosmetics.com   3.4s/lead · found=577
  [972/1000] Life Healthcare Group (LHG) → (none)   3.4s/lead · found=577
  [973/1000] Luma (holaluma.com) → (none)   3.4s/lead · found=577
  [974/1000] LeCoreane → (none)   3.4s/lead · found=577
  [975/1000] La Paz Cosmetics → (none)   3.4s/lead · found=577
  [976/1000] KoreShop → (none)   3.4s/lead · found=577
  [977/1000] Koreashop.md → info@koreashop.md   3.4s/lead · found=578
  [978/1000] Kshop (kshop.uz) → kshopkoreauz@gmail.com   3.4s/lead · found=579
  [979/1000] KoreaShop.hr → b2b@koreashop.hu   3.4s/lead · found=580
  [980/1000] Korean Shop Serbia → (none)   3.4s/lead · found=580
  [981/1000] Melange Korea → info@afterglowskin.id   3.4s/lead · found=581
  [982/1000] Korean Glam By Ameni (korean-glam.tn) → contact@korean-glam.tn   3.4s/lead · found=582
  [983/1000] Koreanbeauty.ma → (none)   3.4s/lead · found=582
  [984/1000] Korean Megastore Belle (KMBelle) → (none)   3.4s/lead · found=582
  [985/1000] Korean Cosmetics Love → (none)   3.4s/lead · found=582
  [986/1000] Korean Beauty Concept → conceptkoreanbeauty@gmail.com   3.4s/lead · found=583
  [987/1000] Korean Beauty DZ (koreanbeautydz.com) → (none)   3.4s/lead · found=583
  [988/1000] Korean Beauty Point → sales@koreanbeautypoint.com   3.4s/lead · found=584
  [989/1000] Korean Cosmetics Corner (koreancosmetics → (none)   3.4s/lead · found=584
  [990/1000] Kore Beauty Shop → (none)   3.4s/lead · found=584
  [991/1000] Korea Skin Uruguay → (none)   3.4s/lead · found=584
  [992/1000] KokoSarang → contact@kokosarang.com   3.4s/lead · found=585
  [993/1000] Kore4n → hola@kore4n.com   3.4s/lead · found=586
  [994/1000] KKShop → help@kkshop.cc   3.4s/lead · found=587
  [995/1000] KlassyMissy BD → hello@klassy.com.bd   3.4s/lead · found=588
  [996/1000] Korean Beauty Shop EU (koreanbeautyshope → (none)   3.4s/lead · found=588
  [997/1000] KEN Cosmetics → info@kencosmetics.com   3.4s/lead · found=589
  [998/1000] Kco House → love@kcohouse.com   3.4s/lead · found=590
  [999/1000] KKUL → (none)   3.4s/lead · found=590
  [1000/1000] Kiyomi Home → kiyomihomeperu@gmail.com   3.4s/lead · found=591
▪ 완료 · 시간 3438.8s · 처리 1000 · 발견 591 · 승격 591
