▶ Playwright 크롤러 시작 · limit=1000 concurrency=3 dryRun=false
✓ 로그인
✓ 대상 345 건
✓ Chromium 실행
  [1/345] ZINDY BEAUTY → (none)   7.6s/lead · found=0
  [2/345] Areum CR (areumcr.com) → (none)   5.6s/lead · found=0
  [3/345] Alexandar Cosmetics → (none)   3.8s/lead · found=0
  [4/345] Adore Beauty → (none)   5.2s/lead · found=0
  [5/345] Zimolange (zimolange.com) → (none)   4.2s/lead · found=0
  [6/345] Zalora (Global Fashion Group) → (none)   4.4s/lead · found=0
  [7/345] Zimolange → (none)   4.8s/lead · found=0
  [8/345] Watsons Singapore → (none)   4.4s/lead · found=0
  [9/345] Yuna (yuna-gh.com) → (none)   4.2s/lead · found=0
  [10/345] Walmart de México y Centroamérica → (none)   3.9s/lead · found=0
  [11/345] Vitapharm Beauty → (none)   3.7s/lead · found=0
  [12/345] Alshaya Group → (none)   3.6s/lead · found=0
  [13/345] Vitapharm Beauty → (none)   3.4s/lead · found=0
  [14/345] Walmart — K-beauty buying → (none)   3.8s/lead · found=0
  [15/345] Ulta Beauty — K-beauty category → (none)   3.8s/lead · found=0
  [16/345] Tokopedia (GoTo Group) → (none)   3.9s/lead · found=0
  [17/345] Tira (Reliance Retail) → (none)   3.8s/lead · found=0
  [18/345] THEKSHOP (thekshop.ca) → (none)   3.6s/lead · found=0
  [19/345] The Lavish Beauty Bay → (none)   3.6s/lead · found=0
  [20/345] Target — K-beauty category → (none)   3.6s/lead · found=0
  [21/345] The Beauty Store Malta (thebeautystorema → (none)   3.5s/lead · found=0
  [22/345] The SM Store → (none)   3.4s/lead · found=0
  [23/345] The Beauty Box Mexico (thebeautyboxmexic → (none)   3.3s/lead · found=0
  [24/345] Vincom Retail (a member of Vingroup) → (none)   3.5s/lead · found=0
  [26/345] Sumin K-Beauty Panama → (none)   3.3s/lead · found=0
  [26/345] SweetCare Andorra → (none)   3.3s/lead · found=0
  [27/345] Sunshine → (none)   3.2s/lead · found=0
  [28/345] SUAMI Korean Beauty Shop → (none)   3.2s/lead · found=0
  [29/345] Sumin K-Beauty Panama → (none)   3.4s/lead · found=0
  [30/345] Sumin K-Beauty → (none)   3.3s/lead · found=0
  [32/345] Stv-mart → (none)   3.1s/lead · found=0
  [32/345] SoKoSkins (sokoskins.shop) → (none)   3.1s/lead · found=0
  [33/345] STVMART → (none)   3.1s/lead · found=0
  [34/345] SoKoSkins (sokoskins.shop) → (none)   3.2s/lead · found=0
  [35/345] SoKoSkins (sokoskins.shop) → (none)   3.1s/lead · found=0
  [36/345] SoKoSkins → (none)   3.1s/lead · found=0
  [37/345] Sociolla (Social Bella) → (none)   3.0s/lead · found=0
  [38/345] SoKoSkins → (none)   3.2s/lead · found=0
  [39/345] Soko Store (sokostore.com) → (none)   3.1s/lead · found=0
  [40/345] Skinko → (none)   3.2s/lead · found=0
  ↺ 브라우저 재시작 (누적 40건 · 발견 0건)
  [42/345] Skinimo (skinimo.ge) → (none)   3.2s/lead · found=0
  [42/345] Skinimo.ge → (none)   3.2s/lead · found=0
  [43/345] SkinKiss Shop (skinkissnic.com) → (none)   3.2s/lead · found=0
  [44/345] Skinkorean Albania → (none)   3.2s/lead · found=0
  [45/345] Skin Republik (skinrepublik.co.ke) → (none)   3.2s/lead · found=0
  [46/345] Skin Store Pakistan (skinstorepakistan.c → (none)   3.3s/lead · found=0
  [47/345] Skincare.ge → (none)   3.3s/lead · found=0
  [48/345] Shiny Skin BD → (none)   3.3s/lead · found=0
  [49/345] Shoppers Stop → (none)   3.2s/lead · found=0
  [50/345] Sephora Poland (LVMH) → (none)   3.2s/lead · found=0
  [51/345] Sephora USA — K-beauty category → (none)   3.1s/lead · found=0
  [52/345] Sephora Romania (LVMH) → (none)   3.1s/lead · found=0
  [53/345] Seven Blossoms (sevenblossoms.co.za) → (none)   3.1s/lead · found=0
  [54/345] Skin Care (skincare.ge) → (none)   3.1s/lead · found=0
  [55/345] Sephora Mexico — K-beauty (skincare core → (none)   3.1s/lead · found=0
  [56/345] Sephora Singapore → (none)   3.0s/lead · found=0
  [57/345] Sephora France (LVMH) → (none)   3.0s/lead · found=0
  [58/345] Seven Blossoms (sevenblossoms.co.za) → (none)   2.9s/lead · found=0
  [59/345] Sekelem Beaute (sekelem.com) → (none)   2.9s/lead · found=0
  [60/345] Saks Fifth Avenue → (none)   2.9s/lead · found=0
  [61/345] Saran Cute (sarancute.com.mx) → (none)   2.9s/lead · found=0
  [62/345] Selfcare ZW (selfcare-zw.com) → (none)   2.9s/lead · found=0
  [63/345] Sapphire Beauty Booth → (none)   2.9s/lead · found=0
  [64/345] Recap Beauty → (none)   2.9s/lead · found=0
  [65/345] PURESEOUL → (none)   3.1s/lead · found=0
  [66/345] PURESEOUL - Ilham Ali (new contact) → (none)   3.1s/lead · found=0
  [67/345] Pieleza Ecuador → (none)   3.2s/lead · found=0
  [68/345] Pugy Korean Beauty → (none)   3.3s/lead · found=0
  [69/345] OVS S.p.A. (OVS Beauty) → (none)   3.2s/lead · found=0
  [70/345] OOTD Beauty (LOOKS by Tops) → (none)   3.2s/lead · found=0
  [71/345] Nuty Cosmetics → (none)   3.2s/lead · found=0
  [72/345] Nykaa (FSN E-Commerce Ventures) → (none)   3.2s/lead · found=0
  [73/345] OOTD Beauty (Tops LOOKS Bangkok) → (none)   3.2s/lead · found=0
  [74/345] O-Kare Shop (okareshop.com) → (none)   3.2s/lead · found=0
  [75/345] Nourish Your Skincare (nourishyourskinca → (none)   3.2s/lead · found=0
  [76/345] Namshi (Apparel Group / Noon) → (none)   3.1s/lead · found=0
  [77/345] Notino → (none)   3.2s/lead · found=0
  [78/345] Nahdi Medical (Nahdi Online) → (none)   3.4s/lead · found=0
  [79/345] Nayda KBeauty → (none)   3.6s/lead · found=0
  [80/345] Nayda KBeauty → (none)   3.5s/lead · found=0
  ↺ 브라우저 재시작 (누적 80건 · 발견 0건)
  [81/345] MyDutyFree (Baku, Heydar Aliyev Airport) → (none)   3.5s/lead · found=0
  [82/345] Namshi → (none)   3.5s/lead · found=0
  [83/345] Myntra Beauty (Flipkart Group / Walmart) → (none)   3.5s/lead · found=0
  [84/345] MohammediKurdi → (none)   3.5s/lead · found=0
  [85/345] MohammediKurdi (mohammedikurdi.com) → (none)   3.4s/lead · found=0
  [86/345] MohammediKurdi (mohammedikurdi.com) → (none)   3.4s/lead · found=0
  [87/345] Mizuki (mizukimv.com) → (none)   3.5s/lead · found=0
  [88/345] Nayda KBeauty (naydakbeauty.com) → (none)   3.7s/lead · found=0
  [89/345] Mimimi.KG → (none)   3.7s/lead · found=0
  [90/345] Moida K-Beauty → (none)   3.8s/lead · found=0
  [91/345] Mizuki (mizukimv.com) → (none)   3.7s/lead · found=0
  [92/345] Mimi K-Beauty (IMI Beauty) — Mall of San → (none)   3.8s/lead · found=0
  [93/345] Mend Bahamas (mendbhs.com) → (none)   3.8s/lead · found=0
  [94/345] Massy Distribution (Jamaica) Limited → (none)   3.7s/lead · found=0
  [95/345] Meliora Beauty Shop (meliorabeautyshop.e → (none)   3.8s/lead · found=0
  [96/345] Me Cosmetics Bahrain (mebeautycosmetics. → (none)   3.7s/lead · found=0
  [97/345] Meliora Beauty Shop → (none)   3.8s/lead · found=0
  [98/345] Medicare Vietnam → (none)   3.7s/lead · found=0
  [99/345] Military Prestige Marketing, LLC → (none)   3.7s/lead · found=0
  [100/345] MakeUpHye → (none)   3.7s/lead · found=0
  [101/345] Macy's — K-Beauty category → (none)   3.7s/lead · found=0
  [102/345] Luma (holaluma.com) → (none)   3.7s/lead · found=0
  [103/345] London Drugs (Western Canada) → (none)   3.7s/lead · found=0
  [104/345] LOOKS Beauty Store (Tops / Central Retai → (none)   3.7s/lead · found=0
  [105/345] LOOKFANTASTIC (THG) → (none)   3.7s/lead · found=0
  [106/345] Life Healthcare Group (LHG) → (none)   3.7s/lead · found=0
  [107/345] LeCoreane → (none)   3.7s/lead · found=0
  [108/345] lecoreane → (none)   3.7s/lead · found=0
  [109/345] M Cosmetic → (none)   3.7s/lead · found=0
  [110/345] Loft (Seibu HD / Loft Co.) → (none)   3.7s/lead · found=0
  [111/345] Landing International → (none)   3.7s/lead · found=0
  [112/345] KÜTY (kuty.mx) → (none)   3.7s/lead · found=0
  [113/345] La Paz Cosmetics → (none)   3.7s/lead · found=0
  [114/345] Kutie Beauty Mexico (kbeautymexico.com) → (none)   3.7s/lead · found=0
  [115/345] Kukalemon (kukalemon.com) → (none)   3.8s/lead · found=0
  [116/345] Kukalemon → (none)   3.8s/lead · found=0
  [117/345] Kristyl Beauty → (none)   3.8s/lead · found=0
  [118/345] LECO (leco.rs) → (none)   3.8s/lead · found=0
  [119/345] Kronans Apotek → (none)   3.8s/lead · found=0
  [120/345] Kosmetics CR (kosmeticscr.com) → (none)   3.8s/lead · found=0
  ↺ 브라우저 재시작 (누적 120건 · 발견 0건)
  [122/345] Ksisters → (none)   3.8s/lead · found=0
  [123/345] Ksisters (ksisters.lv) → (none)   3.7s/lead · found=0
  [123/345] Ksisters Hungary (ksisters.hu) → (none)   3.7s/lead · found=0
  [125/345] KoreShop → (none)   3.7s/lead · found=0
  [125/345] Koreshop (koreshop.com.tr) → (none)   3.7s/lead · found=0
  [126/345] KoreanBeauty.ma → (none)   3.8s/lead · found=0
  [127/345] koreancosmetic.gr → (none)   3.7s/lead · found=0
  [128/345] Korean Skin Lab (koreanskinlabcy.com) → (none)   3.8s/lead · found=0
  [129/345] Koreanbeauty.ma → (none)   3.8s/lead · found=0
  [130/345] Korean Shop Monte (en.koreanshopmonte.co → (none)   3.8s/lead · found=0
  [131/345] Korean Shop Serbia → (none)   3.8s/lead · found=0
  [132/345] Koreancare.bg → (none)   3.8s/lead · found=0
  [133/345] Korean Shop (kshopcosmetics.com) → (none)   3.8s/lead · found=0
  [134/345] Korean Megastore Belle (KMBelle) → (none)   3.8s/lead · found=0
  [135/345] Korean Megastore Belle (KM Belle) → (none)   3.8s/lead · found=0
  [136/345] Koreanbeauty.no → (none)   3.8s/lead · found=0
  [137/345] Korean Cosmetics Love → (none)   3.9s/lead · found=0
  [138/345] Korean Megastore Belle (kmbelle.com) → (none)   3.8s/lead · found=0
  [139/345] Korean Cosmetics Peru (koreancosmetics.p → (none)   3.8s/lead · found=0
  [140/345] Korean Colors México → (none)   3.9s/lead · found=0
  [141/345] Korean Beauty Algeria (koreanbeautydz.co → (none)   3.8s/lead · found=0
  [142/345] Korean Beauty DZ (koreanbeautydz.com) → (none)   3.9s/lead · found=0
  [143/345] Korea.lt → (none)   3.9s/lead · found=0
  [144/345] Korean & Top Brands (korean-topbrands.co → (none)   4.0s/lead · found=0
  [145/345] Korean Beauty Shop EU (koreanbeautyshope → (none)   4.0s/lead · found=0
  [146/345] Korean Beauty Albania (koreanbeautyalban → (none)   4.0s/lead · found=0
  [147/345] Korea Skin Uruguay → (none)   4.0s/lead · found=0
  [148/345] Korean Beauty House Egypt → (none)   4.0s/lead · found=0
  [149/345] Kool Seoul (koolseoul.com) → (none)   4.0s/lead · found=0
  [150/345] Kool Seoul → (none)   4.0s/lead · found=0
  [151/345] Kool Seoul (koolseoul.com) → (none)   4.0s/lead · found=0
  [152/345] Kore Beauty Shop (korebeauty.shop) → (none)   4.0s/lead · found=0
  [153/345] Kore Beauty Shop → (none)   4.1s/lead · found=0
  [154/345] Kool Seoul (koolseoul.com) → (none)   4.1s/lead · found=0
  [155/345] Kool Seoul → (none)   4.1s/lead · found=0
  [156/345] KoCo.ee → (none)   4.1s/lead · found=0
  [157/345] Kollab (kollab.com.br) → (none)   4.2s/lead · found=0
  [158/345] KOKO Cosmetics (koko-cosmetics.kz) → (none)   4.2s/lead · found=0
  [159/345] Kollab (kollab.com.br) → (none)   4.2s/lead · found=0
  [160/345] KODERMA (koderma.sk) → (none)   4.2s/lead · found=0
  ↺ 브라우저 재시작 (누적 160건 · 발견 0건)
  [161/345] KOCOMETIC PK → (none)   4.2s/lead · found=0
  [162/345] KNatural → (none)   4.2s/lead · found=0
  [163/345] Kioko.lv → (none)   4.2s/lead · found=0
  [164/345] KoCos Korean Cosmetics (kocos.ge) → (none)   4.2s/lead · found=0
  [165/345] KICKS (KICKS Beauty Group / Axfood) → (none)   4.2s/lead · found=0
  [166/345] KICKS Norge → (none)   4.2s/lead · found=0
  [167/345] KKUL → (none)   4.2s/lead · found=0
  [168/345] KBEAUTY.LT → (none)   4.2s/lead · found=0
  [169/345] KBEAUTY.LT → (none)   4.2s/lead · found=0
  [170/345] Ko-co Beauty (ko-co.beauty) → (none)   4.2s/lead · found=0
  [171/345] Kikuubo Suppliers UG → (none)   4.2s/lead · found=0
  [172/345] KBEAUTY.LT → (none)   4.2s/lead · found=0
  [173/345] Kbeauty Stop CR → (none)   4.2s/lead · found=0
  [174/345] KBeauty Iceland (kbeauty.is) → (none)   4.2s/lead · found=0
  [175/345] Kbeauty Kuwait (kbeautykw.com) → (none)   4.2s/lead · found=0
