▶ Playwright 크롤러 시작 · limit=1000 concurrency=3 dryRun=false
✓ 로그인
✓ 대상 429 건
✓ Chromium 실행
  [2/429] STVMART → (none)   0.1s/lead · found=0
  [2/429] T&H Managements LLC → (none)   0.1s/lead · found=0
  [3/429] SkinKiss Shop → (none)   4.2s/lead · found=0
  [4/429] Shin Line Group → (none)   3.2s/lead · found=0
  [5/429] Lintons Beauty World → (none)   2.6s/lead · found=0
  [6/429] Ulta Beauty (Stephanie Meyer) → (none)   2.9s/lead · found=0
  [7/429] PURESEOUL → (none)   2.9s/lead · found=0
  [8/429] Cult Beauty — Faith Hobson (people-lead) → (none)   3.8s/lead · found=0
  [9/429] EHY International → (none)   3.3s/lead · found=0
  [10/429] El Corte Inglés — Beatriz López Piña (Se → (none)   3.1s/lead · found=0
  [11/429] Cult Beauty — Katie Hardisty Smith (peop → (none)   2.9s/lead · found=0
  [13/429] Boots UK — Kirsty Danby (Senior Category → (none)   4.6s/lead · found=0
  [13/429] Boots UK — Simon Brindley Bates (people- → (none)   4.6s/lead · found=0
  [14/429] Continente (Sonae MC) — Beleza Coreana / → (none)   4.5s/lead · found=0
  [15/429] Ksisters Germany (ksisters.de) → (none)   4.3s/lead · found=0
  [16/429] Zolywka_kz (Корейская косметика Астана) → (none)   4.1s/lead · found=0
  [17/429] BFA Industries (IPSY / BoxyCharm / Madeb → (none)   4.2s/lead · found=0
  [18/429] Juui (Juui Cosmetics) → (none)   4.0s/lead · found=0
  [19/429] Watsons Vietnam → (none)   3.8s/lead · found=0
  [20/429] BUKURI → (none)   3.7s/lead · found=0
  [21/429] Watsons Philippines (AS Watson Group) → (none)   3.5s/lead · found=0
  [22/429] Watsons Indonesia — A Nadia (Senior Buye → (none)   3.4s/lead · found=0
  [23/429] Watsons Indonesia (PT Duta Intidaya, AS  → (none)   3.3s/lead · found=0
  [24/429] Tira Beauty (Reliance Retail) — Bhakti M → (none)   3.2s/lead · found=0
  [25/429] Tokyu Hands → (none)   3.1s/lead · found=0
  [26/429] The Beauty Store (Malta) → (none)   3.1s/lead · found=0
  [27/429] Rexall Pharmacy Group → (none)   3.2s/lead · found=0
  [28/429] Ulta Beauty — Kaitlin Rinehart (people-l → (none)   3.1s/lead · found=0
  [29/429] The Seoul Palette → (none)   3.0s/lead · found=0
  [30/429] Skincarekorean (Instagram: koreanbeauty_ → (none)   2.9s/lead · found=0
  [31/429] Shwe Chuu Korea Skincare & Cosmetics → (none)   2.8s/lead · found=0
  [32/429] The TJX Companies, Inc. (TJ Maxx / Marsh → (none)   2.8s/lead · found=0
  [33/429] Sephora Poland ("Korean House") → (none)   2.7s/lead · found=0
  [34/429] Sephora — Kate Phillips (people-lead) → (none)   2.6s/lead · found=0
  [35/429] Sephora (Debbie He) → (none)   2.6s/lead · found=0
  [36/429] PUDRA beauty & cosmetics bar → (none)   2.6s/lead · found=0
  [37/429] The Beauty Spy → (none)   2.7s/lead · found=0
  [38/429] Para Des Nations (Parapharmacie Des Nati → (none)   2.7s/lead · found=0
  [39/429] PureMart Addis → (none)   2.9s/lead · found=0
  [40/429] Rossmann ČR (Dirk Rossmann GmbH) → (none)   2.9s/lead · found=0
  ↺ 브라우저 재시작 (누적 40건 · 발견 0건)
  [41/429] NAMU Korean Cosmetics Baku (branch "Niza → (none)   2.8s/lead · found=0
  [42/429] Natura (Natura &Co) → (none)   2.8s/lead · found=0
  [43/429] Muskat Beauty Inc → (none)   3.0s/lead · found=0
  [44/429] Moon Beauty Tahiti → (none)   3.0s/lead · found=0
  [45/429] Notino — Anna Knápková (people-lead) → (none)   2.9s/lead · found=0
  [46/429] Mimimi.kg → (none)   2.9s/lead · found=0
  [47/429] Mend BHS → (none)   3.0s/lead · found=0
  [48/429] Mimo Mimo Korean Cosmetics → (none)   3.1s/lead · found=0
  [49/429] Meilin.by → (none)   3.3s/lead · found=0
  [50/429] LuLu Retail (LuLu Group International) → (none)   3.2s/lead · found=0
  [51/429] Mino.tj (Korean cosmetics category) → (none)   3.6s/lead · found=0
  [52/429] MECCA (MECCA Brands Pty Ltd) → (none)   3.6s/lead · found=0
  [53/429] Lunéa Cosmetics → (none)   3.6s/lead · found=0
  [54/429] Laoshop (laoshop.ezia.org) → (none)   3.6s/lead · found=0
  [55/429] LIMESE → (none)   3.6s/lead · found=0
  [56/429] Kruidvat / AS Watson Benelux — Ruth ter  → (none)   3.5s/lead · found=0
  [57/429] Kruidvat / AS Watson Benelux — Luuk van  → (none)   3.5s/lead · found=0
  [58/429] Maccaron → (none)   3.4s/lead · found=0
  [59/429] Kristina Rouzkova - Assortment Director, → (none)   3.6s/lead · found=0
  [60/429] Lemann Beauty Bar → (none)   3.6s/lead · found=0
  [61/429] KKV Vietnam (KK Group) → (none)   3.6s/lead · found=0
  [62/429] Kicks (Kicks Group AB / Matas Group) → (none)   3.5s/lead · found=0
  [63/429] K-Youty → (none)   3.5s/lead · found=0
  [64/429] K Beauty On Dubai → (none)   3.4s/lead · found=0
  [65/429] Kiokii and... Inc. → (none)   3.4s/lead · found=0
  [66/429] ICI PARIS XL → (none)   3.4s/lead · found=0
  [67/429] K Beauty Arabia → (none)   3.3s/lead · found=0
  [68/429] Jojoba Cosmetics → (none)   3.3s/lead · found=0
  [69/429] istyle Inc. (@cosme STORE / @cosme TOKYO → (none)   3.3s/lead · found=0
  [70/429] Korea Skin (koreaskin.com.uy) → (none)   3.2s/lead · found=0
  [71/429] Galeries Lafayette (K-beauty zone) → (none)   3.2s/lead · found=0
  [72/429] Dreams Cosméticos → (none)   3.3s/lead · found=0
  [73/429] Douglas Polska — Beata Kemuś (people-lea → (none)   3.3s/lead · found=0
  [74/429] Harvey Nichols → (none)   3.3s/lead · found=0
  [75/429] De Prati Beauty / retail buyer route → (none)   3.3s/lead · found=0
  [76/429] Cherry Beauty (cherry.mg) → (none)   3.2s/lead · found=0
  [77/429] Eonni → (none)   3.2s/lead · found=0
  [78/429] Boots (Kirsty Danby) → (none)   3.1s/lead · found=0
  [79/429] Costmebeauty BKK → (none)   3.2s/lead · found=0
  [80/429] Bloom Skincare Clinic → (none)   3.3s/lead · found=0
  ↺ 브라우저 재시작 (누적 80건 · 발견 0건)
  [81/429] Bash (TFG) → (none)   3.3s/lead · found=0
  [82/429] Beauty Boss Aruba → (none)   3.3s/lead · found=0
  [83/429] AS Watson (Danny Hoh) → (none)   3.2s/lead · found=0
  [84/429] Asibe K-beauty → (none)   3.2s/lead · found=0
