▶ Playwright 크롤러 시작 · limit=1000 concurrency=3 dryRun=false
✓ 로그인
✓ 대상 1000 건
✓ Chromium 실행
  [1/1000] K Beauty SV → (none)   13.6s/lead · found=0
  [2/1000] K Beauty SV (k-beauty-sv.com) → (none)   8.5s/lead · found=0
  [3/1000] K-beauty Bahrain (@kbeauty.bh) → (none)   6.5s/lead · found=0
  [4/1000] K Beauty Nepal (kbeautynp.com) → (none)   5.9s/lead · found=0
  [5/1000] K Beauty Lab Hawaii (kbeautylabhawaii.co → kbeautylab.hi@gmail.com   5.0s/lead · found=1
  [6/1000] K Beauty Nepal (kbeautynp.com) → (none)   4.7s/lead · found=1
  [7/1000] K Beauty Ghana (@kbeautyghana) → (none)   6.2s/lead · found=1
  [8/1000] K-Beauty Bar (k-beautybar.com.co) → (none)   5.6s/lead · found=1
  [9/1000] Just Cosmetics Cyprus (justcosmetics.cy) → (none)   5.0s/lead · found=1
  [10/1000] K Beauty Ghana (@kbeautyghana) → (none)   4.6s/lead · found=1
  [11/1000] Jumia (pan-African e-commerce) → (none)   4.3s/lead · found=1
  [12/1000] Just Cosmetics (justcosmetics.cy) → (none)   3.9s/lead · found=1
  [13/1000] Just Cosmetics (justcosmetics.cy) → (none)   3.7s/lead · found=1
  [14/1000] Jean Coutu Group (Metro Inc.) → (none)   3.4s/lead · found=1
  [15/1000] istyle Inc. / @cosme TOKYO → (none)   3.5s/lead · found=1
  [16/1000] Jameela Mall → (none)   3.5s/lead · found=1
  [17/1000] Jameela Mall (Korean Beauty Exclusively) → (none)   3.3s/lead · found=1
  [18/1000] Jameela Mall → (none)   3.4s/lead · found=1
  [19/1000] Ipsy (BFA Industries) → (none)   4.2s/lead · found=1
  [20/1000] Holt Renfrew — K-Beauty → (none)   4.1s/lead · found=1
  [21/1000] HIKOCO PY (Korean Cosmetics PY) → (none)   4.0s/lead · found=1
  [22/1000] Honeysu (honeysu.be) → (none)   4.1s/lead · found=1
  [23/1000] Hbytala → (none)   4.3s/lead · found=1
  [24/1000] Ilaha Hajiyeva (ilahahajiyeva.com) → (none)   4.2s/lead · found=1
  [26/1000] Her Cosmetics (hercosmeticsni.com) → (none)   4.6s/lead · found=1
  [26/1000] Her Cosmetics (hercosmeticsni.com) → (none)   4.6s/lead · found=1
  [27/1000] Havona Beauty → havona.lk@gmail.com   4.7s/lead · found=2
  [28/1000] Havona Beauty (havona.lk) → havona.lk@gmail.com   4.7s/lead · found=3
  [29/1000] Haru Skin (haruskincr.com) → (none)   4.6s/lead · found=3
  [30/1000] Hanpeau (Abuja) → (none)   4.6s/lead · found=3
  [31/1000] Haru Skin → (none)   4.4s/lead · found=3
  [32/1000] Guardian Vietnam (DKSH) → (none)   4.3s/lead · found=3
  [33/1000] Guardian Health & Beauty Vietnam → (none)   4.3s/lead · found=3
  [34/1000] Grape Beauty Ecuador (thegrapebeauty.com → (none)   4.5s/lead · found=3
  [35/1000] Guardian Indonesia (Hero Group) → (none)   4.9s/lead · found=3
  [36/1000] H Mart (Hanahreum Group) → (none)   4.8s/lead · found=3
  [37/1000] Glowy Skin Kosova → (none)   4.9s/lead · found=3
  [38/1000] Grape Beauty Ecuador → (none)   4.9s/lead · found=3
  [39/1000] Glowsome Beauty → (none)   4.9s/lead · found=3
  [40/1000] Goongbe (via Aster Pharmacy 파트너십) → (none)   4.8s/lead · found=3
  ↺ 브라우저 재시작 (누적 40건 · 발견 3건)
  [41/1000] GlowSecret → (none)   5.0s/lead · found=3
  [42/1000] Glow Secret → (none)   4.9s/lead · found=3
  [43/1000] Glowsecret → (none)   4.8s/lead · found=3
  [44/1000] Farmacias Guadalajara → (none)   4.7s/lead · found=3
  [45/1000] Flipkart Beauty (Walmart Group) → (none)   4.8s/lead · found=3
  [46/1000] Freya Tunisie (freya.tn) → (none)   4.7s/lead · found=3
  [47/1000] Falabella Peru — Skincare Coreano → (none)   4.6s/lead · found=3
  [49/1000] Feel22 → (none)   4.5s/lead · found=3
  [49/1000] Farmacias del Ahorro → (none)   4.5s/lead · found=3
  [50/1000] EVA (Linii magazinov EVA) → (none)   4.5s/lead · found=3
  [51/1000] Falabella Chile — Belleza Coreana → (none)   4.4s/lead · found=3
  [52/1000] ePharmacy Nepal (epharmacy.com.np) → (none)   4.4s/lead · found=3
  [53/1000] ePharmacy Nepal (epharmacy.com.np) → (none)   4.3s/lead · found=3
  [54/1000] EOS K Beauty Shop (eosmm.com) → (none)   4.4s/lead · found=3
  [55/1000] Fabellashop (fabellashop.ci) → (none)   4.5s/lead · found=3
  [56/1000] elbeauty.gr → (none)   4.4s/lead · found=3
  [57/1000] ES Beauty Closet → (none)   4.5s/lead · found=3
  [58/1000] Dodoboutique → (none)   4.5s/lead · found=3
  [59/1000] elbeauty.gr → (none)   4.8s/lead · found=3
  [60/1000] Elinda Cosméticos (elindacosmeticos.com. → (none)   4.8s/lead · found=3
  [61/1000] Dermstore (now incorporates SkinStore) → (none)   4.8s/lead · found=3
  [62/1000] Dhifaf Baghdad Cosmetics Center → (none)   4.8s/lead · found=3
  [63/1000] Dlux Professional → (none)   4.8s/lead · found=3
  [64/1000] Cult Beauty (THG) → (none)   4.9s/lead · found=3
  [65/1000] Dhifaf Baghdad Cosmetics Center → (none)   4.9s/lead · found=3
  [66/1000] Credo Beauty → (none)   4.9s/lead · found=3
  [67/1000] Costco Wholesale — K-beauty assortment → (none)   4.8s/lead · found=3
  [68/1000] Coreia Beauty → (none)   4.8s/lead · found=3
  [69/1000] CoreiaBeauty → (none)   4.8s/lead · found=3
  [70/1000] Costco Wholesale Canada — Lesley McMilla → (none)   4.8s/lead · found=3
  [71/1000] CoreiaBeauty (coreiabeauty.com.br) → (none)   4.7s/lead · found=3
  [72/1000] COCO KOREAN BEAUTY → (none)   4.7s/lead · found=3
  [73/1000] Costco Wholesale Mexico — K-Beauty → (none)   4.7s/lead · found=3
  [74/1000] corea.cz (Korean Cosmetics Prague) → (none)   4.8s/lead · found=3
  [75/1000] Chok Chok Beauty → (none)   4.8s/lead · found=3
  [76/1000] Clicks Group (Clicks Retailers) → (none)   4.7s/lead · found=3
  [77/1000] Chiki-Piki (chiki-piki.cz) → (none)   4.7s/lead · found=3
  [78/1000] Centrepoint (Landmark Group) → (none)   4.6s/lead · found=3
  [79/1000] Care to Beauty Kazakhstan → (none)   4.7s/lead · found=3
  [80/1000] Care to Beauty Kazakhstan → (none)   4.7s/lead · found=3
  ↺ 브라우저 재시작 (누적 80건 · 발견 3건)
  [81/1000] ByKorea Beauty → (none)   4.7s/lead · found=3
  [82/1000] BoShop → (none)   4.6s/lead · found=3
  [83/1000] Bukuri Store (bukuristore.com) → (none)   4.6s/lead · found=3
  [84/1000] Boots Ireland (Walgreens Boots Alliance) → (none)   4.6s/lead · found=3
  [85/1000] Blush Me → (none)   4.7s/lead · found=3
  [86/1000] Blush Me → (none)   4.7s/lead · found=3
  [87/1000] Boots UK (Walgreens Boots Alliance) → (none)   4.6s/lead · found=3
  [88/1000] Blush Me → (none)   4.6s/lead · found=3
  [89/1000] Bluemercury (Macy's, Inc.) → (none)   4.7s/lead · found=3
  [90/1000] Bloomingdale's (Macy's, Inc.) → (none)   4.8s/lead · found=3
  [91/1000] Bloom Beauty Shop (bloombeauty.uz) → (none)   4.9s/lead · found=3
  [92/1000] Best (best.com.bo) → (none)   4.9s/lead · found=3
  [93/1000] BeautyOnTApp (BOT) → (none)   5.0s/lead · found=3
  [94/1000] Bloom Beauty Shop → (none)   5.0s/lead · found=3
  [95/1000] BeautyMarked Ghana → (none)   4.9s/lead · found=3
  [96/1000] BeautyMarked Ghana → (none)   4.9s/lead · found=3
  [97/1000] BeautybyKat → (none)   5.0s/lead · found=3
  [98/1000] BeautyOnTApp → (none)   4.9s/lead · found=3
  [99/1000] Beauty Touch Hawaii (beautytouchhawaii.c → (none)   4.9s/lead · found=3
  [101/1000] Beauty Kart (beautykarttt.myshopify.com) → (none)   4.9s/lead · found=3
  [101/1000] Bella Corea (bellacorea.com.co) → (none)   4.9s/lead · found=3
  [102/1000] Beauty Lab Abidjan (beautylababj.com) → beautylababj@gmail.com   4.9s/lead · found=4
  [103/1000] Beauty Kart → (none)   4.9s/lead · found=4
  [104/1000] Beauty Elixir (beautyelixir.shop) → (none)   4.9s/lead · found=4
  [105/1000] Beauty Elixir (beautyelixir.shop) → (none)   4.9s/lead · found=4
  [107/1000] Beauty Booth Qatar → (none)   4.9s/lead · found=4
  [107/1000] Beauty Booth Qatar → (none)   4.9s/lead · found=4
  [108/1000] Beauty Bar (beautybar.ge) → (none)   4.9s/lead · found=4
  [109/1000] Beauty K Bar (beautykbarcr.com) → (none)   4.9s/lead · found=4
  [110/1000] Beautify Shop (beautifydz.com) → (none)   4.9s/lead · found=4
  [111/1000] Beauty Bay → (none)   4.9s/lead · found=4
  [112/1000] Beautiz Shop (beautizshop.com) → (none)   4.9s/lead · found=4
  [113/1000] Banglashoppers → (none)   4.9s/lead · found=4
  [114/1000] Baharstore → support@evendo.com   4.8s/lead · found=5
  [115/1000] Beautizshop (beautizshop.com) → (none)   4.8s/lead · found=5
  [116/1000] Baki Beauty → (none)   4.8s/lead · found=5
  [117/1000] Baki Beauty (baki.co.ke) → (none)   4.8s/lead · found=5
  [118/1000] Beauté Magasin → (none)   4.8s/lead · found=5
  [119/1000] Avenue Seoul (avenueseoul.com) → (none)   4.8s/lead · found=5
  [120/1000] Avenue Seoul (avenueseoul.com) → (none)   4.8s/lead · found=5
  ↺ 브라우저 재시작 (누적 120건 · 발견 5건)
  [121/1000] Asian Shop → (none)   4.8s/lead · found=5
  [122/1000] Asian Shop Peru → (none)   4.7s/lead · found=5
  [123/1000] AS Watson Group — Watsons K-beauty buyin → (none)   4.7s/lead · found=5
  [124/1000] AmintoBeauty → (none)   4.7s/lead · found=5
  [125/1000] AnkoreanStore (ankoreanstore.com) → (none)   4.7s/lead · found=5
  [126/1000] Asian Cosmetics (asian-cosmetics.kz) → (none)   4.7s/lead · found=5
  [127/1000] AmintoBeauty (amintobeauty.com) → (none)   4.7s/lead · found=5
  [128/1000] Areum CR → (none)   4.7s/lead · found=5
  [129/1000] AS Watson Group — Susanna Yuen (VP Merch → (none)   4.7s/lead · found=5
  [130/1000] ARC Store (arcstore.co.za) → (none)   4.6s/lead · found=5
  [131/1000] Apotek Hjärtat (ICA Group) → (none)   4.6s/lead · found=5
  [132/1000] All About Skin Doha (allaboutskindoha.co → (none)   4.7s/lead · found=5
  [133/1000] All About Skin Doha → (none)   4.6s/lead · found=5
  [134/1000] ARINSKIN (arinskin.shop) → (none)   4.8s/lead · found=5
  [135/1000] Adilsons Beauty (adilsons.mu) → (none)   4.8s/lead · found=5
  [136/1000] ALMAYE Beauty Parapharmacie → (none)   4.8s/lead · found=5
  [137/1000] Allure Beauty Store → beauty@allure.com.ng   4.8s/lead · found=6
  [138/1000] TheSkinFit (theskinfit.com) → (none)   4.8s/lead · found=6
  [139/1000] Sabex d.o.o. → (none)   4.8s/lead · found=6
  [140/1000] SIROWA Group → at.sirowa@sirowa.com   4.7s/lead · found=7
  [141/1000] OG Global → contact@ogglobalimport.com   4.7s/lead · found=8
  [142/1000] LH Brands GmbH (LHBG / K-Beauty House) → (none)   4.7s/lead · found=8
  [143/1000] KENCANA GmbH → mario.bareither@kencana.de   4.7s/lead · found=9
  [144/1000] DOUGLAS Group → info@douglas.de   4.6s/lead · found=10
  [145/1000] Q-Depot → (none)   4.6s/lead · found=10
  [146/1000] Luxury Distribution (CEE5) → (none)   4.6s/lead · found=10
  [147/1000] HSC Co., Ltd (TheFaceShop Cambodia exclu → (none)   4.6s/lead · found=10
  [148/1000] BeautyGlance.pk → (none)   4.6s/lead · found=10
  [149/1000] AlMaqsad (beitalmaqsad.com) → info@beitalmaqsad.com   4.6s/lead · found=11
  [150/1000] AlMaqsad (Beit AlMaqsad) → info@beitalmaqsad.com   4.5s/lead · found=12
  [151/1000] Al Mouyasser → info@almouyasser.com   4.8s/lead · found=13
  [152/1000] Al Mouyasser → info@almouyasser.com   4.8s/lead · found=14
  [153/1000] Al Mouyasser (almouyasser.com) → info@almouyasser.com   4.8s/lead · found=15
  [154/1000] Unnie Beauty / Comercializadora Mi Estil → contacto@unniebeauty.cl   4.7s/lead · found=16
  [155/1000] Tradegate To Europe, S.L → (none)   4.7s/lead · found=16
  [156/1000] Superdrug — Megan Potter (people-lead) → (none)   4.7s/lead · found=16
  [157/1000] Sokobox Chile → hola@sokobox.cl   4.7s/lead · found=17
  [158/1000] USA Cosmetics, Inc. → admin@usacosmetics.com   4.7s/lead · found=18
  [159/1000] Store K Beauty (Coboplus S.L.) → jubao@lingying.com   4.7s/lead · found=19
  [160/1000] Al Mouyasser (Fattal Group) → info@almouyasser.com   4.8s/lead · found=20
  ↺ 브라우저 재시작 (누적 160건 · 발견 20건)
  [161/1000] Skincare MM (skincare.com.mm) → info@skincare.com.mm   4.8s/lead · found=21
  [162/1000] SkinBank → info@skinbank.com.au   4.8s/lead · found=22
  [163/1000] Skin Republik (Kenya) → (none)   4.8s/lead · found=22
  [164/1000] Setsuka Shop (Сэцүка Шоп) → procure@gsp.mn   4.8s/lead · found=23
  [165/1000] SkinSeoul (KuenYoung Park) → (none)   4.7s/lead · found=23
  [166/1000] Rodos Co., Ltd → sales@cosmeticindex.com   4.7s/lead · found=24
  [167/1000] Peach & Lily → hello@peachandlily.com   4.7s/lead · found=25
  [168/1000] OHYAMA Co., Ltd. (株式会社大山) → (none)   4.7s/lead · found=25
  [169/1000] Skinhouse Vietnam → dev7561@gmail.com   4.7s/lead · found=26
  [170/1000] Natural Korea Beauty (Chung Suc Vina Co. → (none)   4.7s/lead · found=26
  [171/1000] NATUR-ALL Kft. → info@natur-all.hu   4.7s/lead · found=27
  [172/1000] N.K Cosmetics → (none)   4.7s/lead · found=27
  [173/1000] MISSHA Kazakhstan LLP (Миша Казахстан ТО → (none)   4.7s/lead · found=27
  [174/1000] Military Prestige Marketing → aoshima11@koreatimes.co.kr   4.7s/lead · found=28
  [175/1000] Mikaela Beauty → (none)   4.7s/lead · found=28
  [176/1000] Lilit Cosmetics Ltd. → service@lilit.co.il   4.7s/lead · found=29
  [177/1000] Luneia Brands → (none)   4.7s/lead · found=29
  [178/1000] Nordic Cosmetics AS → (none)   4.6s/lead · found=29
  [179/1000] MAMOSO K-beauty → (none)   4.7s/lead · found=29
  [180/1000] Mazaya Stores Egypt → onlinesupport@mazaya.com.eg   4.6s/lead · found=30
  [181/1000] KS Cosmeticos → (none)   4.6s/lead · found=30
  [182/1000] La Cosmetique → info@lacosmetique.com.au   4.6s/lead · found=31
  [183/1000] Miho Asian Beauty → (none)   4.6s/lead · found=31
  [184/1000] Kosmetrics → hola@kosmetrics.com   4.7s/lead · found=32
  [185/1000] Kosmetrics → hola@kosmetrics.com   4.7s/lead · found=33
  [186/1000] Kosmetrics → hola@kosmetrics.com   4.6s/lead · found=34
  [187/1000] KORSHOP Cosmetics → smith@mail.com   4.6s/lead · found=35
  [188/1000] Koreanka.by (Кореянка) → info@koreanka.by   4.6s/lead · found=36
  [189/1000] Koelleza Skincare → hola@koelleza.mx   4.6s/lead · found=37
  [190/1000] KJT Taiwan Trade → contact@belecobeauty.com   4.6s/lead · found=38
  [191/1000] Kazakhstan Beauty Corporation LLP → info@marketinsidedata.com   4.6s/lead · found=39
  [192/1000] Kalei SG → (none)   4.5s/lead · found=39
  [193/1000] Kiana Naghshin - PURESEOUL (people-lead) → (none)   4.6s/lead · found=39
  [194/1000] Independent K-Beauty Distributor (Jae-He → (none)   4.6s/lead · found=39
  [195/1000] Kosmetrics → hola@kosmetrics.com   4.5s/lead · found=40
  [196/1000] HSC Co., Ltd → info@hsc.com.kh   4.5s/lead · found=41
  [197/1000] Glowvana (glowvanajm.com) → (none)   4.5s/lead · found=41
  [198/1000] Infinisia Sumber Semesta → (none)   4.6s/lead · found=41
  [199/1000] HANORA (hanora.kg) → (none)   4.5s/lead · found=41
  [200/1000] Gidon Cosmetics / G. Cosmetics Group → ili@gidoncosmetics.co.il   4.5s/lead · found=42
  ↺ 브라우저 재시작 (누적 200건 · 발견 42건)
  [201/1000] Fresh Aura Bda → (none)   4.6s/lead · found=42
  [202/1000] Fon Kozmetik (Fon Cosmetics) → info@fonkozmetik.com   4.5s/lead · found=43
  [203/1000] Glimbora Solutions → (none)   4.5s/lead · found=43
  [204/1000] EXOD International → (none)   4.5s/lead · found=43
  [205/1000] FAIN INTERNATIONAL Vietnam branch → adlsr6447@faintrade.com   4.5s/lead · found=44
  [206/1000] EU K-Beauty Distributor (Amazon) — new c → (none)   4.5s/lead · found=44
  [207/1000] Dresnice International Enterprise → sales@barnfort.com   4.5s/lead · found=45
  [208/1000] CommBeauty → commbeauty@outlook.com   4.5s/lead · found=46
  [210/1000] COCO Korean Beauty → (none)   4.4s/lead · found=46
  [211/1000] EU K-Beauty Distributor (Vlad Costas) → (none)   4.4s/lead · found=46
  [211/1000] Care Outlet → (none)   4.4s/lead · found=46
  [212/1000] BoShop → sales@thegioiskinfood.com   4.4s/lead · found=47
  [213/1000] Bogard Asia → sales@makeup.uz   4.4s/lead · found=48
  [214/1000] Belle Lab → sales@thegioiskinfood.com   4.4s/lead · found=49
  [215/1000] Bonita Beauty Cosmetics → jubao@lingying.com   4.4s/lead · found=50
  [216/1000] Gabona → (none)   4.4s/lead · found=50
  [217/1000] BIY Asia → sales@cosmeticindex.com   4.4s/lead · found=51
  [218/1000] BIY Asia → press@google.com   4.4s/lead · found=52
  [219/1000] Bici Cosmetic → dev7561@gmail.com   4.4s/lead · found=53
  [220/1000] Bay Blue → sales@cosmeticindex.com   4.4s/lead · found=54
  [221/1000] Al-Masa Scientific Bureau → (none)   4.4s/lead · found=54
  [222/1000] Al Hafez Trade & Distribution → (none)   4.3s/lead · found=54
  [223/1000] AsianBeautyWholesale.com (Yesasia Tradin → (none)   4.3s/lead · found=54
  [224/1000] YoungMi Store → ventas@youngmi.store   4.3s/lead · found=55
  [225/1000] YoungMi (youngmi.store) → ventas@youngmi.store   4.3s/lead · found=56
  [226/1000] Whites (whites.sa) → online@whites.net   4.3s/lead · found=57
  [227/1000] Belle Lab → jubao@lingying.com   4.3s/lead · found=58
  [228/1000] YesStyle (Anua / Beauty of Joseon author → privacy@yesstyle.com   4.3s/lead · found=59
  [229/1000] ZayaBilgee (Missha / CLIO Mongolia) → dev7561@gmail.com   4.3s/lead · found=60
  [230/1000] Wamak Supplies → info@wamaksupplies.com   4.3s/lead · found=61
  [231/1000] YiWu Daiwang Cosmetic (Peijia 'Vivian' H → jubao@lingying.com   4.3s/lead · found=62
  [232/1000] Victoria International (Victoriaglo) → guswhd0103@naver.com   4.2s/lead · found=63
  [233/1000] urì Korean Skincare (uriskincare.it) → sales@orumskincare.com   4.2s/lead · found=64
  [234/1000] Vegas.pk → support@vegas.pk   4.2s/lead · found=65
  [235/1000] UTN Wholesale (COSRX authorized US whole → info@stagheaddesigns.com   4.2s/lead · found=66
  [236/1000] USA Cosmetics → admin@usacosmetics.com   4.2s/lead · found=67
  [237/1000] The K Beauty (thekbeauty.com) → servizioclienti@thekbeauty.com   4.2s/lead · found=68
  [238/1000] The Gioi Skin Food (Thế Giới Skinfood) → sales@thegioiskinfood.com   4.2s/lead · found=69
  [239/1000] VV Kbeauty Shop (Vientiane) → dev7561@gmail.com   4.2s/lead · found=70
  [240/1000] TheSkinFit (theskinfit.com) → (none)   4.2s/lead · found=70
  ↺ 브라우저 재시작 (누적 240건 · 발견 70건)
  [241/1000] The Beauty Junkie (Beauty Junkie TT) → (none)   4.2s/lead · found=70
  [242/1000] SuperKos → hugh.lee@superkos.co   4.2s/lead · found=71
  [243/1000] SY Enterprises (syenterprisesnepal.com) → (none)   4.2s/lead · found=71
  [244/1000] SY Enterprises Nepal → (none)   4.2s/lead · found=71
  [245/1000] SUPERCOSMETICS → info@supercosmetics.ru   4.2s/lead · found=72
  [246/1000] The Face Shop Oman → info@thefaceshop.om   4.3s/lead · found=73
  [247/1000] The Face Shop Oman → info@thefaceshop.om   4.2s/lead · found=74
  [248/1000] STYLEMITE SHOP (COSRX authorized UK/USA/ → stylemite@stylemite.com   4.2s/lead · found=75
  [249/1000] StyleKorean Arabia → info@stylekoreanarabia.com   4.2s/lead · found=76
  [250/1000] STORE K-BEAUTY → admin.kbeauty@coboplus.com   4.2s/lead · found=77
  [251/1000] STYLEVANA (cross-border DTC) → marketing@stylevana.com   4.2s/lead · found=78
  [252/1000] STYLEVANA (Anua authorized retailer) → marketing@stylevana.com   4.3s/lead · found=79
  [253/1000] Somi Skincare → (none)   4.3s/lead · found=79
  [254/1000] Soko Store (GCC K-beauty) → (none)   4.3s/lead · found=79
  [255/1000] Soko Store → (none)   4.3s/lead · found=79
  [256/1000] SOKO INC. → info@sokoinc.com.uy   4.3s/lead · found=80
  [257/1000] Skinum (skinum.ge) → info@skinum.ge   4.2s/lead · found=81
  [258/1000] Soko Beauty House → tienda@sokobeautyhouse.com   4.2s/lead · found=82
  [259/1000] Skinum → info@skinum.ge   4.2s/lead · found=83
  [260/1000] Skinum (skinum.ge) → info@skinum.ge   4.2s/lead · found=84
  [261/1000] Sparcos → (none)   4.2s/lead · found=84
  [262/1000] Skintalk → (none)   4.2s/lead · found=84
  [263/1000] SkinCare.pl → info@skincare.pl   4.2s/lead · found=85
  [264/1000] SKIN TREATS → (none)   4.3s/lead · found=85
  [265/1000] SKIN TREATS Maldives (skintreatsmv.com) → (none)   4.3s/lead · found=85
  [266/1000] Skin Treats (skintreatsmv.com) → (none)   4.3s/lead · found=85
  [267/1000] Skin Cupid (UK K-beauty retailer + flags → hello@skincupid.co.uk   4.3s/lead · found=86
  [268/1000] Skin Store Pakistan → (none)   4.3s/lead · found=86
  [269/1000] Skin Bae (skinbae.in) → support@skinbae.in   4.3s/lead · found=87
  [270/1000] SIMKA GROUP (simkagroup.lt) → simas@simkagroup.lt   4.3s/lead · found=88
  [271/1000] SIROWA Group → at.sirowa@sirowa.com   4.3s/lead · found=89
  [272/1000] Skin Bae → support@skinbae.in   4.3s/lead · found=90
  [273/1000] Skin Care BD → helloskincarebd@gmail.com   4.3s/lead · found=91
  [274/1000] Shwe Pyi Nann Group → spmh08@gmail.com   4.2s/lead · found=92
  [275/1000] Skin Care BD (Skincarebd.com) → (none)   4.2s/lead · found=92
  [276/1000] Shoppers Choice LLC → sales@shopperschoice.ae   4.2s/lead · found=93
  [277/1000] SKEEN → info@qudo.ro   4.2s/lead · found=94
  [278/1000] Shop Korea Kenya → hello@shopkorea.co.ke   4.2s/lead · found=95
  [279/1000] Seoul of Tokyo (seouloftokyo.co.za) → seouloftokyosa@gmail.com   4.2s/lead · found=96
  [280/1000] Seoulogy → (none)   4.3s/lead · found=96
  ↺ 브라우저 재시작 (누적 280건 · 발견 96건)
  [281/1000] Sammi Shop → cskh@sammishop.com   4.3s/lead · found=97
  [282/1000] Secret Skin → info@secretskin.co.za   4.3s/lead · found=98
  [283/1000] RK Cosmetics (rkcosmetic.in) → kzarselecthotel@gmail.com   4.3s/lead · found=99
  [284/1000] Run Rabbit (runrabbit.lk) → hello@runrabbit.lk   4.3s/lead · found=100
  [285/1000] RunRabbit → hello@runrabbit.lk   4.3s/lead · found=101
  [286/1000] RunRabbit → hello@runrabbit.lk   4.3s/lead · found=102
  [287/1000] Sabex d.o.o. → (none)   4.2s/lead · found=102
  [288/1000] Reto Distribution GmbH → kontakt@reto-distribution.de   4.2s/lead · found=103
  [289/1000] REGY BEAUTY → (none)   4.2s/lead · found=103
  [290/1000] QudoBeauty → info@qudo.ro   4.2s/lead · found=104
  [291/1000] QudoBeauty → info@qudo.ro   4.2s/lead · found=105
  [292/1000] Qudo Beauty (qudobeauty.com) → info@qudo.ro   4.2s/lead · found=106
  [293/1000] Qudo Beauty (Qudo Korean Beauty Care SRL → info@qudo.ro   4.2s/lead · found=107
  [294/1000] Qudo Beauty → info@qudo.ro   4.2s/lead · found=108
  [295/1000] RK Cosmetics → kzarselecthotel@gmail.com   4.2s/lead · found=109
  [296/1000] Pure Raum → hello@pureraum.com   4.2s/lead · found=110
  [297/1000] Rajshree Empire → (none)   4.2s/lead · found=110
  [298/1000] Qogita → sales@qogita.com   4.2s/lead · found=111
  [299/1000] Q-Depot → (none)   4.2s/lead · found=111
  [300/1000] PT Korea Beauty Solutions → kbs.digitalmarketing01@gmail.com   4.2s/lead · found=112
  [301/1000] Princess Cosmetics Qatar (formerly Dobee → princesscosmeticsqatar@gmail.com   4.2s/lead · found=113
  [302/1000] Q-Depot (Japan-serving wholesale) → wholesale@q-depot.com   4.2s/lead · found=114
  [303/1000] Pugy Korean Beauty → (none)   4.2s/lead · found=114
  [304/1000] Pharmacoo Wholesale → info@pharmacoo.com.au   4.2s/lead · found=115
  [305/1000] Pibukor → info@pibukor.com   4.2s/lead · found=116
  [306/1000] Pleea Cosmetics (pleeacosmetics.com) → hola@pleeacosmetics.com   4.2s/lead · found=117
  [307/1000] pH Cosmetic (ENKARU, phcosmetic.ge) → (none)   4.2s/lead · found=117
  [308/1000] Pretty Me Philippines → (none)   4.2s/lead · found=117
  [309/1000] Peach'ly (peachlyonline.com) → peachlyonline@gmail.com   4.2s/lead · found=118
  [310/1000] Peach'ly → peachlyonline@gmail.com   4.2s/lead · found=119
  [311/1000] Peach'ly → peachlyonline@gmail.com   4.2s/lead · found=120
  [312/1000] Pretty Me Philippines → (none)   4.2s/lead · found=120
  [313/1000] ORION XO (Orion Inmotion Pvt Ltd) → contact@orionxoxo.lk   4.2s/lead · found=121
  [314/1000] ORION XO / Orion Inmotion Holding → contact@orionxoxo.lk   4.2s/lead · found=122
  [315/1000] ORION XO Exclusive (Orion Inmotion Holdi → contact@orionxoxo.lk   4.2s/lead · found=123
  [316/1000] Pan Beauty Arabia → (none)   4.2s/lead · found=123
  [317/1000] Orion XO (Orion Inmotion Holding) → contact@orionbeauty.lk   4.2s/lead · found=124
  [318/1000] ORION XO (Orion Inmotion Holding) → contact@orionxoxo.lk   4.2s/lead · found=125
  [319/1000] ORION XO (Orion Inmotion Holding) → contact@orionxoxo.lk   4.2s/lead · found=126
  [320/1000] Perfume Europe (perfumeeurope.com — K-Be → contact@perfumeeurope.com   4.2s/lead · found=127
  ↺ 브라우저 재시작 (누적 320건 · 발견 127건)
  [321/1000] Orion Beauty (orionbeauty.lk) → contact@orionbeauty.lk   4.2s/lead · found=128
  [322/1000] Official KBeauty / OKB (officialkbeauty. → wholesale@officialkbeauty.com   4.2s/lead · found=129
  [323/1000] ORION XO (Orion Inmotion Holding) → contact@orionxoxo.lk   4.2s/lead · found=130
  [324/1000] Official KBeauty (OKB) → wholesale@officialkbeauty.com   4.1s/lead · found=131
  [325/1000] Nordic Beauty Company → info@nordic-beauty.eu   4.1s/lead · found=132
  [326/1000] Nrsen Trading → info@nrsen.sa   4.1s/lead · found=133
  [327/1000] Nrsen Trading — Faisal Alsahli (Founder) → info@nrsen.sa   4.1s/lead · found=134
  [328/1000] Nuty Cosmetics → nutycosmetics@gmail.com   4.1s/lead · found=135
  [329/1000] NIASHA (niasha.ch) → info@niasha.ch   4.1s/lead · found=136
  [330/1000] Navoiy Beauty Cosmetics → mailing-address_-1177-avenue-of-the-americas-5th-floor-new-york-new-york-10036-telephone_-212-901-0890-email_-admin@timesca.com   4.2s/lead · found=137
  [331/1000] NaayIraq → (none)   4.2s/lead · found=137
  [332/1000] Naay (naayiq.com / Blacktech LLC) → (none)   4.2s/lead · found=137
  [333/1000] Nuty Cosmetics → (none)   4.2s/lead · found=137
  [334/1000] Myskin (MS Wholesale) → sales@myskin.dk   4.2s/lead · found=138
  [335/1000] Nayda KBeauty → (none)   4.2s/lead · found=138
  [336/1000] MYKOCO → charmzoneafrica@gmail.com   4.2s/lead · found=139
  [337/1000] Myriad Beauty Qatar → (none)   4.2s/lead · found=139
  [338/1000] MySkin.md → info@myskin.md   4.2s/lead · found=140
  [339/1000] Myriad Beauty → (none)   4.1s/lead · found=140
  [341/1000] MY-KARE (my-kare.com) → sales@my-kare.com   4.1s/lead · found=141
  [341/1000] Naay → (none)   4.1s/lead · found=141
  [342/1000] N7 Global Group → (none)   4.1s/lead · found=141
  [343/1000] MY Lab Africa (mylabafrica.com) → customersupport@mylabafrica.com   4.1s/lead · found=142
  [344/1000] MY Lab Africa (mylabafrica.com) → customersupport@mylabafrica.com   4.1s/lead · found=143
  [345/1000] MY Lab Africa (mylabafrica.com) → partnerships@mylabafrica.com   4.1s/lead · found=144
  [346/1000] MY Lab Africa → customersupport@mylabafrica.com   4.1s/lead · found=145
  [347/1000] MY Lab Africa → customersupport@mylabafrica.com   4.1s/lead · found=146
  [348/1000] My Asia A&K Beauty → wholesale@holika.pl   4.1s/lead · found=147
  [349/1000] MY Lab Africa → customersupport@mylabafrica.com   4.1s/lead · found=148
  [350/1000] MS Wholesale → sales@myskin.dk   4.1s/lead · found=149
  [351/1000] My K Romania → contact@my-k.ro   4.1s/lead · found=150
  [352/1000] My K Romania (my-k.ro) → contact@my-k.ro   4.1s/lead · found=151
  [353/1000] Milmul Distribution → milmuldistribution@gmail.com   4.1s/lead · found=152
  [354/1000] Miiora (miiora.com) → daniele@miiora.com   4.0s/lead · found=153
  [355/1000] Miss & Missy (missandmissy.de) → (none)   4.1s/lead · found=153
  [356/1000] Mikaela Beauty → (none)   4.0s/lead · found=153
  [357/1000] Mikrokosmos d.o.o. → info@mikrokosmos.hr   4.0s/lead · found=154
  [358/1000] Milmul Distribution → milmuldistribution@gmail.com   4.0s/lead · found=155
  [359/1000] MIIN Trade (miintrade.com) → sales@miin-cosmetics.com   4.0s/lead · found=156
  [360/1000] Miloon → (none)   4.0s/lead · found=156
  ↺ 브라우저 재시작 (누적 360건 · 발견 156건)
  [361/1000] Merchantry Global Pte Ltd → enquiry@merchantryglobal.com   4.0s/lead · found=157
  [362/1000] Medi Myanmar Group → contact@medimyanmar.com   4.0s/lead · found=158
  [363/1000] MiiN Italy (within MiiN Cosmetics networ → sales@miin-cosmetics.com   4.0s/lead · found=159
  [364/1000] MiiN Cosmetics / MiiN Trade → sales@miin-cosmetics.com   4.0s/lead · found=160
  [365/1000] Marvel Cosmetics (MISSHA Kuwait) → (none)   4.0s/lead · found=160
  [366/1000] Makeup2Beauty → (none)   4.0s/lead · found=160
  [367/1000] Luxe KBeauty International (lkbeautyintl → (none)   4.0s/lead · found=160
  [368/1000] LUNA Beauty → helloluna.am@gmail.com   4.0s/lead · found=161
  [369/1000] LOVU Beauty Code → info.lovu@gmail.com   4.0s/lead · found=162
  [370/1000] LW-Wholesale (lw-wholesale.com) → info@lw-wholesale.com   4.0s/lead · found=163
  [371/1000] Luxury Distribution (luxurydistribution. → sylvie@luxurydistribution.cz   4.0s/lead · found=164
  [372/1000] Luxury Distribution → sylvie@luxurydistribution.cz   4.1s/lead · found=165
  [373/1000] MAMOSO K-beauty → (none)   4.0s/lead · found=165
  [374/1000] Lyko → (none)   4.1s/lead · found=165
  [375/1000] Lila Beauty → hello@lilabeauty.com.au   4.1s/lead · found=166
  [376/1000] Lenzer Trade OÜ (koreancosmetics.eu) → info@koreancosmetics.eu   4.1s/lead · found=167
  [377/1000] Lam Thảo Cosmetics → cskh@lamthaocosmetic.vn   4.0s/lead · found=168
  [378/1000] Lam Thảo Cosmetics → (none)   4.0s/lead · found=168
  [379/1000] Landing International → (none)   4.1s/lead · found=168
  [380/1000] Laura Rosse (Korea.com.bo) → cosmetin_park@hotmail.com   4.1s/lead · found=169
  [381/1000] Lavuu Cosmetics (lavuucosmetics.com) → ventas@lavuucosmetics.com   4.1s/lead · found=170
  [382/1000] Lady Bonita → info@ladybonita.co.nz   4.0s/lead · found=171
  [383/1000] KUTY México (Belleza Coreana) → (none)   4.1s/lead · found=171
  [384/1000] Lotana → (none)   4.0s/lead · found=171
  [385/1000] Lotana → (none)   4.0s/lead · found=171
  [386/1000] Lady Bonita NZ (authorized distributor) → info@ladybonita.co.nz   4.0s/lead · found=172
  [387/1000] Lakinza → hello@lakinza.ca   4.0s/lead · found=173
  [388/1000] Lakinza → hello@lakinza.ca   4.0s/lead · found=174
  [389/1000] LACOSME GROUP → (none)   4.0s/lead · found=174
  [390/1000] KRX Aesthetics → support@krxaesthetics.com   4.0s/lead · found=175
  [391/1000] KPG Beauty (kpgbeauty.com) → sales@kpgbeauty.com   4.0s/lead · found=176
  [392/1000] KPG Beauty (kpgbeauty.com) → sales@kpgbeauty.com   4.0s/lead · found=177
  [393/1000] KPG Beauty → sales@kpgbeauty.com   4.0s/lead · found=178
  [394/1000] Kosmos Beauty Lab → hello@kosmosbeauty.com   4.0s/lead · found=179
  [395/1000] Kukalemon → (none)   4.0s/lead · found=179
  [396/1000] Kosmos Beauty Lab → (none)   4.0s/lead · found=179
  [397/1000] Kosmos Beauty Lab → (none)   4.0s/lead · found=179
  [398/1000] KOREXPERT → request@korexpert.com   4.0s/lead · found=180
  [399/1000] Kosmos Beauty Lab → (none)   4.0s/lead · found=180
  [400/1000] Korendy Türkiye → destek@korendy.com.tr   4.0s/lead · found=181
  ↺ 브라우저 재시작 (누적 400건 · 발견 181건)
  [401/1000] koreancosmetics.eu → info@koreancosmetics.eu   4.0s/lead · found=182
  [402/1000] KoreaShop.sk → b2b@koreashop.hu   4.0s/lead · found=183
  [403/1000] Koreana International (koreanainternatio → (none)   3.9s/lead · found=183
  [404/1000] Koreana International → (none)   3.9s/lead · found=183
  [405/1000] Korean-Skincare.pk → support@koreanskincarepakistan.com   3.9s/lead · found=184
  [406/1000] Korean-Skincare.pk → support@koreanskincarepakistan.com   3.9s/lead · found=185
  [407/1000] Korean Skincare Supply → info@koreanskincaresupply.com   3.9s/lead · found=186
  [409/1000] Korean Skincare Pakistan → support@koreanskincarepakistan.com   3.9s/lead · found=188
  [409/1000] Korean Skincare Arabia → support@koreanskincarearabia.com   3.9s/lead · found=188
  [411/1000] Korean Skincare Pakistan (korean-skincar → support@koreanskincarepakistan.com   3.9s/lead · found=190
  [411/1000] Korean Skincare Supply (KSS) → info@koreanskincaresupply.com   3.9s/lead · found=190
  [412/1000] Korean Glow Trading → glowhubtrading@gmail.com   3.9s/lead · found=191
  [413/1000] koreancosmetic.gr → (none)   3.9s/lead · found=191
  [414/1000] Korean Cosmetics Worldwide (KCWW) → info@koreancosmeticsinlebanon.com   3.9s/lead · found=192
  [415/1000] Korean Glam By Ameni → contact@korean-glam.tn   3.9s/lead · found=193
  [416/1000] Korean Cosmetics Wholesale (Canary Islan → hello@koreancosmeticwholesale.com   3.9s/lead · found=194
  [417/1000] Korean Cosmetics Peru → (none)   3.9s/lead · found=194
  [418/1000] Korean Cosmetics Bazar (KCB) → kcb.com.bd@gmail.com   3.9s/lead · found=195
  [419/1000] Korean Shop Serbia (koreanshopserbia.com → (none)   3.9s/lead · found=195
  [420/1000] Korean Beauty Nigeria (KBN) → hello@kbeautynigeria.com   3.9s/lead · found=196
  [421/1000] Korean Beauty Nigeria (KBN) → hello@kbeautynigeria.com   3.8s/lead · found=197
  [422/1000] Korean Beauty Point (koreanbeautypoint.c → sales@koreanbeautypoint.com   3.8s/lead · found=198
  [423/1000] Korean Cosmetics Corner → koreancosmetics360@gmail.com   3.8s/lead · found=199
  [424/1000] Korean Beautys → contact@koreanbeautys.com   3.8s/lead · found=200
  [425/1000] Korean Beauty Nigeria (KBN) → hello@kbeautynigeria.com   3.8s/lead · found=201
  [426/1000] Korean Beauty Nigeria (KBN) → hello@kbeautynigeria.com   3.8s/lead · found=202
  [427/1000] Korean Beauty Skincare → (none)   3.8s/lead · found=202
  [428/1000] Korean Beauty Emirates → (none)   3.8s/lead · found=202
  [429/1000] Korean Beauty Albania (KBA) → email@juaj.al   3.8s/lead · found=203
  [430/1000] Korean Beauty (k-beauty.ro) → comenzi@k-beauty.ro   3.8s/lead · found=204
  [431/1000] Korea Cosmetics BN (koreacosmeticsbn.com → (none)   3.8s/lead · found=204
  [432/1000] Korea Cosmetics BN → (none)   3.8s/lead · found=204
  [433/1000] KONA BIOSCIENCES → info@kona.ng   3.8s/lead · found=205
  [434/1000] Kool Seoul (koolseoul.com) → (none)   3.8s/lead · found=205
  [435/1000] KONA Biosciences → (none)   3.8s/lead · found=205
  [436/1000] KONA Biosciences (kona.ng) → info@kona.ng   3.8s/lead · found=206
  [437/1000] Kool Seoul → (none)   3.8s/lead · found=206
  [438/1000] Korean Care BD (kCareBD / kcarebd.com) → (none)   3.8s/lead · found=206
  [439/1000] KoCos Bulgaria Ltd. (kocos.bg) → sales@kocos.bg   3.8s/lead · found=207
  [440/1000] KONA Bioscience (kona.ng) → info@kona.ng   3.8s/lead · found=208
  ↺ 브라우저 재시작 (누적 440건 · 발견 208건)
  [442/1000] KoCos Bulgaria → sales@kocos.bg   3.8s/lead · found=209
  [442/1000] KoCo 4 SA → (none)   3.8s/lead · found=209
  [443/1000] KOCOS Bulgaria → sales@kocos.bg   3.8s/lead · found=210
  [444/1000] KOCO82 (Korean Code 82) → info@genhackmagazine.com   3.8s/lead · found=211
  [445/1000] KIS Beauty Store (Central Retail) → contact@central.co.th   3.8s/lead · found=212
  [446/1000] Kikuubo Suppliers UG (@kikuubo_suppliers → (none)   3.8s/lead · found=212
  [447/1000] KCWW (Korean Cosmetics Worldwide) → info@koreancosmeticsinlebanon.com   3.8s/lead · found=213
  [448/1000] Koba International → support@kobainternational.com   3.8s/lead · found=214
  [449/1000] KbeautyEC → hola@kbeautyec.com   3.8s/lead · found=215
  [450/1000] Kbeauty Nigeria (KBN) → hello@kbeautynigeria.com   3.8s/lead · found=216
  [451/1000] KBeauty Nigeria → hello@kbeautynigeria.com   3.8s/lead · found=217
  [452/1000] Kbeautynz → (none)   3.8s/lead · found=217
  [453/1000] KbeautyEC (kbeautyec.com) → hola@kbeautyec.com   3.8s/lead · found=218
  [454/1000] KC Bazar (Kcbazar Ltd.) → sayed7398@gmail.com   3.8s/lead · found=219
  [455/1000] KC Bazar (Korean Cosmetics Bazar) → sayed7398@gmail.com   3.8s/lead · found=220
  [456/1000] KGLOW (kglowpk.com) → (none)   3.8s/lead · found=220
  [457/1000] Kara Korean Wholesale Store (Kathmandu) → karakoreanstore@gmail.com   3.8s/lead · found=221
  [458/1000] KBeauty Wholesalers (East Africa) → (none)   3.8s/lead · found=221
  [459/1000] Kallos Vietnam → kim@kallos.vn   3.8s/lead · found=222
  [460/1000] K-Young Thailand → kyoungthailand@gmail.com   3.8s/lead · found=223
  [461/1000] KBeauty MX (kbeautymx.com) → (none)   3.8s/lead · found=223
  [462/1000] K-Beauty Vienna → hello@k-beauty.at   3.8s/lead · found=224
  [463/1000] K-BeautyCI → support@k-beautyci.com   3.7s/lead · found=225
  [464/1000] K-Beauty Colombia → info@kbeautycolombia.com   3.7s/lead · found=226
  [465/1000] Kahng (Aurore Bouteille - people-lead) → jubao@lingying.com   3.7s/lead · found=227
  [466/1000] K-Skin Honduras → (none)   3.7s/lead · found=227
  [467/1000] K-Beauty House → info@k-beautyhouse.co.za   3.7s/lead · found=228
  [468/1000] K-Beauty Maroc → contact@kbeauty-maroc.com   3.7s/lead · found=229
  [469/1000] K-Beauty Mart (kbeauty-mart.com) → (none)   3.7s/lead · found=229
  [470/1000] K-Beauty Colombia → info@kbeautycolombia.com   3.7s/lead · found=230
  [471/1000] K-Beauty Latam → (none)   3.7s/lead · found=230
  [472/1000] K-Beauty Bangladesh (kbeautybangladesh.c → k-beautybangladesh@gmail.com   3.7s/lead · found=231
  [473/1000] K Beauty Kenya (kbeautykenya.com) → hello@kbeautykenya.com   3.7s/lead · found=232
  [474/1000] K Beauty Outlet USA (KBOU) → (none)   3.7s/lead · found=232
  [475/1000] K Beauty Kenya → hello@kbeautykenya.com   3.7s/lead · found=233
  [477/1000] K-Beauty Norge AS → jubao@lingying.com   3.7s/lead · found=235
  [477/1000] Justin Beauty (justinbeauty.com) → contact@justinbeauty.com   3.7s/lead · found=235
  [478/1000] Just Cosmetics Cyprus (justcosmetics.cy) → (none)   3.7s/lead · found=235
  [479/1000] JeeShop (jeeshop.eu) → (none)   3.7s/lead · found=235
  [480/1000] JeeShop (jeeshop.eu) → (none)   3.7s/lead · found=235
  ↺ 브라우저 재시작 (누적 480건 · 발견 235건)
  [481/1000] ISEI (isei.pl) → sales@isei.pl   3.7s/lead · found=236
  [482/1000] iBeauty.md → info@ibeauty.md   3.7s/lead · found=237
  [483/1000] Home of Korean Beauty (HOK) → homeofkoreanbeautyng@gmail.com   3.7s/lead · found=238
  [484/1000] HOLIKA HOLIKA Indonesia → online@holikaholika.co.id   3.7s/lead · found=239
  [485/1000] JeeShop → (none)   3.7s/lead · found=239
  [486/1000] Hive K-beauty & K-POP NZ → info@k-beauty.co.nz   3.7s/lead · found=240
  [487/1000] HeavenPrime (Anua authorized US wholesal → contact@heavenprime.com   3.7s/lead · found=241
  [488/1000] JSW Asset Co., Ltd. → info@jswasset.com   3.7s/lead · found=242
  [489/1000] HECA Corp (Herba Color) → info@herbacolor.com   3.7s/lead · found=243
  [490/1000] Hbytala (hbytala.com) → (none)   3.7s/lead · found=243
  [491/1000] Hbytala — Korean cosmetics Lebanon → (none)   3.7s/lead · found=243
  [492/1000] Hbytala → (none)   3.7s/lead · found=243
  [493/1000] Hansung ebusiness → privacy@cision.com   3.7s/lead · found=244
  [494/1000] Harmoniq AB → kundservice@harmoniq.se   3.7s/lead · found=245
  [495/1000] GRLFRND Shop (grlfrndshop.com) → officialgrlfrnd@hotmail.com   3.7s/lead · found=246
  [496/1000] Golden Corner Sdn Bhd → info@goldencorner.com.my   3.7s/lead · found=247
  [497/1000] Hbytala → (none)   3.7s/lead · found=247
  [498/1000] Glowyskin Albania → (none)   3.7s/lead · found=247
  [499/1000] Glowy Skin Kosova → (none)   3.7s/lead · found=247
  [500/1000] Glowy Skin Albania (glowyskinshop.com) → (none)   3.7s/lead · found=247
  [501/1000] Glowy Skin Albania → (none)   3.7s/lead · found=247
  [502/1000] Hana HP Group → contact@beautysummit.ai   3.7s/lead · found=248
  [503/1000] Glow Theory (glowtheory.com) → hello@glowtheory.co.za   3.7s/lead · found=249
  [504/1000] GlowSecret → (none)   3.7s/lead · found=249
  [505/1000] GlowSecret (glowsecret.co.ke) → (none)   3.7s/lead · found=249
  [506/1000] GlowSecret → (none)   3.7s/lead · found=249
  [507/1000] Glow Theory → hello@glowtheory.co.za   3.7s/lead · found=250
  [508/1000] Gangnam Beaute → contact@gangnambeaute.com   3.7s/lead · found=251
  [509/1000] Glimbora Solutions → (none)   3.7s/lead · found=251
  [510/1000] Gekkasei Trading Co., Ltd. → info@gekkasei.co.jp   3.6s/lead · found=252
  [511/1000] Gather Group HK Ltd (CK Yip - people-lea → jubao@lingying.com   3.7s/lead · found=253
  [512/1000] Festinus Beauty (Lily.hr) → info@festinus.hr   3.7s/lead · found=254
  [513/1000] Fine Rituals → (none)   3.7s/lead · found=254
  [514/1000] Fitlife Traders Pvt. Ltd. → info@fitlifetraders.com   3.7s/lead · found=255
  [515/1000] Fitlife Traders Pvt. Ltd. → info@fitlifetraders.com   3.7s/lead · found=256
  [516/1000] Festinus Beauty → info@festinus.hr   3.7s/lead · found=257
  [517/1000] GEK → (none)   3.7s/lead · found=257
  [519/1000] Fast Beauty Indonesia (Fast K. Beauty) → cs@fastkbeauty.com   3.7s/lead · found=258
  [519/1000] GEK (gek.ba) → (none)   3.7s/lead · found=258
  [520/1000] Feel22 Egypt → (none)   3.7s/lead · found=258
  ↺ 브라우저 재시작 (누적 520건 · 발견 258건)
  [521/1000] Faire (US/EU B2B marketplace) → info@epiqueshoppes.com   3.7s/lead · found=259
  [522/1000] Eurokos Cosmetics → (none)   3.7s/lead · found=259
  [523/1000] EXOD International → info@exodint.com   3.7s/lead · found=260
  [525/1000] Eurocosmetics (eurocosmetics-ks.com) → info@eurocosmetics.biz   3.7s/lead · found=262
  [525/1000] Euro Cosmetics → info@eurocosmetics.biz   3.7s/lead · found=262
  [527/1000] Ethel Distribution → sales@paulaschoice.kz   3.7s/lead · found=264
  [527/1000] Ethel Distribution → sales@paulaschoice.kz   3.7s/lead · found=264
  [528/1000] ESLAB Global (eslabglobal.com) → eslabelsalvador@gmail.com   3.7s/lead · found=265
  [529/1000] ES Beauty Closet → (none)   3.7s/lead · found=265
  [530/1000] Emprende Coquetta → (none)   3.7s/lead · found=265
  [531/1000] ES Beauty Closet → info@esbeautycloset.lk   3.7s/lead · found=266
  [532/1000] Emprende Coquetta → (none)   3.7s/lead · found=266
  [533/1000] Dubai Wholesale Store → dubaiwholesale88@gmail.com   3.7s/lead · found=267
  [534/1000] ELMA TRADING → (none)   3.7s/lead · found=267
  [535/1000] Fabella (Fabella Shop) → service-client@fabellashop.com   3.7s/lead · found=268
  [536/1000] Dis-Chem Pharmacies → (none)   3.7s/lead · found=268
  [537/1000] Divinas K-Beauty → ventas@divinaskb.com   3.7s/lead · found=269
  [538/1000] DillyDilly International (dillydilly.ae  → (none)   3.7s/lead · found=269
  [539/1000] Divinas K-Beauty (Divinas Guatemala S.A. → ventas@divinaskb.com   3.7s/lead · found=270
  [540/1000] Dalink Vietnam (dalinkvietnam.com) → admin@dalinkvietnam.com   3.7s/lead · found=271
  [541/1000] Dlux Professional → (none)   3.7s/lead · found=271
  [542/1000] Dalink Vietnam → admin@dalinkvietnam.com   3.7s/lead · found=272
  [543/1000] Cremile B2B (b2b.cremile.com) → sales@cremile.com   3.7s/lead · found=273
  [544/1000] Dalora (dalora.sk) → info@dalora.sk   3.7s/lead · found=274
  [545/1000] Cronus Distribution → contact@cronus-distribution.com   3.7s/lead · found=275
  [546/1000] Cozmetica → (none)   3.7s/lead · found=275
  [547/1000] Costco Wholesale Canada → (none)   3.7s/lead · found=275
  [548/1000] Cosmoprof Asia 2025/2026 — Korean Pavili → info@cosmoprof.it   3.7s/lead · found=276
  [549/1000] Cosibella Wholesale → contact@cosibella-wholesale.com   3.7s/lead · found=277
  [550/1000] CosmoStore Turkmenistan (tm.cosmostore.o → advert@cosmostore.org   3.7s/lead · found=278
  [551/1000] Cosibella Wholesale → contact@cosibella-wholesale.com   3.7s/lead · found=279
  [552/1000] Cosmeticca → (none)   3.7s/lead · found=279
  [553/1000] COREE Korean Cosmetics (coree.ch) → hello@coree.ch   3.7s/lead · found=280
  [554/1000] COOS Cosmetics → info@coos-cosmetics.com   3.7s/lead · found=281
  [555/1000] Cosme Hut (cosmehut.com.au) → (none)   3.7s/lead · found=281
  [557/1000] Commalax PH (I-Jin International Inc.) → commalaxph@gmail.com   3.7s/lead · found=283
  [557/1000] Commalax PH (I-Jin International Inc.) → commalaxph@gmail.com   3.7s/lead · found=283
  [558/1000] Commalax (I-Jin International Inc.) → commalaxph@gmail.com   3.7s/lead · found=284
  [559/1000] COFACA → info@cofaca.com.do   3.6s/lead · found=285
  [560/1000] Cosmoprof Worldwide Bologna — Korean Pav → (none)   3.6s/lead · found=285
  ↺ 브라우저 재시작 (누적 560건 · 발견 285건)
  [561/1000] CEPA India → info@cepaindia.com   3.6s/lead · found=286
  [562/1000] CEPA India → info@cepaindia.com   3.6s/lead · found=287
  [564/1000] Celesta Korea → info@celestakorea.com   3.6s/lead · found=289
  [564/1000] BONIIK → wholesale@boniik.com.au   3.6s/lead · found=289
  [565/1000] CarasaLab → carasa@carasalab.com   3.6s/lead · found=290
  [566/1000] BuyBetter Nigeria → partnerships@buybetter.ng   3.6s/lead · found=291
  [567/1000] Brandworks Baltics OÜ → (none)   3.6s/lead · found=291
  [568/1000] BNC JAPAN / Beauty & Natural Cosmetics → info@bncjapan.co.jp   3.6s/lead · found=292
  [569/1000] Bismid Cosmetics (Abuja) → info@bismidcosmeticsabuja.com   3.6s/lead · found=293
  [570/1000] Blush Me → (none)   3.6s/lead · found=293
  [571/1000] BiY Asia (biy.asia) → hello.biyasia@gmail.com   3.6s/lead · found=294
  [572/1000] Best Buy World Philippines → hello@bestbuyworld.ph   3.6s/lead · found=295
  [573/1000] BicTrading Co., Ltd. → (none)   3.6s/lead · found=295
  [574/1000] Beautyko Import → hello@smuutiskin.com   3.6s/lead · found=296
  [575/1000] Beautyko Import → hello@smuutiskin.com   3.6s/lead · found=297
  [576/1000] BeautyGlance → (none)   3.6s/lead · found=297
  [577/1000] Beautyko Import Ltd → hello@smuutiskin.com   3.6s/lead · found=298
  [578/1000] Beauty-Line Orbico LTD → beauty.line.by@orbico.com   3.6s/lead · found=299
  [579/1000] Beauty2B → sales@beauty2be.ru   3.6s/lead · found=300
  [580/1000] Beauty Wholesale Store → beauty.wholesale.dubai@gmail.com   3.6s/lead · found=301
  [581/1000] Beauty World Cambodia → support@beautyworld.com   3.6s/lead · found=302
  [582/1000] Beauty-Line Orbico LTD → beauty.line.by@orbico.com   3.6s/lead · found=303
  [583/1000] Bellcos → bellcos@bellcos.com.bo   3.6s/lead · found=304
  [584/1000] Beauty Supply Honduras → (none)   3.6s/lead · found=304
  [585/1000] Beauty Supply Honduras → (none)   3.6s/lead · found=304
  [586/1000] Beauty Station (beautystation.ma) → (none)   3.6s/lead · found=304
  [587/1000] Beauty Station (Beautystation.ma) → (none)   3.6s/lead · found=304
  [588/1000] Beauty Garden (beauty-garden.hr) → info@beauty-garden.hr   3.6s/lead · found=305
  [589/1000] Beauty Perfect Croatia → (none)   3.6s/lead · found=305
  [590/1000] Beauty Box Vietnam → hadong.cs@aeonmall-vn.com   3.6s/lead · found=306
  [591/1000] Beauty Glance → (none)   3.6s/lead · found=306
  [592/1000] Beauty Garden → info@beauty-garden.hr   3.6s/lead · found=307
  [593/1000] Beauteers, LLC (Cupidrop) → info@beauteers.com   3.6s/lead · found=308
  [595/1000] Beauty & Me Myanmar Company Limited → info@beautyandmemyanmar.com   3.6s/lead · found=309
  [595/1000] Bay Blue Trading → (none)   3.6s/lead · found=309
  [596/1000] Bandari Beauty → orders@bandaribeauty.com   3.6s/lead · found=310
  [597/1000] Barnfort (Korean Skincare Wholesale Nige → sales@barnfort.com   3.5s/lead · found=311
  [598/1000] Asian Beauty Trade → info@asianbeautytrade.com   3.5s/lead · found=312
  [599/1000] Baku Skin & Hair → info@almedbeauty.com   3.5s/lead · found=313
  [600/1000] ARVIT PHARM → info@avph.by   3.5s/lead · found=314
  ↺ 브라우저 재시작 (누적 600건 · 발견 314건)
  [601/1000] Arumi Korean Cosmetics → (none)   3.6s/lead · found=314
  [602/1000] Arumi Korean Cosmetics → (none)   3.5s/lead · found=314
  [603/1000] Althea Korea → help@althea.kr   3.5s/lead · found=315
  [604/1000] Ambiance Elements → sales@ambianceelements.com   3.5s/lead · found=316
  [605/1000] Adilsons Beauty → info@adilsons.org   3.5s/lead · found=317
  [606/1000] AMALFIS (amalfis.eu) → info@amalfis.eu   3.5s/lead · found=318
  [607/1000] ABK Cosmetics and Perfumes LLC → info@abkcompanies.com   3.5s/lead · found=319
  [608/1000] 4 Seasons Beauty (4seasonsbeauty.pl) → contact@4seasonsbeauty.pl   3.5s/lead · found=320
  [609/1000] Rossmann Polska → (none)   3.5s/lead · found=320
  [610/1000] Aurora Estore → (none)   3.5s/lead · found=320
  [611/1000] 4 Seasons Beauty → contact@4seasonsbeauty.pl   3.5s/lead · found=321
  [612/1000] 4her.lk → info@4her.lk   3.5s/lead · found=322
  [613/1000] ADHARA → (none)   3.5s/lead · found=322
  [614/1000] Sephora Hong Kong (LVMH) → externalcomms@sephora.com   3.5s/lead · found=323
  [615/1000] Nutripharm (Seyoung Noh - people-lead) → (none)   3.5s/lead · found=323
  [616/1000] Mi Mi Korean Cosmetics → mimiglobal@gmail.com   3.5s/lead · found=324
  [617/1000] Olpeo → (none)   3.5s/lead · found=324
  [618/1000] Ksisters → (none)   3.5s/lead · found=324
  [619/1000] John Lewis → (none)   3.5s/lead · found=324
  [620/1000] Primor → (none)   3.5s/lead · found=324
  [621/1000] Fadel Skincare Beauty Lab → (none)   3.5s/lead · found=324
  [622/1000] ARINSKIN Korean Cosmetics Shop → (none)   3.5s/lead · found=324
  [623/1000] Hyeja Distribution (Richard Kim) → jubao@lingying.com   3.5s/lead · found=325
  [624/1000] Valkirias K-Beauty → hola@valkiriasec.com   3.5s/lead · found=326
  [625/1000] Silicon2 Brazil (실리콘투 브라질 법인) → skambassadors@gmail.com   3.5s/lead · found=327
  [626/1000] Sapphire Beauty Booth → (none)   3.5s/lead · found=327
  [627/1000] Source Beauty (sourcebeauty.com) → customerservice@sourcebeauty.com   3.5s/lead · found=328
  [628/1000] MERKURY SA → contact.distribution@merkurysa.pl   3.5s/lead · found=329
  [629/1000] LUNAbeauty (lunabeauty.am) → helloluna.am@gmail.com   3.5s/lead · found=330
  [630/1000] Life Pharmacy (Greencross Health) → back-in-stock@notifyboost.net   3.5s/lead · found=331
  [631/1000] Cosme Kitchen (operated by Marsh Beauty  → (none)   3.5s/lead · found=331
  [632/1000] Landers Superstore → biz@tribune.net.ph   3.5s/lead · found=332
  [633/1000] Sa Sa International Holdings → (none)   3.5s/lead · found=332
  [634/1000] KBeauty.is → (none)   3.5s/lead · found=332
  [635/1000] Daegu Haany University K-beauty Flagship → english@sedaily.com   3.5s/lead · found=333
  [636/1000] Create Beauty → (none)   3.5s/lead · found=333
  [637/1000] Korean Cosmetic Cyprus → dev7561@gmail.com   3.5s/lead · found=334
  [638/1000] Browfox Puerto Rico → mariela@browfoxpr.com   3.5s/lead · found=335
  [639/1000] Hansung USA LLC (Goodai Global USA) → info@goodai-global.us   3.5s/lead · found=336
  [640/1000] Goldapple → (none)   3.5s/lead · found=336
  ↺ 브라우저 재시작 (누적 640건 · 발견 336건)
  [641/1000] Coreana Chile → hola@coreanachile.cl   3.5s/lead · found=337
  [642/1000] Beauty Bridge, Inc. → customercare@beautybridge.com   3.5s/lead · found=338
  [643/1000] April → (none)   3.5s/lead · found=338
  [644/1000] KÜTY → (none)   3.5s/lead · found=338
  [645/1000] Senses K-Beauty → info@senses-kbeauty.de   3.5s/lead · found=339
  [646/1000] Ksisters Germany (ksisters.de) → (none)   3.5s/lead · found=339
  [647/1000] K Beauty World (kbeautyworld.com) → su@email.es   3.5s/lead · found=340
  [648/1000] Juui (Juui Cosmetics) → (none)   3.5s/lead · found=340
  [649/1000] Watsons Indonesia — A Nadia (Senior Buye → (none)   3.5s/lead · found=340
  [650/1000] Watsons Vietnam → (none)   3.5s/lead · found=340
  [651/1000] Watsons Indonesia (PT Duta Intidaya, AS  → (none)   3.5s/lead · found=340
  [652/1000] Ulta Beauty (Stephanie Meyer) → (none)   3.5s/lead · found=340
  [653/1000] blueShepherd GmbH (Happy & Pretty) → hello@happyandpretty.de   3.5s/lead · found=341
  [654/1000] The Beauty Store (Malta) → (none)   3.5s/lead · found=341
  [655/1000] The TJX Companies, Inc. (TJ Maxx / Marsh → (none)   3.5s/lead · found=341
  [656/1000] Skincarekorean (Instagram: koreanbeauty_ → (none)   3.5s/lead · found=341
  [658/1000] Skinhouse Vietnam → contactus@watsons.vn   3.5s/lead · found=343
  [658/1000] Sukoshi Mart → mo@sukoshimart.com   3.5s/lead · found=343
  [659/1000] Sephora (Debbie He) → (none)   3.5s/lead · found=343
  [660/1000] Vogacloset → customercare@vogacloset.com   3.5s/lead · found=344
  [661/1000] Para Des Nations (Parapharmacie Des Nati → (none)   3.5s/lead · found=344
  [662/1000] PUDRA beauty & cosmetics bar → (none)   3.5s/lead · found=344
  [663/1000] STVMART → dev7561@gmail.com   3.5s/lead · found=345
  [664/1000] O.K Mart → support@evendo.com   3.5s/lead · found=346
  [665/1000] Rossmann ČR (Dirk Rossmann GmbH) → (none)   3.5s/lead · found=346
  [666/1000] Mimimi.kg → (none)   3.5s/lead · found=346
  [667/1000] Mend BHS → (none)   3.5s/lead · found=346
  [668/1000] MiiN Cosmetics (Albane Bergamotto) → privacy@miin-cosmetics.com   3.5s/lead · found=347
  [669/1000] MiiN Korean Cosmetics (Lilin Yang) → privacy@miin-cosmetics.com   3.5s/lead · found=348
  [670/1000] PureMart Addis → (none)   3.5s/lead · found=348
  [671/1000] Little Angel (Nkawkaw) → sales@cosmeticindex.com   3.5s/lead · found=349
  [672/1000] Maccaron → (none)   3.5s/lead · found=349
  [673/1000] Kristina Rouzkova - Assortment Director, → (none)   3.5s/lead · found=349
  [674/1000] KR10 Store → support@evendo.com   3.5s/lead · found=350
  [675/1000] K Beauty On Dubai → (none)   3.5s/lead · found=350
  [676/1000] Lille Kanin ApS (Tina Sogaard) → jubao@lingying.com   3.5s/lead · found=351
  [677/1000] LIMESE → (none)   3.5s/lead · found=351
  [678/1000] Galeries Lafayette (K-beauty zone) → (none)   3.5s/lead · found=351
  [679/1000] Havenly Cosmetics → info@cairo360.com   3.5s/lead · found=352
  [680/1000] Dreams Cosméticos → (none)   3.5s/lead · found=352
  ↺ 브라우저 재시작 (누적 680건 · 발견 352건)
  [681/1000] De Prati Beauty / retail buyer route → (none)   3.5s/lead · found=352
  [682/1000] DERACOS.UZ Korean Cosmetics → info@goldenpages.uz   3.5s/lead · found=353
  [683/1000] Chuusi (chuusi.ca) → orders@chuusi.ca   3.4s/lead · found=354
  [684/1000] Costmebeauty BKK → (none)   3.5s/lead · found=354
  [685/1000] Boots (Kirsty Danby) → (none)   3.5s/lead · found=354
  [686/1000] Cosmeceuticals Ltd (Ja In Koo) → jubao@lingying.com   3.5s/lead · found=355
  [687/1000] COSE beauty retail → info@cose.mn   3.5s/lead · found=356
  [688/1000] Bonita Beauty Cosmetics → starbuzz@tripi.vn   3.5s/lead · found=357
  [689/1000] Comax (Tashkent) → adv@wecom.agency   3.5s/lead · found=358
  [690/1000] Bliss Cosmetics Kosovo → (none)   3.5s/lead · found=358
  [691/1000] Bash (TFG) → (none)   3.5s/lead · found=358
  [692/1000] Bloom Skincare (bloom_skincare.et) → (none)   3.5s/lead · found=358
  [693/1000] Audere Beaute → press@google.com   3.5s/lead · found=359
  [694/1000] Beauty Room (Ashgabat) → (none)   3.5s/lead · found=359
  [695/1000] AS Watson (Danny Hoh) → (none)   3.5s/lead · found=359
  [696/1000] YoungMi Store → ventas@youngmi.store   3.5s/lead · found=360
  [697/1000] Yoja.lk → sales@yoja.lk   3.5s/lead · found=361
  [698/1000] Beautyholic → (none)   3.5s/lead · found=361
  [699/1000] Areum CR (areumcr.com) → (none)   3.5s/lead · found=361
  [700/1000] ZINDY BEAUTY → (none)   3.5s/lead · found=361
  [701/1000] Zwine Store (zwine.ma) → zwinestore@gmail.com   3.5s/lead · found=362
  [702/1000] Alexandar Cosmetics → (none)   3.5s/lead · found=362
  [703/1000] Zimolange → (none)   3.5s/lead · found=362
  [704/1000] Zimolange (zimolange.com) → (none)   3.5s/lead · found=362
  [705/1000] Watsans.lk → info@watsans.lk   3.5s/lead · found=363
  [706/1000] Welcia Holdings (Aeon Group) → (none)   3.4s/lead · found=363
  [707/1000] Watsons Singapore → (none)   3.4s/lead · found=363
  [708/1000] Weee! (Sayweee) → support@sayweee.com   3.4s/lead · found=364
  [709/1000] WowSkin Romania → info@wowskin.ro   3.4s/lead · found=365
  [710/1000] Yeppo & Soonsoo → info@yeppo.fi   3.4s/lead · found=366
  [711/1000] Walmart de México y Centroamérica → (none)   3.4s/lead · found=366
  [712/1000] Walmart — K-beauty buying → (none)   3.4s/lead · found=366
  [713/1000] Vitapharm Beauty → (none)   3.4s/lead · found=366
  [714/1000] Vitapharm Beauty → (none)   3.4s/lead · found=366
  [715/1000] Ultra Panama → info@ultrapanama.com   3.4s/lead · found=367
  [716/1000] Yeppeuda (yeppeuda.mk) → info@yeppeuda.mk   3.4s/lead · found=368
  [717/1000] Ulta Beauty — K-beauty category → (none)   3.4s/lead · found=368
  [718/1000] Univers Cosmetix → contact@universcosmetix.com   3.4s/lead · found=369
  [719/1000] Univers Cosmetix (universcosmetix.com) → contact@universcosmetix.com   3.4s/lead · found=370
  [720/1000] Vincom Retail (a member of Vingroup) → (none)   3.5s/lead · found=370
  ↺ 브라우저 재시작 (누적 720건 · 발견 370건)
  [721/1000] Ultra Panama (ultrapanama.com) → info@ultrapanama.com   3.5s/lead · found=371
  [722/1000] Tokopedia (GoTo Group) → (none)   3.4s/lead · found=371
  [723/1000] Tira (Reliance Retail) → (none)   3.4s/lead · found=371
  [724/1000] Tunisia Marka By Ameni → contact@tunisiamarka.com.tn   3.4s/lead · found=372
  [725/1000] TSM Pakistan (tsmpk.com) → info@tsmpk.com   3.4s/lead · found=373
  [726/1000] Tsuruha Holdings → (none)   3.4s/lead · found=373
  [727/1000] TSM (tsmpk.com) → info@tsmpk.com   3.5s/lead · found=374
  [728/1000] THEKSHOP (thekshop.ca) → (none)   3.5s/lead · found=374
  [729/1000] The Lavish Beauty Bay → (none)   3.4s/lead · found=374
  [730/1000] The Cosmetic Store NZ (thecosmeticstore. → info@thecosmeticstore.co.nz   3.4s/lead · found=375
  [731/1000] The Cosmetic Store NZ → info@thecosmeticstore.co.nz   3.4s/lead · found=376
  [732/1000] The Skincare Eshop → contact@theskincareeshop.com   3.4s/lead · found=377
  [733/1000] The Beauty Warehouse Jamaica → (none)   3.4s/lead · found=377
  [734/1000] The Beauty Box Mexico (thebeautyboxmexic → (none)   3.4s/lead · found=377
  [735/1000] Target — K-beauty category → (none)   3.4s/lead · found=377
  [736/1000] Teal Beauty Place RD (tealbeautyplacerd) → (none)   3.4s/lead · found=377
  [737/1000] Sumin K-Beauty Panama → (none)   3.4s/lead · found=377
  [738/1000] Sweet Lilac Store → dev7561@gmail.com   3.4s/lead · found=378
  [739/1000] Sukoshi.com → mo@sukoshimart.com   3.4s/lead · found=379
  [740/1000] Sumin K-Beauty → (none)   3.4s/lead · found=379
  [741/1000] Sunshine → (none)   3.4s/lead · found=379
  [742/1000] Sublime (sublime.md) → info@sublime.md   3.4s/lead · found=380
  [743/1000] Sumin K-Beauty Panama → (none)   3.4s/lead · found=380
  [744/1000] Stv-mart → (none)   3.4s/lead · found=380
  [745/1000] SoKoSkins (sokoskins.shop) → (none)   3.4s/lead · found=380
  [747/1000] SUAMI Korean Beauty Shop → (none)   3.4s/lead · found=380
  [747/1000] STVMART → (none)   3.4s/lead · found=380
  [748/1000] Sociolla (Social Bella) → (none)   3.4s/lead · found=380
  [749/1000] Sokobox (Sokobox.cl) → hola@sokobox.cl   3.4s/lead · found=381
  [750/1000] SoKoSkins (sokoskins.shop) → (none)   3.4s/lead · found=381
  [751/1000] SoKoSkins → (none)   3.4s/lead · found=381
  [752/1000] Soko Beauty House (sokobeautyhouse.com) → tienda@sokobeautyhouse.com   3.4s/lead · found=382
  [753/1000] SoKoSkins (sokoskins.shop) → (none)   3.4s/lead · found=382
  [754/1000] Soko Glam (Charlotte & David Cho) → hello@sokoglam.com   3.4s/lead · found=383
  [755/1000] Soko Store (sokostore.com) → (none)   3.4s/lead · found=383
  [756/1000] Skinterest Store → infos@skintereststore.ma   3.4s/lead · found=384
  [757/1000] Skinkorean Albania → (none)   3.4s/lead · found=384
  [758/1000] SoKoSkins → (none)   3.4s/lead · found=384
  [760/1000] SKINOREA (skinorea.com) → hello@skinorea.com   3.4s/lead · found=386
  [760/1000] SkinLovers (skinlovers.sk) → info@skinlovers.sk   3.4s/lead · found=386
  ↺ 브라우저 재시작 (누적 760건 · 발견 386건)
  [762/1000] Skinum → info@skinum.ge   3.4s/lead · found=388
  [762/1000] Skinum → info@skinum.ge   3.4s/lead · found=388
  [763/1000] Skinum (skinum.ge) → info@skinum.ge   3.4s/lead · found=389
  [764/1000] Skinimo (skinimo.ge) → (none)   3.4s/lead · found=389
  [765/1000] Skinterest Store → infos@skintereststore.ma   3.4s/lead · found=390
  [766/1000] Smets → e-shop@smets.lu   3.4s/lead · found=391
  [767/1000] SkincareZone Malta → support@webador.com   3.4s/lead · found=392
  [768/1000] SkincareZone Malta → support@webador.com   3.4s/lead · found=393
  [769/1000] Skinelixir LB → sales@skinelixirlb.com   3.4s/lead · found=394
  [770/1000] Skinelixir LB (skinelixirlb.com) → sales@skinelixirlb.com   3.4s/lead · found=395
  [771/1000] Skinimo.ge → (none)   3.4s/lead · found=395
  [772/1000] Skinko → (none)   3.4s/lead · found=395
  [773/1000] Skincare Zone Malta → support@webador.com   3.4s/lead · found=396
  [774/1000] SKINAVA → info@skinava.am   3.4s/lead · found=397
  [775/1000] Skin Republik (skinrepublik.co.ke) → (none)   3.4s/lead · found=397
  [776/1000] Skin Store Pakistan (skinstorepakistan.c → (none)   3.4s/lead · found=397
  [777/1000] Skincare.ge → (none)   3.4s/lead · found=397
  [778/1000] SKINAVA → info@skinava.am   3.4s/lead · found=398
  [779/1000] Simpli Cosmetics Kenya (simplicosmetics. → hello@simplicosmetics.co.ke   3.4s/lead · found=399
  [780/1000] Skin Store Ecuador (@skin_store.ec) → (none)   3.4s/lead · found=399
  [781/1000] Skeenlab → contato@skeenlab.com.br   3.4s/lead · found=400
  [782/1000] Skin K Nepal → mail@skinknepal.com   3.4s/lead · found=401
  [783/1000] Skincare MM → info@skincare.com.mm   3.4s/lead · found=402
  [784/1000] Skin K Nepal (skinknepal.com) → mail@skinknepal.com   3.4s/lead · found=403
  [785/1000] Simpli Cosmetics Kenya (simplicosmetics. → hello@simplicosmetics.co.ke   3.4s/lead · found=404
  [786/1000] Skin K Nepal (skinknepal.com) → mail@skinknepal.com   3.4s/lead · found=405
  [787/1000] Simpli Cosmetics Kenya → hello@simplicosmetics.co.ke   3.4s/lead · found=406
  [788/1000] Simpli Cosmetics Kenya → hello@simplicosmetics.co.ke   3.4s/lead · found=407
  [789/1000] Shop Korea Kenya (shopkorea.co.ke) → hello@shopkorea.co.ke   3.4s/lead · found=408
  [790/1000] Sephora USA — K-beauty category → (none)   3.4s/lead · found=408
  [791/1000] Sephora Singapore → (none)   3.4s/lead · found=408
  [792/1000] Skin Care (skincare.ge) → (none)   3.4s/lead · found=408
  [793/1000] Seven Blossoms (sevenblossoms.co.za) → (none)   3.4s/lead · found=408
  [794/1000] Seven Blossoms (sevenblossoms.co.za) → (none)   3.4s/lead · found=408
  [795/1000] Sephora Romania (LVMH) → (none)   3.3s/lead · found=408
  [796/1000] Sephora France (LVMH) → (none)   3.3s/lead · found=408
  [797/1000] Sephora Mexico — K-beauty (skincare core → (none)   3.3s/lead · found=408
  [798/1000] Sephora Poland (LVMH) → (none)   3.3s/lead · found=408
  [799/1000] Seoulmate Korean Beauty Store (Budapest) → support@wolt.com   3.3s/lead · found=409
  [800/1000] Sansa Cosmetics (sansacosmetics.com) → su-email@ejemplo.com   3.3s/lead · found=410
  ↺ 브라우저 재시작 (누적 800건 · 발견 410건)
  [801/1000] Sansa Cosmetics → su-email@ejemplo.com   3.3s/lead · found=411
  [802/1000] Saran Cute (sarancute.com.mx) → (none)   3.3s/lead · found=411
  [803/1000] Sekelem Beaute (sekelem.com) → (none)   3.3s/lead · found=411
  [804/1000] Sally Mexico (Sally Beauty) → contacto@sallybeauty.com   3.3s/lead · found=412
  [805/1000] Selfcare ZW (selfcare-zw.com) → (none)   3.3s/lead · found=412
  [806/1000] Saks Fifth Avenue → (none)   3.3s/lead · found=412
  [807/1000] Sapphire Beauty Booth → (none)   3.3s/lead · found=412
  [808/1000] Rare Skinstore → rareskinstore@gmail.com   3.3s/lead · found=413
  [809/1000] Rare Skinstore → rareskinstore@gmail.com   3.3s/lead · found=414
  [810/1000] Quadis (quadis.mu) → info@stagheaddesigns.com   3.3s/lead · found=415
  [811/1000] Princess Cosmetics Qatar → princesscosmeticsqatar@gmail.com   3.3s/lead · found=416
  [812/1000] Run Rabbit (runrabbit.lk) → hello@runrabbit.lk   3.3s/lead · found=417
  [813/1000] Recap Beauty → (none)   3.3s/lead · found=417
  [814/1000] Princess Cosmetics Qatar → princesscosmeticsqatar@gmail.com   3.3s/lead · found=418
  [815/1000] PinkSeoul (K-beauty subscription box) → love@pinkseoul.com   3.3s/lead · found=419
  [816/1000] Priceline Pharmacy (Wesfarmers Health) → joinpricelinepharmacy@api.net.au   3.3s/lead · found=420
  [817/1000] PURESEOUL → (none)   3.3s/lead · found=420
  [818/1000] Pixie La Bella Bangladesh → customersupport@pixielabellabangladesh.com   3.3s/lead · found=421
  [819/1000] PURESEOUL - Ilham Ali (new contact) → (none)   3.3s/lead · found=421
  [820/1000] Pixie La Bella BD (pixielabellabanglades → customersupport@pixielabellabangladesh.com   3.3s/lead · found=422
  [821/1000] Pleea Cosmetics → hola@pleeacosmetics.com   3.3s/lead · found=423
  [822/1000] Pretty Potions → prettypotionsbw@gmail.com   3.3s/lead · found=424
  [823/1000] Pieleza Ecuador → (none)   3.3s/lead · found=424
  [825/1000] Peacock.lk → info@peacock.lk   3.3s/lead · found=426
  [825/1000] Peacock.lk → info@peacock.lk   3.3s/lead · found=426
  [826/1000] Peacock.lk → info@peacock.lk   3.3s/lead · found=427
  [827/1000] Peaches&Crème → hello@peachesandcremeshop.com   3.3s/lead · found=428
  [828/1000] Peacock.lk → info@peacock.lk   3.3s/lead · found=429
  [829/1000] Peach'ly (peachlyonline.com) → peachlyonline@gmail.com   3.3s/lead · found=430
  [830/1000] Ounass (Al Tayer Group) → customercare@ounass.com   3.3s/lead · found=431
  [831/1000] Peachly Store (peachly.store) → (none)   3.3s/lead · found=431
  [832/1000] Pao Pu (paopu.co) → hola@paopu.co   3.3s/lead · found=432
  [833/1000] Paradiso Cosmetics (inspiredbyparadiso.c → info@inspiredbyparadiso.com   3.3s/lead · found=433
  [834/1000] Peach & Lily (Alicia Yoon) → hello@peachandlily.com   3.3s/lead · found=434
  [835/1000] Paradiso Cosmetics (inspiredbyparadiso.c → info@inspiredbyparadiso.com   3.3s/lead · found=435
  [836/1000] Orion Beauty → contact@orionbeauty.lk   3.3s/lead · found=436
  [837/1000] Olpeo (olpeo.mk) → info@olpeo.mk   3.3s/lead · found=437
  [838/1000] OVS S.p.A. (OVS Beauty) → (none)   3.3s/lead · found=437
  [839/1000] OOTD Beauty (LOOKS by Tops) → (none)   3.3s/lead · found=437
  [840/1000] Oriental Beauty (orientalbeautyxo.com) → orientalbeautyxo@gmail.com   3.3s/lead · found=438
  ↺ 브라우저 재시작 (누적 840건 · 발견 438건)
  [841/1000] ONLY K Greece → onlyk.greece@gmail.com   3.3s/lead · found=439
  [842/1000] ONLY K Greece (onlykgreece.com) → onlyk.greece@gmail.com   3.3s/lead · found=440
  [843/1000] Oceanbuy Beauty → cs@oceanbuy.ca   3.3s/lead · found=441
  [844/1000] OOTD Beauty (Tops LOOKS Bangkok) → (none)   3.3s/lead · found=441
  [845/1000] O-Kare Shop (okareshop.com) → (none)   3.3s/lead · found=441
  [846/1000] Nourish Your Skincare (nourishyourskinca → (none)   3.3s/lead · found=441
  [847/1000] Nubian Beauty (nubianbeautyshop.com) → info@nubianbeautyshop.com   3.3s/lead · found=442
  [848/1000] Nykaa (FSN E-Commerce Ventures) → (none)   3.3s/lead · found=442
  [849/1000] Nubian Beauty (Nubian Beauty Shop) → info@nubianbeautyshop.com   3.3s/lead · found=443
  [850/1000] NoTS Korean Cosmetics (notsalbania) → (none)   3.3s/lead · found=443
  [851/1000] Numi (numi.rs) → support@numi.rs   3.3s/lead · found=444
  [852/1000] Nordstrom — Korean Beauty → (none)   3.3s/lead · found=444
  [853/1000] Nice One Beauty (Nice One KSA) → info@niceonesa.com   3.3s/lead · found=445
  [854/1000] Nice One (niceonesa.com) → info@niceonesa.com   3.3s/lead · found=446
  [855/1000] NewSeoul (newseoul.com.pe) → atencionalcliente@newseoul.pe   3.3s/lead · found=447
  [856/1000] Nectar Beauty Hub → customerservice@nectarbeautyhub.com   3.3s/lead · found=448
  [857/1000] Namshi (Apparel Group / Noon) → (none)   3.3s/lead · found=448
  [858/1000] Noar (noar.rs) → info@noar.rs   3.3s/lead · found=449
  [859/1000] Notino → (none)   3.3s/lead · found=449
  [860/1000] Namshi → (none)   3.3s/lead · found=449
  [861/1000] MySkinBar (myskinbar.cy) → sales@myskinbar.cy   3.3s/lead · found=450
  [862/1000] MySkinBar → sales@myskinbar.cy   3.3s/lead · found=451
  [863/1000] Myntra Beauty (Flipkart Group / Walmart) → (none)   3.3s/lead · found=451
  [864/1000] MySkinBar → sales@myskinbar.cy   3.3s/lead · found=452
  [865/1000] MyLabAfrica → customersupport@mylabafrica.com   3.3s/lead · found=453
  [866/1000] MyLab Africa → customersupport@mylabafrica.com   3.3s/lead · found=454
  [867/1000] Moonglow (moonglow.md) → pr@moonglow.md   3.3s/lead · found=455
  [868/1000] MYKOCO → charmzoneafrica@gmail.com   3.3s/lead · found=456
  [869/1000] MyDutyFree (Baku, Heydar Aliyev Airport) → (none)   3.3s/lead · found=456
  [870/1000] Montesense (montesense.me) → shop@montesense.me   3.3s/lead · found=457
  [871/1000] Mongolian Beauty → mongolianbeauty707@gmail.com   3.3s/lead · found=458
  [872/1000] Montesense (montesense.me) → shop@montesense.me   3.3s/lead · found=459
  [873/1000] Nahdi Medical (Nahdi Online) → (none)   3.3s/lead · found=459
  [874/1000] Moonglow (moonglow.md) → pr@moonglow.md   3.3s/lead · found=460
  [875/1000] MohammediKurdi (mohammedikurdi.com) → (none)   3.3s/lead · found=460
  [876/1000] MohammediKurdi (mohammedikurdi.com) → (none)   3.3s/lead · found=460
  [877/1000] MohammediKurdi → (none)   3.3s/lead · found=460
  [878/1000] Miu K Beauty (miu.pe) → contacto@miu.pe   3.3s/lead · found=461
  [879/1000] Mizuki (mizukimv.com) → (none)   3.3s/lead · found=461
  [880/1000] Moida K-Beauty → (none)   3.3s/lead · found=461
  ↺ 브라우저 재시작 (누적 880건 · 발견 461건)
  [881/1000] Miu K Beauty → contacto@miu.pe   3.3s/lead · found=462
  [882/1000] MK Beauty Club → mkbeautycluborders@mkbeautyclub.com   3.3s/lead · found=463
  [883/1000] Miu K Beauty → contacto@miu.pe   3.3s/lead · found=464
  [884/1000] Minna (minna.pe) → minnaperu@gmail.com   3.3s/lead · found=465
  [885/1000] Mimimi.KG → (none)   3.3s/lead · found=465
  [886/1000] Miinsecrets → info@stagheaddesigns.com   3.3s/lead · found=466
  [887/1000] MilyCR (milycr.com) → info@milycr.com   3.3s/lead · found=467
  [888/1000] Medicare Vietnam → (none)   3.3s/lead · found=467
  [889/1000] Meliora Beauty Shop → (none)   3.3s/lead · found=467
  [890/1000] Meliora Beauty Shop (meliorabeautyshop.e → (none)   3.3s/lead · found=467
  [891/1000] Melange Korea → info@afterglowskin.id   3.3s/lead · found=468
  [892/1000] Me Cosmetics Bahrain (mebeautycosmetics. → (none)   3.3s/lead · found=468
  [893/1000] Matsukiyo Cocokara & Co. (Matsumoto Kiyo → (none)   3.3s/lead · found=468
  [894/1000] MakeUpHye → (none)   3.3s/lead · found=468
  [895/1000] Maissi Beauty Shop (maissibeautyshop.com → administracion@maissibeauty.shop   3.3s/lead · found=469
  [896/1000] Maissi Beauty Shop → administracion@maissibeauty.shop   3.3s/lead · found=470
  [897/1000] Macy's — K-Beauty category → (none)   3.3s/lead · found=470
  [898/1000] Mimi K-Beauty (IMI Beauty) — Mall of San → (none)   3.3s/lead · found=470
  [899/1000] Luxodia → tiendanube@luxodia.com   3.3s/lead · found=471
  [900/1000] LUNAbeauty (lunabeauty.am) → helloluna.am@gmail.com   3.3s/lead · found=472
  [901/1000] Mannings (DFI Retail Group) → (none)   3.3s/lead · found=472
  [902/1000] LUNAbeauty.am → helloluna.am@gmail.com   3.3s/lead · found=473
  [903/1000] Luxury Beauty ZM → hello@luxurybeautyzm.com   3.3s/lead · found=474
  [905/1000] MadeInKorea.kz → (none)   3.3s/lead · found=475
  [905/1000] LUNA Beauty → helloluna.am@gmail.com   3.3s/lead · found=475
  [906/1000] LUNA Beauty → helloluna.am@gmail.com   3.3s/lead · found=476
  [907/1000] LUNO (luno.ao) → apoio@luno.ao   3.3s/lead · found=477
  [908/1000] LUNA Beauty (lunabeauty.am) → helloluna.am@gmail.com   3.3s/lead · found=478
  [909/1000] LOVU Beauty Code (lovu.md) → info.lovu@gmail.com   3.3s/lead · found=479
  [910/1000] Lucy Makeup Store → info@lucymakeup.com   3.3s/lead · found=480
  [911/1000] LOOKS Beauty Store (Tops / Central Retai → (none)   3.2s/lead · found=480
  [912/1000] Life Healthcare Group (LHG) → (none)   3.2s/lead · found=480
  [913/1000] Luma (holaluma.com) → (none)   3.2s/lead · found=480
  [914/1000] London Drugs (Western Canada) → (none)   3.2s/lead · found=480
  [915/1000] Loft (Seibu HD / Loft Co.) → (none)   3.2s/lead · found=480
  [916/1000] lecoreane → (none)   3.2s/lead · found=480
  [917/1000] LOOKFANTASTIC (THG) → (none)   3.2s/lead · found=480
  [918/1000] LeCoreane → (none)   3.2s/lead · found=480
  [919/1000] LECO (leco.rs) → (none)   3.3s/lead · found=480
  [920/1000] Lazada Group (Alibaba) → lazada-tech-infra@lazada.com   3.3s/lead · found=481
  ↺ 브라우저 재시작 (누적 920건 · 발견 481건)
  [921/1000] Lavuu Korean Skincare → ventas@lavuucosmetics.com   3.3s/lead · found=482
  [923/1000] LabKo → atendimento@labko.com.br   3.3s/lead · found=484
  [923/1000] LabKo (labko.com.br) → atendimento@labko.com.br   3.3s/lead · found=484
  [924/1000] Landing International → (none)   3.3s/lead · found=484
  [925/1000] KÜTY (kuty.mx) → (none)   3.3s/lead · found=484
  [926/1000] KUMI Korean Shop → contacto@kumikoreanshop.com   3.3s/lead · found=485
  [927/1000] Kutie Beauty Mexico (kbeautymexico.com) → (none)   3.3s/lead · found=485
  [928/1000] La Paz Cosmetics → (none)   3.3s/lead · found=485
  [929/1000] KUMI Korean Shop → contacto@kumikoreanshop.com   3.3s/lead · found=486
  [931/1000] Kskin Cosmeceuticals → nina@kskin.ie   3.3s/lead · found=488
  [931/1000] Kskin Cosmeceuticals (kskin.ie) → nina@kskin.ie   3.3s/lead · found=488
  [932/1000] Ksisters (ksisters.lv) → (none)   3.3s/lead · found=488
  [933/1000] Kshop (kshop.uz) → kshopkoreauz@gmail.com   3.3s/lead · found=489
  [934/1000] Ksisters Hungary (ksisters.hu) → (none)   3.3s/lead · found=489
  [935/1000] Kukalemon → (none)   3.3s/lead · found=489
  [936/1000] Ksisters → (none)   3.3s/lead · found=489
  [937/1000] Kristyl Beauty → (none)   3.3s/lead · found=489
  [938/1000] Kosmetics CR (kosmeticscr.com) → (none)   3.3s/lead · found=489
  [939/1000] Kronans Apotek → (none)   3.3s/lead · found=489
  [940/1000] KoreShop → (none)   3.3s/lead · found=489
  [941/1000] KRKR (krkr.com.ua) → info@krkr.com.ua   3.3s/lead · found=490
  [942/1000] Koreshop (koreshop.com.tr) → (none)   3.3s/lead · found=490
  [943/1000] Koreashop.md → info@koreashop.md   3.3s/lead · found=491
  [944/1000] KoreanBeauty.ma → (none)   3.3s/lead · found=491
  [945/1000] koreancosmetic.gr → (none)   3.3s/lead · found=491
  [946/1000] Koreanbeauty.ma → (none)   3.3s/lead · found=491
  [947/1000] KoreaShop.hr → b2b@koreashop.hu   3.3s/lead · found=492
  [948/1000] Koreanbeauty.no → (none)   3.3s/lead · found=492
  [949/1000] Korean Shop BD → koreanshopbangladesh@gmail.com   3.3s/lead · found=493
  [950/1000] Korean Shop Serbia → (none)   3.3s/lead · found=493
  [951/1000] Korean Skin Lab (koreanskinlabcy.com) → (none)   3.3s/lead · found=493
  [952/1000] Korean Shop Bangladesh → koreanshopbangladesh@gmail.com   3.3s/lead · found=494
  [953/1000] Korean Shop Monte (en.koreanshopmonte.co → (none)   3.3s/lead · found=494
  [954/1000] Korean Megastore Belle (kmbelle.com) → (none)   3.3s/lead · found=494
  [955/1000] Korean Shop (kshopcosmetics.com) → (none)   3.3s/lead · found=494
  [956/1000] Korean Megastore Belle (KM Belle) → (none)   3.3s/lead · found=494
  [957/1000] Korean Glow → koreanglow.in@gmail.com   3.3s/lead · found=495
  [958/1000] Korean Good (koreangood.tn) → contact@koreangood.tn   3.2s/lead · found=496
  [959/1000] Korean Glam By Ameni → contact@korean-glam.tn   3.2s/lead · found=497
  [960/1000] Korean Megastore Belle (KMBelle) → (none)   3.3s/lead · found=497
  ↺ 브라우저 재시작 (누적 960건 · 발견 497건)
  [961/1000] Korean Glam By Ameni (korean-glam.tn) → contact@korean-glam.tn   3.3s/lead · found=498
  [962/1000] Korean Cosmetics Love → (none)   3.3s/lead · found=498
  [963/1000] Korean Cosmetics Peru (koreancosmetics.p → (none)   3.3s/lead · found=498
  [964/1000] Korean Colors México → (none)   3.3s/lead · found=498
  [965/1000] Korean Cosmetics Corner (koreancosmetics → koreancosmetics360@gmail.com   3.3s/lead · found=499
  [966/1000] Korean Beauty RD (koreanbeauty.rd) → (none)   3.3s/lead · found=499
  [967/1000] Korean Beauty Qatar (kbeauty.qa) → support@kbeauty.qa   3.3s/lead · found=500
  [968/1000] Korean Beauty Point (koreanbeautypoint.c → sales@koreanbeautypoint.com   3.3s/lead · found=501
  [969/1000] Korean Beauty Point → sales@koreanbeautypoint.com   3.3s/lead · found=502
  [970/1000] Korean Beauty Shop EU (koreanbeautyshope → (none)   3.3s/lead · found=502
  [971/1000] Korean Beauty Products (Amman) → (none)   3.3s/lead · found=502
  [972/1000] Korean Beauty House Erbil (@kbeautyhouse → (none)   3.3s/lead · found=502
  [973/1000] Korean Beauty House Erbil (@kbeautyhouse → (none)   3.3s/lead · found=502
  [974/1000] Korean Beauty House Erbil (@kbeautyhouse → (none)   3.3s/lead · found=502
  [975/1000] Korean Beauty Jordan → dev7561@gmail.com   3.3s/lead · found=503
  [976/1000] Korean Beauty Concept (koreanbeautyconce → conceptkoreanbeauty@gmail.com   3.3s/lead · found=504
  [977/1000] Korean Beauty DZ (koreanbeautydz.com) → (none)   3.3s/lead · found=504
  [978/1000] Korean Beauty Concept → conceptkoreanbeauty@gmail.com   3.3s/lead · found=505
  [979/1000] Korean Beauty on Indonesia → (none)   3.3s/lead · found=505
  [980/1000] Korean Beauty Algeria (koreanbeautydz.co → (none)   3.3s/lead · found=505
  [981/1000] Korean Beauty Albania (koreanbeautyalban → (none)   3.3s/lead · found=505
  [982/1000] Korean Beauty Bosnia (koreanbeautybosnia → info@timeweb.ru   3.3s/lead · found=506
  [983/1000] Korea Town (Boutiqaat) → support@boutiqaat.com   3.3s/lead · found=507
  [984/1000] Korean & Top Brands (korean-topbrands.co → (none)   3.3s/lead · found=507
  [985/1000] Koreamour (koreamour.com) → info@koreamour.com   3.3s/lead · found=508
  [986/1000] Korea.lt → (none)   3.3s/lead · found=508
  [987/1000] Korea Skin Uruguay → (none)   3.3s/lead · found=508
  [988/1000] Korean Beauty House Egypt → (none)   3.3s/lead · found=508
  [989/1000] Kore4n → hola@kore4n.com   3.3s/lead · found=509
  [990/1000] Kore Beauty Shop → (none)   3.3s/lead · found=509
  [991/1000] Kore Beauty Shop (korebeauty.shop) → (none)   3.3s/lead · found=509
  [992/1000] Kool Seoul (koolseoul.com) → (none)   3.3s/lead · found=509
  [993/1000] Kore And Beauty → info@koreandbeauty.com   3.3s/lead · found=510
  [994/1000] Korea Cosmetics BN → dev7561@gmail.com   3.3s/lead · found=511
  [995/1000] Kool Seoul (koolseoul.com) → (none)   3.3s/lead · found=511
  [996/1000] Kool Seoul → (none)   3.3s/lead · found=511
  [997/1000] Kool Seoul → (none)   3.3s/lead · found=511
  [998/1000] Kool Seoul (koolseoul.com) → (none)   3.3s/lead · found=511
  [999/1000] Kollab (kollab.com.br) → (none)   3.3s/lead · found=511
  [1000/1000] Kollab (kollab.com.br) → (none)   3.3s/lead · found=511
▪ 완료 · 시간 3314.2s · 처리 1000 · 발견 511 · 승격 511
